
RAxML-NG v. 1.2.2 released on 11.04.2024 by The Exelixis Lab.
Developed by: Alexey M. Kozlov and Alexandros Stamatakis.
Contributors: Diego Darriba, Tomas Flouri, Benoit Morel, Sarah Lutteropp, Ben Bettisworth, Julia Haag, Anastasis Togkousidis.
Latest version: https://github.com/amkozlov/raxml-ng
Questions/problems/suggestions? Please visit: https://groups.google.com/forum/#!forum/raxml

System: 13th Gen Intel(R) Core(TM) i5-13500H, 12 cores, 31 GB RAM (allocated: 8 physical cores)

RAxML-NG was called at 16-May-2026 11:52:15 as follows:

raxml-ng --search --msa /home/ha/Code/final_thesis/data_phylov2/dna/test/18/data.phy --tree /home/ha/Code/final_thesis/data_phylov2/dna/test/18/start.newick --model GTR{0.46246/0.54078/0.00091/0.55564/0.37743/1.00000}+I{0.000}+G{2.945}+F{0.28583/0.24792/0.23804/0.22821} --prefix /home/ha/Code/final_thesis/data_phylov2/precompute/18/18_infer --threads 1 --seed 42 --force perf_threads --redo

Analysis options:
  run mode: ML tree search
  start tree(s): user
  random seed: 42
  tip-inner: OFF
  pattern compression: ON
  per-rate scalers: OFF
  site repeats: ON
  logLH epsilon: general: 10.000000, brlen-triplet: 1000.000000
  fast spr radius: AUTO
  spr subtree cutoff: 1.000000
  fast CLV updates: ON
  branch lengths: proportional (ML estimate, algorithm: NR-FAST)
  SIMD kernels: AVX2
  parallelization: coarse-grained (auto), NONE/sequential

WARNING: Running in REDO mode: existing checkpoints are ignored, and all result files will be overwritten!

WARNING: Running in FORCE mode: some safety checks are disabled!

[00:00:00] Reading alignment from file: /home/ha/Code/final_thesis/data_phylov2/dna/test/18/data.phy
[00:00:00] Loaded alignment with 12 taxa and 468 sites

WARNING: Sequences Sp001 and Sp004 are exactly identical!
WARNING: Sequences Sp007 and Sp009 are exactly identical!
WARNING: Sequences Sp008 and Sp011 are exactly identical!
WARNING: Duplicate sequences found: 3

NOTE: Reduced alignment (with duplicates and gap-only sites/taxa removed) 
NOTE: was saved to: /home/ha/Code/final_thesis/data_phylov2/precompute/18/18_infer.raxml.reduced.phy

Alignment comprises 1 partitions and 31 patterns

Partition 0: noname
Model: GTR{0.46246/0.54078/0.00091/0.55564/0.37743/1}+FU{0.28583/0.24792/0.23804/0.22821}+IU{0}+G4m{2.945}
Alignment sites / patterns: 468 / 31
Gaps: 4.54 %
Invariant sites: 28.42 %


NOTE: Binary MSA file created: /home/ha/Code/final_thesis/data_phylov2/precompute/18/18_infer.raxml.rba

Parallelization scheme autoconfig: 1 worker(s) x 1 thread(s)

[00:00:00] Loading user starting tree(s) from: /home/ha/Code/final_thesis/data_phylov2/dna/test/18/start.newick
Parallel reduction/worker buffer size: 1 KB  / 0 KB

[00:00:00] Data distribution: max. partitions/sites/weight per thread: 1 / 31 / 496
[00:00:00] Data distribution: max. searches per worker: 1

Starting ML tree search with 1 distinct starting trees

[00:00:00 -1323.410277] Initial branch length optimization
[00:00:00 -1323.116291] Model parameter optimization (eps = 10.000000)
[00:00:00 -1323.116288] AUTODETECT spr round 1 (radius: 5)
[00:00:00 -1323.116288] SPR radius for FAST iterations: 5 (autodetect)
[00:00:00 -1323.116288] Model parameter optimization (eps = 3.000000)
[00:00:00 -1323.116288] FAST spr round 1 (radius: 5)
[00:00:00 -1323.116288] Model parameter optimization (eps = 1.000000)
[00:00:00 -1323.116288] SLOW spr round 1 (radius: 5)
[00:00:00 -1323.004672] SLOW spr round 2 (radius: 10)
[00:00:00 -1323.004672] Model parameter optimization (eps = 0.100000)

[00:00:00] ML tree search #1, logLikelihood: -1323.004672


Optimized model parameters:

   Partition 0: noname
   Rate heterogeneity: GAMMA (4 cats, mean),  alpha: 2.945000 (user),  weights&rates: (0.250000,0.384962) (0.250000,0.728437) (0.250000,1.082231) (0.250000,1.804371) 
   P-inv (user): 0.000000
   Base frequencies (user): 0.285830 0.247920 0.238040 0.228210 
   Substitution rates (user): 0.462460 0.540780 0.000910 0.555640 0.377430 1.000000 


Final LogLikelihood: -1323.004672

AIC score: 2688.009344 / AICc score: 2690.081093 / BIC score: 2775.127178
Free parameters (model + branch lengths): 21

WARNING: Best ML tree contains 4 near-zero branches!

Best ML tree with collapsed near-zero branches saved to: /home/ha/Code/final_thesis/data_phylov2/precompute/18/18_infer.raxml.bestTreeCollapsed
Best ML tree saved to: /home/ha/Code/final_thesis/data_phylov2/precompute/18/18_infer.raxml.bestTree
Optimized model saved to: /home/ha/Code/final_thesis/data_phylov2/precompute/18/18_infer.raxml.bestModel

Execution log saved to: /home/ha/Code/final_thesis/data_phylov2/precompute/18/18_infer.raxml.log

Analysis started: 16-May-2026 11:52:15 / finished: 16-May-2026 11:52:15

Elapsed time: 0.016 seconds

