
RAxML-NG v. 1.2.2 released on 11.04.2024 by The Exelixis Lab.
Developed by: Alexey M. Kozlov and Alexandros Stamatakis.
Contributors: Diego Darriba, Tomas Flouri, Benoit Morel, Sarah Lutteropp, Ben Bettisworth, Julia Haag, Anastasis Togkousidis.
Latest version: https://github.com/amkozlov/raxml-ng
Questions/problems/suggestions? Please visit: https://groups.google.com/forum/#!forum/raxml

System: AMD Eng Sample: 100-000000425_37/24_N, 64 cores, 503 GB RAM

RAxML-NG was called at 05-May-2026 03:22:57 as follows:

raxml-ng --search --msa /root/final_thesis/data/dna/test/37/data.phy --tree /root/final_thesis/data/dna/test/37/start.newick --model GTR{0.51260/2.37536/1.54721/0.49108/4.08204/1.00000}+I{0.382}+G{0.533}+F{0.24099/0.22139/0.32952/0.20810} --prefix precompute/37/37_infer --threads auto --seed 42 --force perf_threads

Analysis options:
  run mode: ML tree search
  start tree(s): user
  random seed: 42
  tip-inner: OFF
  pattern compression: ON
  per-rate scalers: OFF
  site repeats: ON
  logLH epsilon: general: 10.000000, brlen-triplet: 1000.000000
  fast spr radius: AUTO
  spr subtree cutoff: 1.000000
  fast CLV updates: ON
  branch lengths: proportional (ML estimate, algorithm: NR-FAST)
  SIMD kernels: AVX2
  parallelization: coarse-grained (auto), PTHREADS (auto)

WARNING: Running in FORCE mode: some safety checks are disabled!

[00:00:00] Reading alignment from file: /root/final_thesis/data/dna/test/37/data.phy
[00:00:00] Loaded alignment with 20 taxa and 1589 sites

WARNING: Sequences Sp015 and Sp016 are exactly identical!
WARNING: Duplicate sequences found: 1

NOTE: Reduced alignment (with duplicates and gap-only sites/taxa removed) 
NOTE: was saved to: /root/final_thesis/precompute/37/37_infer.raxml.reduced.phy

Alignment comprises 1 partitions and 628 patterns

Partition 0: noname
Model: GTR{0.5126/2.37536/1.54721/0.49108/4.08204/1}+FU{0.24099/0.22139/0.32952/0.2081}+IU{0.382}+G4m{0.533}
Alignment sites / patterns: 1589 / 628
Gaps: 7.10 %
Invariant sites: 60.42 %


NOTE: Binary MSA file created: precompute/37/37_infer.raxml.rba

Parallelization scheme autoconfig: 1 worker(s) x 6 thread(s)

[00:00:00] Loading user starting tree(s) from: /root/final_thesis/data/dna/test/37/start.newick
Parallel reduction/worker buffer size: 1 KB  / 0 KB

[00:00:00] Data distribution: max. partitions/sites/weight per thread: 1 / 105 / 1680
[00:00:00] Data distribution: max. searches per worker: 1

Starting ML tree search with 1 distinct starting trees

[00:00:00 -12673.676419] Initial branch length optimization
[00:00:00 -10842.011947] Model parameter optimization (eps = 10.000000)
[00:00:00 -10840.866372] AUTODETECT spr round 1 (radius: 5)
[00:00:00 -10210.038290] AUTODETECT spr round 2 (radius: 10)
[00:00:00 -10015.622275] AUTODETECT spr round 3 (radius: 15)
[00:00:00 -10014.230750] AUTODETECT spr round 4 (radius: 20)
[00:00:00 -10013.808126] SPR radius for FAST iterations: 20 (autodetect)
[00:00:00 -10013.808126] Model parameter optimization (eps = 3.000000)
[00:00:00 -10013.678744] FAST spr round 1 (radius: 20)
[00:00:00 -9496.744471] FAST spr round 2 (radius: 20)
[00:00:00 -9490.967517] Model parameter optimization (eps = 1.000000)
[00:00:00 -9490.955342] SLOW spr round 1 (radius: 5)
[00:00:00 -9490.201329] SLOW spr round 2 (radius: 10)
[00:00:00 -9490.160709] SLOW spr round 3 (radius: 15)
[00:00:00 -9490.158120] SLOW spr round 4 (radius: 20)
[00:00:00 -9490.157954] Model parameter optimization (eps = 0.100000)

[00:00:00] ML tree search #1, logLikelihood: -9490.157945


Optimized model parameters:

   Partition 0: noname
   Rate heterogeneity: GAMMA (4 cats, mean),  alpha: 0.533000 (user),  weights&rates: (0.250000,0.039655) (0.250000,0.272914) (0.250000,0.842870) (0.250000,2.844560) 
   P-inv (user): 0.382000
   Base frequencies (user): 0.240990 0.221390 0.329520 0.208100 
   Substitution rates (user): 0.512600 2.375360 1.547210 0.491080 4.082040 1.000000 


Final LogLikelihood: -9490.157945

AIC score: 19054.315890 / AICc score: 19056.128914 / BIC score: 19253.037717
Free parameters (model + branch lengths): 37

Best ML tree saved to: /root/final_thesis/precompute/37/37_infer.raxml.bestTree
Optimized model saved to: /root/final_thesis/precompute/37/37_infer.raxml.bestModel

Execution log saved to: /root/final_thesis/precompute/37/37_infer.raxml.log

Analysis started: 05-May-2026 03:22:57 / finished: 05-May-2026 03:22:57

Elapsed time: 0.242 seconds

