IQ-TREE version 3.1.1 for Linux x86 64-bit built Apr  8 2026
Developed by Bui Quang Minh, Thomas Wong, Nhan Ly-Trong, Huaiyan Ren
Contributed by Lam-Tung Nguyen, Dominik Schrempf, Chris Bielow,
Olga Chernomor, Michael Woodhams, Diep Thi Hoang, Heiko Schmidt

Host:    ha-ThinkPad-E14-Gen-5 (AVX2, FMA3, 31 GB RAM)
Command: iqtree3 -s /home/ha/Code/final_thesis/data_phylov2/dna/test/37/data.phy -t /home/ha/Code/final_thesis/data_phylov2/dna/test/37/start.newick -m GTR{1.26716,4.21910,0.81028,1.63423,4.16380}+F{0.31582,0.20173,0.21180,0.27064}+I{0.756}+G4{0.925} --prefix /home/ha/Code/final_thesis/data_phylov2/precompute/37/37_infer -T 1 --redo
Seed:    527064 (Using SPRNG - Scalable Parallel Random Number Generator)
Time:    Sat May 16 11:52:39 2026
Kernel:  AVX+FMA - 1 threads (16 CPU cores detected)

HINT: Use -nt option to specify number of threads because your CPU has 16 cores!
HINT: -nt AUTO will automatically determine the best number of threads to use.

Reading alignment file /home/ha/Code/final_thesis/data_phylov2/dna/test/37/data.phy ... Phylip format detected
Alignment most likely contains DNA/RNA sequences
Constructing alignment: done in 0.00638762 secs using 81.41% CPU
Alignment has 20 sequences with 2772 columns, 202 distinct patterns
56 parsimony-informative, 148 singleton sites, 2568 constant sites
       Gap/Ambiguity  Composition  p-value
Analyzing sequences: done in 5.6728e-05 secs using 93.43% CPU
   1  Sp000    1.37%    passed     99.57%
   2  Sp001    0.36%    passed     99.27%
   3  Sp002    0.43%    passed     99.86%
   4  Sp003    0.94%    passed     99.76%
   5  Sp004    0.11%    passed     99.58%
   6  Sp005    0.51%    passed     99.85%
   7  Sp006    0.65%    passed     99.81%
   8  Sp007    0.87%    passed     99.96%
   9  Sp008    1.01%    passed     99.41%
  10  Sp009    1.33%    passed     99.99%
  11  Sp010    0.90%    passed     99.68%
  12  Sp011    1.12%    passed     99.80%
  13  Sp012    0.83%    passed     99.97%
  14  Sp013    0.54%    passed     99.89%
  15  Sp014    1.19%    passed     99.07%
  16  Sp015    0.79%    passed     99.76%
  17  Sp016    0.69%    passed     99.53%
  18  Sp017    1.73%    passed     99.73%
  19  Sp018    0.61%    passed     99.58%
  20  Sp019    0.51%    passed     99.82%
****  TOTAL    0.82%  0 sequences failed composition chi2 test (p-value<5%; df=3)
Checking for duplicate sequences: done in 0.000158609 secs using 66.2% CPU
Reading input tree file /home/ha/Code/final_thesis/data_phylov2/dna/test/37/start.newick ...
WARNING: Normalizing State frequencies so that sum of them equals to 1

NOTE: 0 MB RAM (0 GB) is required!
Estimate model parameters (epsilon = 0.100)
1. Initial log-likelihood: -5756.345
Optimal log-likelihood: -5756.346
Rate parameters:  A-C: 1.26716  A-G: 4.21910  A-T: 0.81028  C-G: 1.63423  C-T: 4.16380  G-T: 1.00000
Base frequencies:  A: 0.316  C: 0.202  G: 0.212  T: 0.271
Proportion of invariable sites: 0.756
Gamma shape alpha: 0.925
Parameters optimization took 1 rounds (0.006 sec)
Wrote distance file to... 

Do NNI search on 1 best initial trees
Estimate model parameters (epsilon = 0.100)
BETTER TREE FOUND at iteration 1: -5745.509
Finish initializing candidate tree set (2)
Current best tree score: -5745.509 / CPU time: 0.048
Number of iterations: 1
--------------------------------------------------------------------
|               OPTIMIZING CANDIDATE TREE SET                      |
--------------------------------------------------------------------
Estimate model parameters (epsilon = 0.100)
BETTER TREE FOUND at iteration 5: -5743.328
Estimate model parameters (epsilon = 0.100)
BETTER TREE FOUND at iteration 9: -5739.414
Iteration 10 / LogL: -5745.674 / Time: 0h:0m:0s
UPDATE BEST LOG-LIKELIHOOD: -5739.412
Iteration 20 / LogL: -5743.335 / Time: 0h:0m:0s
UPDATE BEST LOG-LIKELIHOOD: -5739.412
UPDATE BEST LOG-LIKELIHOOD: -5739.412
Iteration 30 / LogL: -5739.412 / Time: 0h:0m:0s (0h:0m:0s left)
Iteration 40 / LogL: -5743.580 / Time: 0h:0m:0s (0h:0m:0s left)
Iteration 50 / LogL: -5743.392 / Time: 0h:0m:0s (0h:0m:0s left)
Iteration 60 / LogL: -5743.332 / Time: 0h:0m:0s (0h:0m:0s left)
Iteration 70 / LogL: -5742.801 / Time: 0h:0m:0s (0h:0m:0s left)
UPDATE BEST LOG-LIKELIHOOD: -5739.412
Iteration 80 / LogL: -5744.157 / Time: 0h:0m:0s (0h:0m:0s left)
Iteration 90 / LogL: -5745.674 / Time: 0h:0m:0s (0h:0m:0s left)
Iteration 100 / LogL: -5743.330 / Time: 0h:0m:1s (0h:0m:0s left)
Iteration 110 / LogL: -5739.413 / Time: 0h:0m:1s (0h:0m:-1s left)
TREE SEARCH COMPLETED AFTER 110 ITERATIONS / Time: 0h:0m:1s

--------------------------------------------------------------------
|                    FINALIZING TREE SEARCH                        |
--------------------------------------------------------------------
Performs final model parameters optimization
Estimate model parameters (epsilon = 0.010)
1. Initial log-likelihood: -5739.412
Optimal log-likelihood: -5739.412
Rate parameters:  A-C: 1.26716  A-G: 4.21910  A-T: 0.81028  C-G: 1.63423  C-T: 4.16380  G-T: 1.00000
Base frequencies:  A: 0.316  C: 0.202  G: 0.212  T: 0.271
Proportion of invariable sites: 0.756
Gamma shape alpha: 0.925
Parameters optimization took 1 rounds (0.001 sec)
BEST SCORE FOUND : -5739.412
Total tree length: 0.103

Total number of iterations: 110
CPU time used for tree search: 1.202 sec (0h:0m:1s)
Wall-clock time used for tree search: 1.249 sec (0h:0m:1s)
Total CPU time used: 1.229 sec (0h:0m:1s)
Total wall-clock time used: 1.277 sec (0h:0m:1s)

Analysis results written to: 
  IQ-TREE report:                /home/ha/Code/final_thesis/data_phylov2/precompute/37/37_infer.iqtree
  Maximum-likelihood tree:       /home/ha/Code/final_thesis/data_phylov2/precompute/37/37_infer.treefile
  Screen log file:               /home/ha/Code/final_thesis/data_phylov2/precompute/37/37_infer.log

Date and Time: Sat May 16 11:52:40 2026
