
RAxML-NG v. 1.2.2 released on 11.04.2024 by The Exelixis Lab.
Developed by: Alexey M. Kozlov and Alexandros Stamatakis.
Contributors: Diego Darriba, Tomas Flouri, Benoit Morel, Sarah Lutteropp, Ben Bettisworth, Julia Haag, Anastasis Togkousidis.
Latest version: https://github.com/amkozlov/raxml-ng
Questions/problems/suggestions? Please visit: https://groups.google.com/forum/#!forum/raxml

System: AMD Eng Sample: 100-000000425_37/24_N, 64 cores, 503 GB RAM

RAxML-NG was called at 05-May-2026 02:15:17 as follows:

raxml-ng --search --msa /root/final_thesis/data/dna/test/25/data.phy --tree /root/final_thesis/data/dna/test/25/start.newick --model GTR{1.28669/2.21560/0.33064/0.96855/2.81172/1.00000}+I{0.000}+G{0.619}+F{0.30509/0.18227/0.17808/0.33457} --prefix precompute/25/25_infer --threads auto --seed 42 --force perf_threads

Analysis options:
  run mode: ML tree search
  start tree(s): user
  random seed: 42
  tip-inner: OFF
  pattern compression: ON
  per-rate scalers: OFF
  site repeats: ON
  logLH epsilon: general: 10.000000, brlen-triplet: 1000.000000
  fast spr radius: AUTO
  spr subtree cutoff: 1.000000
  fast CLV updates: ON
  branch lengths: proportional (ML estimate, algorithm: NR-FAST)
  SIMD kernels: AVX2
  parallelization: coarse-grained (auto), PTHREADS (auto)

WARNING: Running in FORCE mode: some safety checks are disabled!

[00:00:00] Reading alignment from file: /root/final_thesis/data/dna/test/25/data.phy
[00:00:00] Loaded alignment with 15 taxa and 1521 sites

Alignment comprises 1 partitions and 386 patterns

Partition 0: noname
Model: GTR{1.28669/2.2156/0.33064/0.96855/2.81172/1}+FU{0.30509/0.18227/0.17808/0.33457}+IU{0}+G4m{0.619}
Alignment sites / patterns: 1521 / 386
Gaps: 2.11 %
Invariant sites: 67.06 %


NOTE: Binary MSA file created: precompute/25/25_infer.raxml.rba

Parallelization scheme autoconfig: 1 worker(s) x 5 thread(s)

[00:00:00] Loading user starting tree(s) from: /root/final_thesis/data/dna/test/25/start.newick
Parallel reduction/worker buffer size: 1 KB  / 0 KB

[00:00:00] Data distribution: max. partitions/sites/weight per thread: 1 / 78 / 1248
[00:00:00] Data distribution: max. searches per worker: 1

Starting ML tree search with 1 distinct starting trees

[00:00:00 -8970.801257] Initial branch length optimization
[00:00:00 -7659.540564] Model parameter optimization (eps = 10.000000)
[00:00:00 -7659.514425] AUTODETECT spr round 1 (radius: 5)
[00:00:00 -5927.008035] AUTODETECT spr round 2 (radius: 10)
[00:00:00 -5926.868829] AUTODETECT spr round 3 (radius: 15)
[00:00:00 -5926.864139] SPR radius for FAST iterations: 10 (autodetect)
[00:00:00 -5926.864139] Model parameter optimization (eps = 3.000000)
[00:00:00 -5926.864006] FAST spr round 1 (radius: 10)
[00:00:00 -5921.798095] Model parameter optimization (eps = 1.000000)
[00:00:00 -5921.798067] SLOW spr round 1 (radius: 5)
[00:00:00 -5919.072108] SLOW spr round 2 (radius: 10)
[00:00:00 -5919.072090] SLOW spr round 3 (radius: 15)
[00:00:00 -5919.072090] Model parameter optimization (eps = 0.100000)

[00:00:00] ML tree search #1, logLikelihood: -5919.072090


Optimized model parameters:

   Partition 0: noname
   Rate heterogeneity: GAMMA (4 cats, mean),  alpha: 0.619000 (user),  weights&rates: (0.250000,0.057049) (0.250000,0.322670) (0.250000,0.890711) (0.250000,2.729570) 
   P-inv (user): 0.000000
   Base frequencies (user): 0.305087 0.182268 0.178078 0.334567 
   Substitution rates (user): 1.286690 2.215600 0.330640 0.968550 2.811720 1.000000 


Final LogLikelihood: -5919.072090

AIC score: 11892.144180 / AICc score: 11893.156906 / BIC score: 12035.976509
Free parameters (model + branch lengths): 27

WARNING: Best ML tree contains 2 near-zero branches!

Best ML tree with collapsed near-zero branches saved to: /root/final_thesis/precompute/25/25_infer.raxml.bestTreeCollapsed
Best ML tree saved to: /root/final_thesis/precompute/25/25_infer.raxml.bestTree
Optimized model saved to: /root/final_thesis/precompute/25/25_infer.raxml.bestModel

Execution log saved to: /root/final_thesis/precompute/25/25_infer.raxml.log

Analysis started: 05-May-2026 02:15:17 / finished: 05-May-2026 02:15:17

Elapsed time: 0.102 seconds

