IQ-TREE version 3.1.1 for Linux x86 64-bit built Apr  8 2026
Developed by Bui Quang Minh, Thomas Wong, Nhan Ly-Trong, Huaiyan Ren
Contributed by Lam-Tung Nguyen, Dominik Schrempf, Chris Bielow,
Olga Chernomor, Michael Woodhams, Diep Thi Hoang, Heiko Schmidt

Host:    ha-ThinkPad-E14-Gen-5 (AVX2, FMA3, 31 GB RAM)
Command: iqtree3 -s /home/ha/Code/final_thesis/data_phylov2/dna/test/25/data.phy -t /home/ha/Code/final_thesis/data_phylov2/dna/test/25/start.newick -m GTR{0.85272,1.97364,0.71360,1.36202,6.42475}+F{0.23778,0.25220,0.32236,0.18766}+I{0.227}+G4{0.531} --prefix /home/ha/Code/final_thesis/data_phylov2/precompute/25/25_infer -T 1 --redo
Seed:    599538 (Using SPRNG - Scalable Parallel Random Number Generator)
Time:    Sat May 16 11:52:22 2026
Kernel:  AVX+FMA - 1 threads (16 CPU cores detected)

HINT: Use -nt option to specify number of threads because your CPU has 16 cores!
HINT: -nt AUTO will automatically determine the best number of threads to use.

Reading alignment file /home/ha/Code/final_thesis/data_phylov2/dna/test/25/data.phy ... Phylip format detected
Alignment most likely contains DNA/RNA sequences
Constructing alignment: done in 0.00155852 secs using 89.83% CPU
Alignment has 15 sequences with 535 columns, 212 distinct patterns
122 parsimony-informative, 70 singleton sites, 343 constant sites
       Gap/Ambiguity  Composition  p-value
Analyzing sequences: done in 3.6408e-05 secs using 93.39% CPU
   1  Sp000    6.92%    passed     83.41%
   2  Sp001    6.92%    passed     74.80%
   3  Sp002    4.86%    passed     32.72%
   4  Sp003    6.36%    passed     90.28%
   5  Sp004    5.79%    passed     67.16%
   6  Sp005    8.41%    failed      3.67%
   7  Sp006    5.23%    passed     92.23%
   8  Sp007    5.79%    passed     21.65%
   9  Sp008    3.36%    failed      1.24%
  10  Sp009    5.61%    passed     99.27%
  11  Sp010    4.67%    passed     92.79%
  12  Sp011   14.77%    failed      0.16%
  13  Sp012   14.39%    failed      0.01%
  14  Sp013    6.73%    passed     96.37%
  15  Sp014    8.41%    passed     74.20%
****  TOTAL    7.21%  4 sequences failed composition chi2 test (p-value<5%; df=3)
Checking for duplicate sequences: done in 0.000102831 secs
Reading input tree file /home/ha/Code/final_thesis/data_phylov2/dna/test/25/start.newick ...

NOTE: 0 MB RAM (0 GB) is required!
Estimate model parameters (epsilon = 0.100)
1. Initial log-likelihood: -2642.226
Optimal log-likelihood: -2642.226
Rate parameters:  A-C: 0.85272  A-G: 1.97364  A-T: 0.71360  C-G: 1.36202  C-T: 6.42475  G-T: 1.00000
Base frequencies:  A: 0.238  C: 0.252  G: 0.322  T: 0.188
Proportion of invariable sites: 0.227
Gamma shape alpha: 0.531
Parameters optimization took 1 rounds (0.005 sec)
Wrote distance file to... 

Do NNI search on 1 best initial trees
Estimate model parameters (epsilon = 0.100)
BETTER TREE FOUND at iteration 1: -2637.356
Finish initializing candidate tree set (2)
Current best tree score: -2637.356 / CPU time: 0.058
Number of iterations: 1
--------------------------------------------------------------------
|               OPTIMIZING CANDIDATE TREE SET                      |
--------------------------------------------------------------------
Iteration 10 / LogL: -2637.364 / Time: 0h:0m:0s
Iteration 20 / LogL: -2641.070 / Time: 0h:0m:0s
Iteration 30 / LogL: -2637.365 / Time: 0h:0m:0s (0h:0m:0s left)
Iteration 40 / LogL: -2638.879 / Time: 0h:0m:0s (0h:0m:0s left)
Iteration 50 / LogL: -2638.863 / Time: 0h:0m:0s (0h:0m:0s left)
Iteration 60 / LogL: -2638.852 / Time: 0h:0m:0s (0h:0m:0s left)
Iteration 70 / LogL: -2638.886 / Time: 0h:0m:0s (0h:0m:0s left)
Iteration 80 / LogL: -2637.368 / Time: 0h:0m:0s (0h:0m:0s left)
Iteration 90 / LogL: -2638.606 / Time: 0h:0m:1s (0h:0m:0s left)
Iteration 100 / LogL: -2638.593 / Time: 0h:0m:1s (0h:0m:0s left)
TREE SEARCH COMPLETED AFTER 102 ITERATIONS / Time: 0h:0m:1s

--------------------------------------------------------------------
|                    FINALIZING TREE SEARCH                        |
--------------------------------------------------------------------
Performs final model parameters optimization
Estimate model parameters (epsilon = 0.010)
1. Initial log-likelihood: -2637.356
Optimal log-likelihood: -2637.355
Rate parameters:  A-C: 0.85272  A-G: 1.97364  A-T: 0.71360  C-G: 1.36202  C-T: 6.42475  G-T: 1.00000
Base frequencies:  A: 0.238  C: 0.252  G: 0.322  T: 0.188
Proportion of invariable sites: 0.227
Gamma shape alpha: 0.531
Parameters optimization took 1 rounds (0.001 sec)
BEST SCORE FOUND : -2637.355
Total tree length: 1.108

Total number of iterations: 102
CPU time used for tree search: 1.069 sec (0h:0m:1s)
Wall-clock time used for tree search: 1.104 sec (0h:0m:1s)
Total CPU time used: 1.098 sec (0h:0m:1s)
Total wall-clock time used: 1.136 sec (0h:0m:1s)

Analysis results written to: 
  IQ-TREE report:                /home/ha/Code/final_thesis/data_phylov2/precompute/25/25_infer.iqtree
  Maximum-likelihood tree:       /home/ha/Code/final_thesis/data_phylov2/precompute/25/25_infer.treefile
  Screen log file:               /home/ha/Code/final_thesis/data_phylov2/precompute/25/25_infer.log

Date and Time: Sat May 16 11:52:23 2026
