
RAxML-NG v. 1.2.2 released on 11.04.2024 by The Exelixis Lab.
Developed by: Alexey M. Kozlov and Alexandros Stamatakis.
Contributors: Diego Darriba, Tomas Flouri, Benoit Morel, Sarah Lutteropp, Ben Bettisworth, Julia Haag, Anastasis Togkousidis.
Latest version: https://github.com/amkozlov/raxml-ng
Questions/problems/suggestions? Please visit: https://groups.google.com/forum/#!forum/raxml

System: AMD Eng Sample: 100-000000425_37/24_N, 64 cores, 503 GB RAM

RAxML-NG was called at 05-May-2026 02:33:03 as follows:

raxml-ng --search --msa /root/final_thesis/data/dna/test/28/data.phy --tree /root/final_thesis/data/dna/test/28/start.newick --model GTR{1.42935/3.18298/1.44382/0.79716/3.80474/1.00000}+I{0.162}+G{0.906}+F{0.22035/0.23833/0.24384/0.29749} --prefix precompute/28/28_infer --threads auto --seed 42 --force perf_threads

Analysis options:
  run mode: ML tree search
  start tree(s): user
  random seed: 42
  tip-inner: OFF
  pattern compression: ON
  per-rate scalers: OFF
  site repeats: ON
  logLH epsilon: general: 10.000000, brlen-triplet: 1000.000000
  fast spr radius: AUTO
  spr subtree cutoff: 1.000000
  fast CLV updates: ON
  branch lengths: proportional (ML estimate, algorithm: NR-FAST)
  SIMD kernels: AVX2
  parallelization: coarse-grained (auto), PTHREADS (auto)

WARNING: Running in FORCE mode: some safety checks are disabled!

[00:00:00] Reading alignment from file: /root/final_thesis/data/dna/test/28/data.phy
[00:00:00] Loaded alignment with 15 taxa and 446 sites

Alignment comprises 1 partitions and 318 patterns

Partition 0: noname
Model: GTR{1.42935/3.18298/1.44382/0.79716/3.80474/1}+FU{0.22035/0.23833/0.24384/0.29749}+IU{0.162}+G4m{0.906}
Alignment sites / patterns: 446 / 318
Gaps: 2.38 %
Invariant sites: 27.35 %


NOTE: Binary MSA file created: precompute/28/28_infer.raxml.rba

Parallelization scheme autoconfig: 1 worker(s) x 5 thread(s)

[00:00:00] Loading user starting tree(s) from: /root/final_thesis/data/dna/test/28/start.newick
Parallel reduction/worker buffer size: 1 KB  / 0 KB

[00:00:00] Data distribution: max. partitions/sites/weight per thread: 1 / 64 / 1024
[00:00:00] Data distribution: max. searches per worker: 1

Starting ML tree search with 1 distinct starting trees

[00:00:00 -5667.477762] Initial branch length optimization
[00:00:00 -5147.762459] Model parameter optimization (eps = 10.000000)
[00:00:00 -5145.665878] AUTODETECT spr round 1 (radius: 5)
[00:00:00 -4780.804089] AUTODETECT spr round 2 (radius: 10)
[00:00:00 -4779.953084] AUTODETECT spr round 3 (radius: 15)
[00:00:00 -4779.708373] SPR radius for FAST iterations: 15 (autodetect)
[00:00:00 -4779.708373] Model parameter optimization (eps = 3.000000)
[00:00:00 -4779.637740] FAST spr round 1 (radius: 15)
[00:00:00 -4760.089147] FAST spr round 2 (radius: 15)
[00:00:00 -4760.065674] Model parameter optimization (eps = 1.000000)
[00:00:00 -4760.065498] SLOW spr round 1 (radius: 5)
[00:00:00 -4760.065463] SLOW spr round 2 (radius: 10)
[00:00:00 -4760.065462] SLOW spr round 3 (radius: 15)
[00:00:00 -4760.065461] Model parameter optimization (eps = 0.100000)

[00:00:00] ML tree search #1, logLikelihood: -4760.065461


Optimized model parameters:

   Partition 0: noname
   Rate heterogeneity: GAMMA (4 cats, mean),  alpha: 0.906000 (user),  weights&rates: (0.250000,0.117838) (0.250000,0.446553) (0.250000,0.982493) (0.250000,2.453116) 
   P-inv (user): 0.162000
   Base frequencies (user): 0.220348 0.238328 0.243838 0.297487 
   Substitution rates (user): 1.429350 3.182980 1.443820 0.797160 3.804740 1.000000 


Final LogLikelihood: -4760.065461

AIC score: 9574.130923 / AICc score: 9577.748148 / BIC score: 9684.839535
Free parameters (model + branch lengths): 27

Best ML tree saved to: /root/final_thesis/precompute/28/28_infer.raxml.bestTree
Optimized model saved to: /root/final_thesis/precompute/28/28_infer.raxml.bestModel

Execution log saved to: /root/final_thesis/precompute/28/28_infer.raxml.log

Analysis started: 05-May-2026 02:33:03 / finished: 05-May-2026 02:33:03

Elapsed time: 0.130 seconds

