IQ-TREE version 3.1.1 for Linux x86 64-bit built Apr  8 2026
Developed by Bui Quang Minh, Thomas Wong, Nhan Ly-Trong, Huaiyan Ren
Contributed by Lam-Tung Nguyen, Dominik Schrempf, Chris Bielow,
Olga Chernomor, Michael Woodhams, Diep Thi Hoang, Heiko Schmidt

Host:    3b61efb33633 (AVX2, FMA3, 503 GB RAM)
Command: iqtree3 -s /root/final_thesis/data/dna/test/28/data.phy -t /root/final_thesis/data/dna/test/28/start.newick -m GTR{1.42935,3.18298,1.44382,0.79716,3.80474}+F{0.22035,0.23833,0.24384,0.29749}+I{0.162}+G4{0.906} --prefix precompute/28/28_infer --threads auto --redo
Seed:    359199 (Using SPRNG - Scalable Parallel Random Number Generator)
Time:    Tue May  5 02:27:54 2026
Kernel:  AVX+FMA - auto-detect threads (128 CPU cores detected)

Reading alignment file /root/final_thesis/data/dna/test/28/data.phy ... Phylip format detected
Alignment most likely contains DNA/RNA sequences
Constructing alignment: done in 0.00172301 secs using 7557% CPU
Alignment has 15 sequences with 446 columns, 318 distinct patterns
265 parsimony-informative, 59 singleton sites, 122 constant sites
       Gap/Ambiguity  Composition  p-value
Analyzing sequences: done in 0.00620378 secs using 1.254e+04% CPU
   1  Sp000    3.81%    passed     18.47%
   2  Sp001    1.79%    failed      0.16%
   3  Sp002    0.22%    passed     61.41%
   4  Sp003    2.69%    passed     36.92%
   5  Sp004    4.93%    passed     73.60%
   6  Sp005    8.07%    passed     18.21%
   7  Sp006    1.12%    failed      0.00%
   8  Sp007    0.00%    passed     25.90%
   9  Sp008    0.00%    passed     89.24%
  10  Sp009    0.22%    passed     93.25%
  11  Sp010    6.50%    passed     69.98%
  12  Sp011    3.81%    passed     69.61%
  13  Sp012    1.57%    passed     38.58%
  14  Sp013    0.00%    passed     48.70%
  15  Sp014    0.90%    passed     39.53%
****  TOTAL    2.38%  2 sequences failed composition chi2 test (p-value<5%; df=3)
Checking for duplicate sequences: done in 0.00619043 secs using 1.398e+04% CPU
Reading input tree file /root/final_thesis/data/dna/test/28/start.newick ...
WARNING: Normalizing State frequencies so that sum of them equals to 1

NOTE: 0 MB RAM (0 GB) is required!
Measuring multi-threading efficiency up to 128 CPU cores
Increase to 10 rounds for branch lengths
16337 trees examined
Threads: 1 / Time: 128.007 sec / Speedup: 1.000 / Efficiency: 100% / LogL: -5009
Threads: 2 / Time: 179.102 sec / Speedup: 0.715 / Efficiency: 36% / LogL: -5009
Determining AUTO threadcount: done in 307.109 secs using 152.1% CPU
BEST NUMBER OF THREADS: 1

Estimate model parameters (epsilon = 0.100)
1. Initial log-likelihood: -5667.478
2. Current log-likelihood: -5153.377
3. Current log-likelihood: -5143.980
4. Current log-likelihood: -5118.651
5. Current log-likelihood: -5106.426
6. Current log-likelihood: -5105.947
Optimal log-likelihood: -5105.913
Rate parameters:  A-C: 1.42935  A-G: 3.18298  A-T: 1.44382  C-G: 0.79716  C-T: 3.80474  G-T: 1.00000
Base frequencies:  A: 0.220  C: 0.238  G: 0.244  T: 0.297
Proportion of invariable sites: 0.162
Gamma shape alpha: 0.906
Parameters optimization took 6 rounds (0.012 sec)
Wrote distance file to... 

Do NNI search on 1 best initial trees
Estimate model parameters (epsilon = 0.100)
BETTER TREE FOUND at iteration 1: -4760.066
Finish initializing candidate tree set (2)
Current best tree score: -4760.066 / CPU time: 0.060
Number of iterations: 1
--------------------------------------------------------------------
|               OPTIMIZING CANDIDATE TREE SET                      |
--------------------------------------------------------------------
WARNING: NNI search needs unusual large number of steps (15) to converge!
Iteration 10 / LogL: -4760.194 / Time: 0h:5m:7s
Iteration 20 / LogL: -4760.077 / Time: 0h:5m:7s
Iteration 30 / LogL: -4760.246 / Time: 0h:5m:7s (0h:12m:33s left)
Iteration 40 / LogL: -4760.068 / Time: 0h:5m:7s (0h:8m:1s left)
Iteration 50 / LogL: -4760.159 / Time: 0h:5m:8s (0h:5m:20s left)
Iteration 60 / LogL: -4773.688 / Time: 0h:5m:8s (0h:3m:34s left)
Iteration 70 / LogL: -4760.074 / Time: 0h:5m:8s (0h:2m:18s left)
Iteration 80 / LogL: -4760.102 / Time: 0h:5m:8s (0h:1m:22s left)
Iteration 90 / LogL: -4760.123 / Time: 0h:5m:8s (0h:0m:38s left)
Iteration 100 / LogL: -4760.257 / Time: 0h:5m:9s (0h:0m:3s left)
TREE SEARCH COMPLETED AFTER 102 ITERATIONS / Time: 0h:5m:9s

--------------------------------------------------------------------
|                    FINALIZING TREE SEARCH                        |
--------------------------------------------------------------------
Performs final model parameters optimization
Estimate model parameters (epsilon = 0.010)
1. Initial log-likelihood: -4760.066
Optimal log-likelihood: -4760.066
Rate parameters:  A-C: 1.42935  A-G: 3.18298  A-T: 1.44382  C-G: 0.79716  C-T: 3.80474  G-T: 1.00000
Base frequencies:  A: 0.220  C: 0.238  G: 0.244  T: 0.297
Proportion of invariable sites: 0.162
Gamma shape alpha: 0.906
Parameters optimization took 1 rounds (0.001 sec)
BEST SCORE FOUND : -4760.066
Total tree length: 5.536

Total number of iterations: 102
CPU time used for tree search: 1.735 sec (0h:0m:1s)
Wall-clock time used for tree search: 1.817 sec (0h:0m:1s)
Total CPU time used: 470.940 sec (0h:7m:50s)
Total wall-clock time used: 309.047 sec (0h:5m:9s)

Analysis results written to: 
  IQ-TREE report:                precompute/28/28_infer.iqtree
  Maximum-likelihood tree:       precompute/28/28_infer.treefile
  Screen log file:               precompute/28/28_infer.log

Date and Time: Tue May  5 02:33:03 2026
