IQ-TREE version 3.1.1 for Linux x86 64-bit built Apr  8 2026
Developed by Bui Quang Minh, Thomas Wong, Nhan Ly-Trong, Huaiyan Ren
Contributed by Lam-Tung Nguyen, Dominik Schrempf, Chris Bielow,
Olga Chernomor, Michael Woodhams, Diep Thi Hoang, Heiko Schmidt

Host:    ha-ThinkPad-E14-Gen-5 (AVX2, FMA3, 31 GB RAM)
Command: iqtree3 -s /home/ha/Code/data_phylogame/dna/test/10/data.phy -m GTR{0.72582,1.89788,0.57994,0.56597,6.35618}+F{0.22441,0.24443,0.33448,0.19668}+I{0.514}+G4{0.885} -t RANDOM --tree-fix -T 1 --prefix /home/ha/Code/data_phylogame/precompute_random/10/tmp_start --redo
Seed:    220171 (Using SPRNG - Scalable Parallel Random Number Generator)
Time:    Mon May 18 00:03:07 2026
Kernel:  AVX+FMA - 1 threads (16 CPU cores detected)

HINT: Use -nt option to specify number of threads because your CPU has 16 cores!
HINT: -nt AUTO will automatically determine the best number of threads to use.

Reading alignment file /home/ha/Code/data_phylogame/dna/test/10/data.phy ... Phylip format detected
Alignment most likely contains DNA/RNA sequences
Constructing alignment: done in 0.000648289 secs using 14.19% CPU
Alignment has 12 sequences with 530 columns, 113 distinct patterns
70 parsimony-informative, 49 singleton sites, 411 constant sites
       Gap/Ambiguity  Composition  p-value
Analyzing sequences: done in 1.5509e-05 secs
   1  Sp000    0.57%    passed     88.01%
   2  Sp001    0.19%    passed     88.19%
   3  Sp002    0.19%    passed     87.74%
   4  Sp003    0.57%    passed     99.91%
   5  Sp004    0.57%    passed     99.65%
   6  Sp005    0.57%    passed     96.72%
   7  Sp006    0.57%    passed     98.39%
   8  Sp007    0.57%    passed     98.83%
   9  Sp008    0.57%    passed     96.29%
  10  Sp009    0.38%    passed     95.10%
  11  Sp010    0.57%    passed     99.72%
  12  Sp011    2.83%    passed     94.88%
****  TOTAL    0.68%  0 sequences failed composition chi2 test (p-value<5%; df=3)
Checking for duplicate sequences: done in 3.9047e-05 secs

Create initial parsimony tree by phylogenetic likelihood library (PLL)... 0.000 seconds

NOTE: 0 MB RAM (0 GB) is required!
Estimate model parameters (epsilon = 0.010)
1. Initial log-likelihood: -1773.511
2. Current log-likelihood: -1768.946
3. Current log-likelihood: -1768.856
Optimal log-likelihood: -1768.856
Rate parameters:  A-C: 0.72582  A-G: 1.89788  A-T: 0.57994  C-G: 0.56597  C-T: 6.35618  G-T: 1.00000
Base frequencies:  A: 0.224  C: 0.244  G: 0.334  T: 0.197
Proportion of invariable sites: 0.514
Gamma shape alpha: 0.885
Parameters optimization took 3 rounds (0.003 sec)
Log-likelihood of random tree: -1919.479
Wrote distance file to... 
BEST SCORE FOUND : -1919.479
Total tree length: 0.684

Total number of iterations: 0
CPU time used for tree search: 0.000 sec (0h:0m:0s)
Wall-clock time used for tree search: 0.000 sec (0h:0m:0s)
Total CPU time used: 0.017 sec (0h:0m:0s)
Total wall-clock time used: 0.017 sec (0h:0m:0s)

Analysis results written to: 
  IQ-TREE report:                /home/ha/Code/data_phylogame/precompute_random/10/tmp_start.iqtree
  Maximum-likelihood tree:       /home/ha/Code/data_phylogame/precompute_random/10/tmp_start.treefile
  Screen log file:               /home/ha/Code/data_phylogame/precompute_random/10/tmp_start.log

Date and Time: Mon May 18 00:03:07 2026
