IQ-TREE version 3.1.1 for Linux x86 64-bit built Apr  8 2026
Developed by Bui Quang Minh, Thomas Wong, Nhan Ly-Trong, Huaiyan Ren
Contributed by Lam-Tung Nguyen, Dominik Schrempf, Chris Bielow,
Olga Chernomor, Michael Woodhams, Diep Thi Hoang, Heiko Schmidt

Host:    ha-ThinkPad-E14-Gen-5 (AVX2, FMA3, 31 GB RAM)
Command: iqtree3 -s /home/ha/Code/data_phylogame/dna/test/0/data.phy -m GTR{7.39519,10.34260,5.04385,1.42416,13.55972}+F{0.26050,0.18691,0.29529,0.25731}+I{0.000}+G4{99.881} -t RANDOM --tree-fix -T 1 --prefix /home/ha/Code/data_phylogame/precompute_random/0/tmp_start --redo
Seed:    75243 (Using SPRNG - Scalable Parallel Random Number Generator)
Time:    Mon May 18 00:03:07 2026
Kernel:  AVX+FMA - 1 threads (16 CPU cores detected)

HINT: Use -nt option to specify number of threads because your CPU has 16 cores!
HINT: -nt AUTO will automatically determine the best number of threads to use.

Reading alignment file /home/ha/Code/data_phylogame/dna/test/0/data.phy ... Phylip format detected
Alignment most likely contains DNA/RNA sequences
Constructing alignment: done in 0.000240681 secs
Alignment has 7 sequences with 272 columns, 20 distinct patterns
3 parsimony-informative, 23 singleton sites, 246 constant sites
       Gap/Ambiguity  Composition  p-value
Analyzing sequences: done in 6.66e-06 secs
   1  Sp000   11.40%    passed     63.97%
   2  Sp001    0.00%    passed     99.75%
   3  Sp002    0.00%    passed     99.75%
   4  Sp003    0.00%    passed     99.75%
   5  Sp004    0.00%    passed     99.63%
   6  Sp005    0.00%    passed     99.63%
   7  Sp006    0.00%    passed     99.75%
****  TOTAL    1.63%  0 sequences failed composition chi2 test (p-value<5%; df=3)
NOTE: Sp002 is identical to Sp001 but kept for subsequent analysis
NOTE: Sp006 is identical to Sp003 but kept for subsequent analysis
NOTE: Sp005 is identical to Sp004 but kept for subsequent analysis
Checking for duplicate sequences: done in 2.9604e-05 secs

Create initial parsimony tree by phylogenetic likelihood library (PLL)... 0.000 seconds
WARNING: Normalizing State frequencies so that sum of them equals to 1

NOTE: 0 MB RAM (0 GB) is required!
Estimate model parameters (epsilon = 0.010)
1. Initial log-likelihood: -489.881
2. Current log-likelihood: -489.817
Optimal log-likelihood: -489.817
Rate parameters:  A-C: 7.39519  A-G: 10.34260  A-T: 5.04385  C-G: 1.42416  C-T: 13.55972  G-T: 1.00000
Base frequencies:  A: 0.260  C: 0.187  G: 0.295  T: 0.257
Proportion of invariable sites: 0.000
Gamma shape alpha: 99.881
Parameters optimization took 2 rounds (0.002 sec)
Log-likelihood of random tree: -509.939
Wrote distance file to... 
BEST SCORE FOUND : -509.939
Total tree length: 0.125

Total number of iterations: 0
CPU time used for tree search: 0.000 sec (0h:0m:0s)
Wall-clock time used for tree search: 0.000 sec (0h:0m:0s)
Total CPU time used: 0.008 sec (0h:0m:0s)
Total wall-clock time used: 0.012 sec (0h:0m:0s)

Analysis results written to: 
  IQ-TREE report:                /home/ha/Code/data_phylogame/precompute_random/0/tmp_start.iqtree
  Maximum-likelihood tree:       /home/ha/Code/data_phylogame/precompute_random/0/tmp_start.treefile
  Screen log file:               /home/ha/Code/data_phylogame/precompute_random/0/tmp_start.log

Date and Time: Mon May 18 00:03:07 2026
