
RAxML-NG v. 1.2.2 released on 11.04.2024 by The Exelixis Lab.
Developed by: Alexey M. Kozlov and Alexandros Stamatakis.
Contributors: Diego Darriba, Tomas Flouri, Benoit Morel, Sarah Lutteropp, Ben Bettisworth, Julia Haag, Anastasis Togkousidis.
Latest version: https://github.com/amkozlov/raxml-ng
Questions/problems/suggestions? Please visit: https://groups.google.com/forum/#!forum/raxml

System: 13th Gen Intel(R) Core(TM) i5-13500H, 12 cores, 31 GB RAM (allocated: 8 physical cores)

RAxML-NG was called at 16-May-2026 11:52:08 as follows:

raxml-ng --search --msa /home/ha/Code/final_thesis/data_phylov2/dna/test/8/data.phy --tree /home/ha/Code/final_thesis/data_phylov2/dna/test/8/start.newick --model GTR{0.52658/3.01638/0.77761/0.49647/3.54633/1.00000}+I{0.154}+G{0.335}+F{0.20429/0.24821/0.33037/0.21713} --prefix /home/ha/Code/final_thesis/data_phylov2/precompute/8/8_infer --threads 1 --seed 42 --force perf_threads --redo

Analysis options:
  run mode: ML tree search
  start tree(s): user
  random seed: 42
  tip-inner: OFF
  pattern compression: ON
  per-rate scalers: OFF
  site repeats: ON
  logLH epsilon: general: 10.000000, brlen-triplet: 1000.000000
  fast spr radius: AUTO
  spr subtree cutoff: 1.000000
  fast CLV updates: ON
  branch lengths: proportional (ML estimate, algorithm: NR-FAST)
  SIMD kernels: AVX2
  parallelization: coarse-grained (auto), NONE/sequential

WARNING: Running in REDO mode: existing checkpoints are ignored, and all result files will be overwritten!

WARNING: Running in FORCE mode: some safety checks are disabled!

[00:00:00] Reading alignment from file: /home/ha/Code/final_thesis/data_phylov2/dna/test/8/data.phy
[00:00:00] Loaded alignment with 7 taxa and 817 sites

WARNING: Sequences Sp002 and Sp006 are exactly identical!
WARNING: Duplicate sequences found: 1

NOTE: Reduced alignment (with duplicates and gap-only sites/taxa removed) 
NOTE: was saved to: /home/ha/Code/final_thesis/data_phylov2/precompute/8/8_infer.raxml.reduced.phy

Alignment comprises 1 partitions and 57 patterns

Partition 0: noname
Model: GTR{0.52658/3.01638/0.77761/0.49647/3.54633/1}+FU{0.20429/0.24821/0.33037/0.21713}+IU{0.154}+G4m{0.335}
Alignment sites / patterns: 817 / 57
Gaps: 1.28 %
Invariant sites: 86.66 %


NOTE: Binary MSA file created: /home/ha/Code/final_thesis/data_phylov2/precompute/8/8_infer.raxml.rba

Parallelization scheme autoconfig: 1 worker(s) x 1 thread(s)

[00:00:00] Loading user starting tree(s) from: /home/ha/Code/final_thesis/data_phylov2/dna/test/8/start.newick
Parallel reduction/worker buffer size: 1 KB  / 0 KB

[00:00:00] Data distribution: max. partitions/sites/weight per thread: 1 / 57 / 912
[00:00:00] Data distribution: max. searches per worker: 1

Starting ML tree search with 1 distinct starting trees

[00:00:00 -1697.543088] Initial branch length optimization
[00:00:00 -1697.543087] Model parameter optimization (eps = 10.000000)
[00:00:00 -1697.543087] AUTODETECT spr round 1 (radius: 5)
[00:00:00 -1697.169669] SPR radius for FAST iterations: 5 (autodetect)
[00:00:00 -1697.169669] Model parameter optimization (eps = 3.000000)
[00:00:00 -1697.163646] FAST spr round 1 (radius: 5)
[00:00:00 -1697.163604] Model parameter optimization (eps = 1.000000)
[00:00:00 -1697.163604] SLOW spr round 1 (radius: 5)
[00:00:00 -1697.163604] Model parameter optimization (eps = 0.100000)

[00:00:00] ML tree search #1, logLikelihood: -1697.163604


Optimized model parameters:

   Partition 0: noname
   Rate heterogeneity: GAMMA (4 cats, mean),  alpha: 0.335000 (user),  weights&rates: (0.250000,0.008559) (0.250000,0.131856) (0.250000,0.650160) (0.250000,3.209425) 
   P-inv (user): 0.154000
   Base frequencies (user): 0.204290 0.248210 0.330370 0.217130 
   Substitution rates (user): 0.526580 3.016380 0.777610 0.496470 3.546330 1.000000 


Final LogLikelihood: -1697.163604

AIC score: 3416.327208 / AICc score: 3416.655158 / BIC score: 3468.089238
Free parameters (model + branch lengths): 11

WARNING: Best ML tree contains 2 near-zero branches!

Best ML tree with collapsed near-zero branches saved to: /home/ha/Code/final_thesis/data_phylov2/precompute/8/8_infer.raxml.bestTreeCollapsed
Best ML tree saved to: /home/ha/Code/final_thesis/data_phylov2/precompute/8/8_infer.raxml.bestTree
Optimized model saved to: /home/ha/Code/final_thesis/data_phylov2/precompute/8/8_infer.raxml.bestModel

Execution log saved to: /home/ha/Code/final_thesis/data_phylov2/precompute/8/8_infer.raxml.log

Analysis started: 16-May-2026 11:52:08 / finished: 16-May-2026 11:52:08

Elapsed time: 0.012 seconds

