
RAxML-NG v. 1.2.2 released on 11.04.2024 by The Exelixis Lab.
Developed by: Alexey M. Kozlov and Alexandros Stamatakis.
Contributors: Diego Darriba, Tomas Flouri, Benoit Morel, Sarah Lutteropp, Ben Bettisworth, Julia Haag, Anastasis Togkousidis.
Latest version: https://github.com/amkozlov/raxml-ng
Questions/problems/suggestions? Please visit: https://groups.google.com/forum/#!forum/raxml

System: 13th Gen Intel(R) Core(TM) i5-13500H, 12 cores, 31 GB RAM (allocated: 8 physical cores)

RAxML-NG was called at 16-May-2026 11:52:29 as follows:

raxml-ng --search --msa /home/ha/Code/final_thesis/data_phylov2/dna/test/29/data.phy --tree /home/ha/Code/final_thesis/data_phylov2/dna/test/29/start.newick --model GTR{1.42935/3.18298/1.44382/0.79716/3.80474/1.00000}+I{0.162}+G{0.906}+F{0.22035/0.23833/0.24384/0.29749} --prefix /home/ha/Code/final_thesis/data_phylov2/precompute/29/29_infer --threads 1 --seed 42 --force perf_threads --redo

Analysis options:
  run mode: ML tree search
  start tree(s): user
  random seed: 42
  tip-inner: OFF
  pattern compression: ON
  per-rate scalers: OFF
  site repeats: ON
  logLH epsilon: general: 10.000000, brlen-triplet: 1000.000000
  fast spr radius: AUTO
  spr subtree cutoff: 1.000000
  fast CLV updates: ON
  branch lengths: proportional (ML estimate, algorithm: NR-FAST)
  SIMD kernels: AVX2
  parallelization: coarse-grained (auto), NONE/sequential

WARNING: Running in REDO mode: existing checkpoints are ignored, and all result files will be overwritten!

WARNING: Running in FORCE mode: some safety checks are disabled!

[00:00:00] Reading alignment from file: /home/ha/Code/final_thesis/data_phylov2/dna/test/29/data.phy
[00:00:00] Loaded alignment with 15 taxa and 446 sites

Alignment comprises 1 partitions and 318 patterns

Partition 0: noname
Model: GTR{1.42935/3.18298/1.44382/0.79716/3.80474/1}+FU{0.22035/0.23833/0.24384/0.29749}+IU{0.162}+G4m{0.906}
Alignment sites / patterns: 446 / 318
Gaps: 2.38 %
Invariant sites: 27.35 %


NOTE: Binary MSA file created: /home/ha/Code/final_thesis/data_phylov2/precompute/29/29_infer.raxml.rba

Parallelization scheme autoconfig: 1 worker(s) x 1 thread(s)

[00:00:00] Loading user starting tree(s) from: /home/ha/Code/final_thesis/data_phylov2/dna/test/29/start.newick
Parallel reduction/worker buffer size: 1 KB  / 0 KB

[00:00:00] Data distribution: max. partitions/sites/weight per thread: 1 / 318 / 5088
[00:00:00] Data distribution: max. searches per worker: 1

Starting ML tree search with 1 distinct starting trees

[00:00:00 -4764.193150] Initial branch length optimization
[00:00:00 -4764.193122] Model parameter optimization (eps = 10.000000)
[00:00:00 -4764.193120] AUTODETECT spr round 1 (radius: 5)
[00:00:00 -4761.966975] AUTODETECT spr round 2 (radius: 10)
[00:00:00 -4761.914834] SPR radius for FAST iterations: 5 (autodetect)
[00:00:00 -4761.914834] Model parameter optimization (eps = 3.000000)
[00:00:00 -4761.910490] FAST spr round 1 (radius: 5)
[00:00:00 -4760.879414] Model parameter optimization (eps = 1.000000)
[00:00:00 -4760.875414] SLOW spr round 1 (radius: 5)
[00:00:00 -4760.065968] SLOW spr round 2 (radius: 10)
[00:00:00 -4760.065475] SLOW spr round 3 (radius: 15)
[00:00:00 -4760.065462] Model parameter optimization (eps = 0.100000)

[00:00:00] ML tree search #1, logLikelihood: -4760.065462


Optimized model parameters:

   Partition 0: noname
   Rate heterogeneity: GAMMA (4 cats, mean),  alpha: 0.906000 (user),  weights&rates: (0.250000,0.117838) (0.250000,0.446553) (0.250000,0.982493) (0.250000,2.453116) 
   P-inv (user): 0.162000
   Base frequencies (user): 0.220348 0.238328 0.243838 0.297487 
   Substitution rates (user): 1.429350 3.182980 1.443820 0.797160 3.804740 1.000000 


Final LogLikelihood: -4760.065462

AIC score: 9574.130923 / AICc score: 9577.748148 / BIC score: 9684.839535
Free parameters (model + branch lengths): 27

Best ML tree saved to: /home/ha/Code/final_thesis/data_phylov2/precompute/29/29_infer.raxml.bestTree
Optimized model saved to: /home/ha/Code/final_thesis/data_phylov2/precompute/29/29_infer.raxml.bestModel

Execution log saved to: /home/ha/Code/final_thesis/data_phylov2/precompute/29/29_infer.raxml.log

Analysis started: 16-May-2026 11:52:29 / finished: 16-May-2026 11:52:29

Elapsed time: 0.266 seconds

