IQ-TREE version 3.1.1 for Linux x86 64-bit built Apr  8 2026
Developed by Bui Quang Minh, Thomas Wong, Nhan Ly-Trong, Huaiyan Ren
Contributed by Lam-Tung Nguyen, Dominik Schrempf, Chris Bielow,
Olga Chernomor, Michael Woodhams, Diep Thi Hoang, Heiko Schmidt

Host:    3b61efb33633 (AVX2, FMA3, 503 GB RAM)
Command: iqtree3 -s /root/final_thesis/data/dna/test/29/data.phy -t /root/final_thesis/data/dna/test/29/start.newick -m GTR{2.01099,1.73845,1.42710,0.59331,3.11423}+F{0.17935,0.22284,0.30137,0.29644}+I{0.475}+G4{0.555} --prefix precompute/29/29_infer --threads auto --redo
Seed:    978679 (Using SPRNG - Scalable Parallel Random Number Generator)
Time:    Tue May  5 02:33:03 2026
Kernel:  AVX+FMA - auto-detect threads (128 CPU cores detected)

Reading alignment file /root/final_thesis/data/dna/test/29/data.phy ... Phylip format detected
Alignment most likely contains DNA/RNA sequences
Constructing alignment: done in 0.00298293 secs using 1.231e+04% CPU
Alignment has 20 sequences with 752 columns, 124 distinct patterns
102 parsimony-informative, 157 singleton sites, 493 constant sites
       Gap/Ambiguity  Composition  p-value
Analyzing sequences: done in 0.00451628 secs using 1.37e+04% CPU
   1  Sp000    0.00%    passed     88.85%
   2  Sp001    0.00%    passed     90.04%
   3  Sp002    0.00%    passed     92.95%
   4  Sp003    0.13%    passed     49.20%
   5  Sp004    0.00%    passed     91.22%
   6  Sp005    0.00%    passed     84.81%
   7  Sp006    0.00%    passed     99.53%
   8  Sp007    0.00%    passed     99.53%
   9  Sp008    0.00%    passed     94.61%
  10  Sp009    0.00%    passed     90.22%
  11  Sp010    0.00%    passed     97.46%
  12  Sp011    0.00%    passed     99.14%
  13  Sp012    0.00%    passed     98.65%
  14  Sp013    0.00%    passed     96.00%
  15  Sp014    0.00%    passed     98.32%
  16  Sp015    0.00%    passed     98.85%
  17  Sp016    0.00%    passed     99.53%
  18  Sp017    0.00%    passed     99.53%
  19  Sp018    0.00%    passed     91.80%
  20  Sp019    0.00%    passed     85.33%
****  TOTAL    0.01%  0 sequences failed composition chi2 test (p-value<5%; df=3)
NOTE: Sp007 is identical to Sp006 but kept for subsequent analysis
Checking for duplicate sequences: done in 0.00347088 secs using 1.421e+04% CPU
Identifying sites to remove: done in 0.000254793 secs using 294.7% CPU
NOTE: 2 identical sequences (see below) will be ignored for subsequent analysis
NOTE: Sp016 (identical to Sp006) is ignored but added at the end
NOTE: Sp017 (identical to Sp006) is ignored but added at the end
Alignment was printed to precompute/29/29_infer.uniqueseq.phy

For your convenience alignment with unique sequences printed to precompute/29/29_infer.uniqueseq.phy
Reading input tree file /root/final_thesis/data/dna/test/29/start.newick ...

NOTE: 0 MB RAM (0 GB) is required!
Measuring multi-threading efficiency up to 128 CPU cores
Increase to 10 rounds for branch lengths
38137 trees examined
Threads: 1 / Time: 128.003 sec / Speedup: 1.000 / Efficiency: 100% / LogL: -3367
Threads: 2 / Time: 229.161 sec / Speedup: 0.559 / Efficiency: 28% / LogL: -3367
Determining AUTO threadcount: done in 357.164 secs using 153.9% CPU
BEST NUMBER OF THREADS: 1

Estimate model parameters (epsilon = 0.100)
1. Initial log-likelihood: -4406.360
2. Current log-likelihood: -3303.820
3. Current log-likelihood: -3302.961
Optimal log-likelihood: -3302.955
Rate parameters:  A-C: 2.01099  A-G: 1.73845  A-T: 1.42710  C-G: 0.59331  C-T: 3.11423  G-T: 1.00000
Base frequencies:  A: 0.179  C: 0.223  G: 0.301  T: 0.296
Proportion of invariable sites: 0.475
Gamma shape alpha: 0.555
Parameters optimization took 3 rounds (0.003 sec)
Wrote distance file to... 

Do NNI search on 1 best initial trees
Estimate model parameters (epsilon = 0.100)
BETTER TREE FOUND at iteration 1: -2880.078
Finish initializing candidate tree set (2)
Current best tree score: -2880.078 / CPU time: 0.034
Number of iterations: 1
--------------------------------------------------------------------
|               OPTIMIZING CANDIDATE TREE SET                      |
--------------------------------------------------------------------
Estimate model parameters (epsilon = 0.100)
BETTER TREE FOUND at iteration 2: -2666.682
Estimate model parameters (epsilon = 0.100)
BETTER TREE FOUND at iteration 4: -2661.647
BETTER TREE FOUND at iteration 7: -2661.647
BETTER TREE FOUND at iteration 9: -2661.638
Iteration 10 / LogL: -2661.647 / Time: 0h:5m:57s
BETTER TREE FOUND at iteration 14: -2661.635
BETTER TREE FOUND at iteration 17: -2661.627
Iteration 20 / LogL: -2661.665 / Time: 0h:5m:57s
Iteration 30 / LogL: -2661.637 / Time: 0h:5m:57s (0h:17m:52s left)
BETTER TREE FOUND at iteration 38: -2661.627
Iteration 40 / LogL: -2661.637 / Time: 0h:5m:57s (0h:14m:58s left)
Iteration 50 / LogL: -2661.636 / Time: 0h:5m:57s (0h:10m:42s left)
Iteration 60 / LogL: -2661.670 / Time: 0h:5m:57s (0h:7m:53s left)
BETTER TREE FOUND at iteration 68: -2661.627
Iteration 70 / LogL: -2661.639 / Time: 0h:5m:58s (0h:8m:28s left)
BETTER TREE FOUND at iteration 78: -2661.627
Iteration 80 / LogL: -2674.519 / Time: 0h:5m:58s (0h:7m:24s left)
Iteration 90 / LogL: -2661.637 / Time: 0h:5m:58s (0h:5m:54s left)
Iteration 100 / LogL: -2661.636 / Time: 0h:5m:58s (0h:4m:42s left)
Iteration 110 / LogL: -2661.658 / Time: 0h:5m:58s (0h:3m:43s left)
Iteration 120 / LogL: -2661.627 / Time: 0h:5m:58s (0h:2m:54s left)
Iteration 130 / LogL: -2661.649 / Time: 0h:5m:58s (0h:2m:13s left)
Iteration 140 / LogL: -2661.636 / Time: 0h:5m:58s (0h:1m:38s left)
Iteration 150 / LogL: -2661.636 / Time: 0h:5m:58s (0h:1m:7s left)
Iteration 160 / LogL: -2661.741 / Time: 0h:5m:58s (0h:0m:40s left)
Iteration 170 / LogL: -2661.638 / Time: 0h:5m:59s (0h:0m:16s left)
BETTER TREE FOUND at iteration 178: -2661.627
Iteration 180 / LogL: -2661.665 / Time: 0h:5m:59s (0h:3m:16s left)
Iteration 190 / LogL: -2661.636 / Time: 0h:5m:59s (0h:2m:47s left)
Iteration 200 / LogL: -2661.636 / Time: 0h:5m:59s (0h:2m:20s left)
Iteration 210 / LogL: -2663.218 / Time: 0h:5m:59s (0h:1m:56s left)
Iteration 220 / LogL: -2661.658 / Time: 0h:5m:59s (0h:1m:35s left)
Iteration 230 / LogL: -2661.635 / Time: 0h:5m:59s (0h:1m:15s left)
Iteration 240 / LogL: -2661.635 / Time: 0h:5m:59s (0h:0m:57s left)
Iteration 250 / LogL: -2666.689 / Time: 0h:5m:59s (0h:0m:40s left)
Iteration 260 / LogL: -2661.636 / Time: 0h:5m:59s (0h:0m:25s left)
BETTER TREE FOUND at iteration 270: -2661.627
Iteration 270 / LogL: -2661.627 / Time: 0h:6m:0s (0h:2m:13s left)
BETTER TREE FOUND at iteration 279: -2661.627
Iteration 280 / LogL: -2674.641 / Time: 0h:6m:0s (0h:2m:7s left)
Iteration 290 / LogL: -2661.667 / Time: 0h:6m:0s (0h:1m:50s left)
Iteration 300 / LogL: -2661.645 / Time: 0h:6m:0s (0h:1m:35s left)
Iteration 310 / LogL: -2661.627 / Time: 0h:6m:0s (0h:1m:20s left)
Iteration 320 / LogL: -2661.635 / Time: 0h:6m:0s (0h:1m:6s left)
Iteration 330 / LogL: -2661.643 / Time: 0h:6m:0s (0h:0m:53s left)
Iteration 340 / LogL: -2661.637 / Time: 0h:6m:0s (0h:0m:41s left)
Iteration 350 / LogL: -2661.634 / Time: 0h:6m:0s (0h:0m:29s left)
Iteration 360 / LogL: -2661.635 / Time: 0h:6m:0s (0h:0m:19s left)
Iteration 370 / LogL: -2661.635 / Time: 0h:6m:1s (0h:0m:8s left)
Iteration 380 / LogL: -2661.627 / Time: 0h:6m:1s (0h:0m:-1s left)
TREE SEARCH COMPLETED AFTER 380 ITERATIONS / Time: 0h:6m:1s

--------------------------------------------------------------------
|                    FINALIZING TREE SEARCH                        |
--------------------------------------------------------------------
Performs final model parameters optimization
Estimate model parameters (epsilon = 0.010)
1. Initial log-likelihood: -2661.627
Optimal log-likelihood: -2661.627
Rate parameters:  A-C: 2.01099  A-G: 1.73845  A-T: 1.42710  C-G: 0.59331  C-T: 3.11423  G-T: 1.00000
Base frequencies:  A: 0.179  C: 0.223  G: 0.301  T: 0.296
Proportion of invariable sites: 0.475
Gamma shape alpha: 0.555
Parameters optimization took 1 rounds (0.001 sec)
BEST SCORE FOUND : -2661.627
Total tree length: 2.616

Total number of iterations: 380
CPU time used for tree search: 3.596 sec (0h:0m:3s)
Wall-clock time used for tree search: 3.946 sec (0h:0m:3s)
Total CPU time used: 554.953 sec (0h:9m:14s)
Total wall-clock time used: 361.221 sec (0h:6m:1s)

Analysis results written to: 
  IQ-TREE report:                precompute/29/29_infer.iqtree
  Maximum-likelihood tree:       precompute/29/29_infer.treefile
  Screen log file:               precompute/29/29_infer.log

Date and Time: Tue May  5 02:39:05 2026
