
RAxML-NG v. 1.2.2 released on 11.04.2024 by The Exelixis Lab.
Developed by: Alexey M. Kozlov and Alexandros Stamatakis.
Contributors: Diego Darriba, Tomas Flouri, Benoit Morel, Sarah Lutteropp, Ben Bettisworth, Julia Haag, Anastasis Togkousidis.
Latest version: https://github.com/amkozlov/raxml-ng
Questions/problems/suggestions? Please visit: https://groups.google.com/forum/#!forum/raxml

System: 13th Gen Intel(R) Core(TM) i5-13500H, 12 cores, 31 GB RAM (allocated: 8 physical cores)

RAxML-NG was called at 16-May-2026 11:52:19 as follows:

raxml-ng --search --msa /home/ha/Code/final_thesis/data_phylov2/dna/test/21/data.phy --tree /home/ha/Code/final_thesis/data_phylov2/dna/test/21/start.newick --model GTR{2408.64888/5111.22557/2579.35030/1.00000/1661.56899/1.00000}+I{0.630}+G{0.02}+F{0.25931/0.24988/0.22814/0.26267} --prefix /home/ha/Code/final_thesis/data_phylov2/precompute/21/21_infer --threads 1 --seed 42 --force perf_threads --redo

Analysis options:
  run mode: ML tree search
  start tree(s): user
  random seed: 42
  tip-inner: OFF
  pattern compression: ON
  per-rate scalers: OFF
  site repeats: ON
  logLH epsilon: general: 10.000000, brlen-triplet: 1000.000000
  fast spr radius: AUTO
  spr subtree cutoff: 1.000000
  fast CLV updates: ON
  branch lengths: proportional (ML estimate, algorithm: NR-FAST)
  SIMD kernels: AVX2
  parallelization: coarse-grained (auto), NONE/sequential

WARNING: Running in REDO mode: existing checkpoints are ignored, and all result files will be overwritten!

WARNING: Running in FORCE mode: some safety checks are disabled!

[00:00:00] Reading alignment from file: /home/ha/Code/final_thesis/data_phylov2/dna/test/21/data.phy
[00:00:00] Loaded alignment with 15 taxa and 435 sites

WARNING: Sequences Sp000 and Sp001 are exactly identical!
WARNING: Sequences Sp002 and Sp003 are exactly identical!
WARNING: Sequences Sp005 and Sp008 are exactly identical!
WARNING: Sequences Sp006 and Sp007 are exactly identical!
WARNING: Sequences Sp009 and Sp010 are exactly identical!
WARNING: Duplicate sequences found: 5

NOTE: Reduced alignment (with duplicates and gap-only sites/taxa removed) 
NOTE: was saved to: /home/ha/Code/final_thesis/data_phylov2/precompute/21/21_infer.raxml.reduced.phy

Alignment comprises 1 partitions and 23 patterns

Partition 0: noname
Model: GTR{2408.65/5111.23/2579.35/1/1661.57/1}+FU{0.25931/0.24988/0.22814/0.26267}+IU{0.63}+G4m{0.02}
Alignment sites / patterns: 435 / 23
Gaps: 3.22 %
Invariant sites: 97.47 %


NOTE: Binary MSA file created: /home/ha/Code/final_thesis/data_phylov2/precompute/21/21_infer.raxml.rba

Parallelization scheme autoconfig: 1 worker(s) x 1 thread(s)

[00:00:00] Loading user starting tree(s) from: /home/ha/Code/final_thesis/data_phylov2/dna/test/21/start.newick
Parallel reduction/worker buffer size: 1 KB  / 0 KB

[00:00:00] Data distribution: max. partitions/sites/weight per thread: 1 / 23 / 368
[00:00:00] Data distribution: max. searches per worker: 1

Starting ML tree search with 1 distinct starting trees

[00:00:00 -806.667608] Initial branch length optimization
[00:00:00 -690.167364] Model parameter optimization (eps = 10.000000)
[00:00:00 -690.163223] AUTODETECT spr round 1 (radius: 5)
[00:00:00 -690.163160] SPR radius for FAST iterations: 5 (autodetect)
[00:00:00 -690.163160] Model parameter optimization (eps = 3.000000)
[00:00:00 -690.163160] FAST spr round 1 (radius: 5)
[00:00:00 -690.163160] Model parameter optimization (eps = 1.000000)
[00:00:00 -690.163160] SLOW spr round 1 (radius: 5)
[00:00:00 -690.163160] SLOW spr round 2 (radius: 10)
[00:00:00 -690.163160] SLOW spr round 3 (radius: 15)
[00:00:00 -690.163160] Model parameter optimization (eps = 0.100000)

[00:00:00] ML tree search #1, logLikelihood: -690.163160


Optimized model parameters:

   Partition 0: noname
   Rate heterogeneity: GAMMA (4 cats, mean),  alpha: 0.020000 (user),  weights&rates: (0.250000,0.000000) (0.250000,0.000000) (0.250000,0.000001) (0.250000,3.999999) 
   P-inv (user): 0.630000
   Base frequencies (user): 0.259310 0.249880 0.228140 0.262670 
   Substitution rates (user): 2408.648880 5111.225570 2579.350300 1.000000 1661.568990 1.000000 


Final LogLikelihood: -690.163160

AIC score: 1434.326320 / AICc score: 1438.041308 / BIC score: 1544.360663
Free parameters (model + branch lengths): 27

WARNING: Best ML tree contains 8 near-zero branches!

Best ML tree with collapsed near-zero branches saved to: /home/ha/Code/final_thesis/data_phylov2/precompute/21/21_infer.raxml.bestTreeCollapsed
Best ML tree saved to: /home/ha/Code/final_thesis/data_phylov2/precompute/21/21_infer.raxml.bestTree
Optimized model saved to: /home/ha/Code/final_thesis/data_phylov2/precompute/21/21_infer.raxml.bestModel

Execution log saved to: /home/ha/Code/final_thesis/data_phylov2/precompute/21/21_infer.raxml.log

Analysis started: 16-May-2026 11:52:19 / finished: 16-May-2026 11:52:19

Elapsed time: 0.042 seconds

