IQ-TREE version 3.1.1 for Linux x86 64-bit built Apr  8 2026
Developed by Bui Quang Minh, Thomas Wong, Nhan Ly-Trong, Huaiyan Ren
Contributed by Lam-Tung Nguyen, Dominik Schrempf, Chris Bielow,
Olga Chernomor, Michael Woodhams, Diep Thi Hoang, Heiko Schmidt

Host:    3b61efb33633 (AVX2, FMA3, 503 GB RAM)
Command: iqtree3 -s /root/final_thesis/data/dna/test/31/data.phy -t /root/final_thesis/data/dna/test/31/start.newick -m GTR{2.27195,8.24888,2.40948,1.26352,19.24213}+F{0.25131,0.20462,0.30578,0.23829}+I{0.415}+G4{0.247} --prefix precompute/31/31_infer --threads auto --redo
Seed:    243429 (Using SPRNG - Scalable Parallel Random Number Generator)
Time:    Tue May  5 02:44:54 2026
Kernel:  AVX+FMA - auto-detect threads (128 CPU cores detected)

Reading alignment file /root/final_thesis/data/dna/test/31/data.phy ... Phylip format detected
Alignment most likely contains DNA/RNA sequences
Constructing alignment: done in 0.00282504 secs using 9433% CPU
Alignment has 20 sequences with 751 columns, 133 distinct patterns
86 parsimony-informative, 50 singleton sites, 615 constant sites
       Gap/Ambiguity  Composition  p-value
Analyzing sequences: done in 0.0944893 secs using 848.2% CPU
   1  Sp000    1.20%    passed     99.29%
   2  Sp001    1.33%    passed     99.78%
   3  Sp002    1.60%    passed     98.30%
   4  Sp003    1.60%    passed     98.30%
   5  Sp004    1.60%    passed     98.30%
   6  Sp005    1.60%    passed     98.68%
   7  Sp006    1.60%    passed     99.34%
   8  Sp007    1.73%    passed     99.99%
   9  Sp008    1.60%    passed     99.92%
  10  Sp009    1.60%    passed     72.15%
  11  Sp010    1.60%    passed     93.83%
  12  Sp011    1.73%    passed     81.65%
  13  Sp012    1.73%    passed     97.82%
  14  Sp013    1.60%    passed     90.39%
  15  Sp014    1.60%    passed     90.39%
  16  Sp015    1.60%    passed     94.81%
  17  Sp016    1.33%    passed     89.21%
  18  Sp017    1.33%    passed     89.21%
  19  Sp018    1.86%    passed     79.41%
  20  Sp019    0.93%    passed     84.32%
****  TOTAL    1.54%  0 sequences failed composition chi2 test (p-value<5%; df=3)
NOTE: Sp003 is identical to Sp002 but kept for subsequent analysis
NOTE: Sp014 is identical to Sp013 but kept for subsequent analysis
NOTE: Sp017 is identical to Sp016 but kept for subsequent analysis
Checking for duplicate sequences: done in 0.0935427 secs using 834% CPU
Identifying sites to remove: done in 0.000372241 secs using 302.8% CPU
NOTE: 1 identical sequences (see below) will be ignored for subsequent analysis
NOTE: Sp004 (identical to Sp002) is ignored but added at the end
Alignment was printed to precompute/31/31_infer.uniqueseq.phy

For your convenience alignment with unique sequences printed to precompute/31/31_infer.uniqueseq.phy
Reading input tree file /root/final_thesis/data/dna/test/31/start.newick ...

NOTE: 0 MB RAM (0 GB) is required!
Measuring multi-threading efficiency up to 128 CPU cores
Increase to 10 rounds for branch lengths
32269 trees examined
Threads: 1 / Time: 128.004 sec / Speedup: 1.000 / Efficiency: 100% / LogL: -2804
Threads: 2 / Time: 211.978 sec / Speedup: 0.604 / Efficiency: 30% / LogL: -2804
Determining AUTO threadcount: done in 339.983 secs using 152.1% CPU
BEST NUMBER OF THREADS: 1

Estimate model parameters (epsilon = 0.100)
1. Initial log-likelihood: -3073.273
2. Current log-likelihood: -2865.865
3. Current log-likelihood: -2840.724
4. Current log-likelihood: -2840.391
Optimal log-likelihood: -2840.386
Rate parameters:  A-C: 2.27195  A-G: 8.24888  A-T: 2.40948  C-G: 1.26352  C-T: 19.24213  G-T: 1.00000
Base frequencies:  A: 0.251  C: 0.205  G: 0.306  T: 0.238
Proportion of invariable sites: 0.415
Gamma shape alpha: 0.247
Parameters optimization took 4 rounds (0.005 sec)
Wrote distance file to... 

Do NNI search on 1 best initial trees
Estimate model parameters (epsilon = 0.100)
BETTER TREE FOUND at iteration 1: -2411.022
Finish initializing candidate tree set (2)
Current best tree score: -2411.022 / CPU time: 0.037
Number of iterations: 1
--------------------------------------------------------------------
|               OPTIMIZING CANDIDATE TREE SET                      |
--------------------------------------------------------------------
Iteration 10 / LogL: -2411.036 / Time: 0h:5m:40s
Iteration 20 / LogL: -2411.234 / Time: 0h:5m:40s
Iteration 30 / LogL: -2411.030 / Time: 0h:5m:40s (0h:13m:53s left)
Iteration 40 / LogL: -2411.034 / Time: 0h:5m:40s (0h:8m:52s left)
Iteration 50 / LogL: -2411.183 / Time: 0h:5m:40s (0h:5m:54s left)
Iteration 60 / LogL: -2411.128 / Time: 0h:5m:40s (0h:3m:56s left)
Iteration 70 / LogL: -2411.023 / Time: 0h:5m:40s (0h:2m:33s left)
Iteration 80 / LogL: -2426.173 / Time: 0h:5m:41s (0h:1m:30s left)
Iteration 90 / LogL: -2411.023 / Time: 0h:5m:41s (0h:0m:42s left)
Iteration 100 / LogL: -2411.065 / Time: 0h:5m:41s (0h:0m:3s left)
TREE SEARCH COMPLETED AFTER 102 ITERATIONS / Time: 0h:5m:41s

--------------------------------------------------------------------
|                    FINALIZING TREE SEARCH                        |
--------------------------------------------------------------------
Performs final model parameters optimization
Estimate model parameters (epsilon = 0.010)
1. Initial log-likelihood: -2411.022
Optimal log-likelihood: -2411.022
Rate parameters:  A-C: 2.27195  A-G: 8.24888  A-T: 2.40948  C-G: 1.26352  C-T: 19.24213  G-T: 1.00000
Base frequencies:  A: 0.251  C: 0.205  G: 0.306  T: 0.238
Proportion of invariable sites: 0.415
Gamma shape alpha: 0.247
Parameters optimization took 1 rounds (0.001 sec)
BEST SCORE FOUND : -2411.022
Total tree length: 0.472

Total number of iterations: 102
CPU time used for tree search: 1.061 sec (0h:0m:1s)
Wall-clock time used for tree search: 1.150 sec (0h:0m:1s)
Total CPU time used: 519.791 sec (0h:8m:39s)
Total wall-clock time used: 341.248 sec (0h:5m:41s)

Analysis results written to: 
  IQ-TREE report:                precompute/31/31_infer.iqtree
  Maximum-likelihood tree:       precompute/31/31_infer.treefile
  Screen log file:               precompute/31/31_infer.log

Date and Time: Tue May  5 02:50:36 2026
