IQ-TREE version 3.1.1 for Linux x86 64-bit built Apr  8 2026
Developed by Bui Quang Minh, Thomas Wong, Nhan Ly-Trong, Huaiyan Ren
Contributed by Lam-Tung Nguyen, Dominik Schrempf, Chris Bielow,
Olga Chernomor, Michael Woodhams, Diep Thi Hoang, Heiko Schmidt

Host:    ha-ThinkPad-E14-Gen-5 (AVX2, FMA3, 31 GB RAM)
Command: iqtree3 -s /home/ha/Code/final_thesis/data_phylov2/dna/test/30/data.phy -t /home/ha/Code/final_thesis/data_phylov2/dna/test/30/start.newick -m GTR{2.01099,1.73845,1.42710,0.59331,3.11423}+F{0.17935,0.22284,0.30137,0.29644}+I{0.475}+G4{0.555} --prefix /home/ha/Code/final_thesis/data_phylov2/precompute/30/30_infer -T 1 --redo
Seed:    318222 (Using SPRNG - Scalable Parallel Random Number Generator)
Time:    Sat May 16 11:52:29 2026
Kernel:  AVX+FMA - 1 threads (16 CPU cores detected)

HINT: Use -nt option to specify number of threads because your CPU has 16 cores!
HINT: -nt AUTO will automatically determine the best number of threads to use.

Reading alignment file /home/ha/Code/final_thesis/data_phylov2/dna/test/30/data.phy ... Phylip format detected
Alignment most likely contains DNA/RNA sequences
Constructing alignment: done in 0.000634094 secs using 82.64% CPU
Alignment has 20 sequences with 752 columns, 124 distinct patterns
102 parsimony-informative, 157 singleton sites, 493 constant sites
       Gap/Ambiguity  Composition  p-value
Analyzing sequences: done in 1.5346e-05 secs using 91.23% CPU
   1  Sp000    0.00%    passed     88.85%
   2  Sp001    0.00%    passed     90.04%
   3  Sp002    0.00%    passed     92.95%
   4  Sp003    0.13%    passed     49.20%
   5  Sp004    0.00%    passed     91.22%
   6  Sp005    0.00%    passed     84.81%
   7  Sp006    0.00%    passed     99.53%
   8  Sp007    0.00%    passed     99.53%
   9  Sp008    0.00%    passed     94.61%
  10  Sp009    0.00%    passed     90.22%
  11  Sp010    0.00%    passed     97.46%
  12  Sp011    0.00%    passed     99.14%
  13  Sp012    0.00%    passed     98.65%
  14  Sp013    0.00%    passed     96.00%
  15  Sp014    0.00%    passed     98.32%
  16  Sp015    0.00%    passed     98.85%
  17  Sp016    0.00%    passed     99.53%
  18  Sp017    0.00%    passed     99.53%
  19  Sp018    0.00%    passed     91.80%
  20  Sp019    0.00%    passed     85.33%
****  TOTAL    0.01%  0 sequences failed composition chi2 test (p-value<5%; df=3)
NOTE: Sp007 is identical to Sp006 but kept for subsequent analysis
Checking for duplicate sequences: done in 5.5794e-05 secs using 98.58% CPU
Identifying sites to remove: done in 0.00030125 secs using 99.59% CPU
NOTE: 2 identical sequences (see below) will be ignored for subsequent analysis
NOTE: Sp016 (identical to Sp006) is ignored but added at the end
NOTE: Sp017 (identical to Sp006) is ignored but added at the end
Alignment was printed to /home/ha/Code/final_thesis/data_phylov2/precompute/30/30_infer.uniqueseq.phy

For your convenience alignment with unique sequences printed to /home/ha/Code/final_thesis/data_phylov2/precompute/30/30_infer.uniqueseq.phy
Reading input tree file /home/ha/Code/final_thesis/data_phylov2/dna/test/30/start.newick ...

NOTE: 0 MB RAM (0 GB) is required!
Estimate model parameters (epsilon = 0.100)
1. Initial log-likelihood: -2666.360
Optimal log-likelihood: -2666.363
Rate parameters:  A-C: 2.01099  A-G: 1.73845  A-T: 1.42710  C-G: 0.59331  C-T: 3.11423  G-T: 1.00000
Base frequencies:  A: 0.179  C: 0.223  G: 0.301  T: 0.296
Proportion of invariable sites: 0.475
Gamma shape alpha: 0.555
Parameters optimization took 1 rounds (0.004 sec)
Wrote distance file to... 

Do NNI search on 1 best initial trees
Estimate model parameters (epsilon = 0.100)
BETTER TREE FOUND at iteration 1: -2663.228
Finish initializing candidate tree set (2)
Current best tree score: -2663.228 / CPU time: 0.029
Number of iterations: 1
--------------------------------------------------------------------
|               OPTIMIZING CANDIDATE TREE SET                      |
--------------------------------------------------------------------
Estimate model parameters (epsilon = 0.100)
BETTER TREE FOUND at iteration 5: -2663.161
UPDATE BEST LOG-LIKELIHOOD: -2663.156
Estimate model parameters (epsilon = 0.100)
BETTER TREE FOUND at iteration 9: -2661.631
Iteration 10 / LogL: -2663.196 / Time: 0h:0m:0s
Iteration 20 / LogL: -2762.745 / Time: 0h:0m:0s
Iteration 30 / LogL: -2663.156 / Time: 0h:0m:0s (0h:0m:0s left)
UPDATE BEST LOG-LIKELIHOOD: -2661.631
Iteration 40 / LogL: -2661.631 / Time: 0h:0m:0s (0h:0m:0s left)
UPDATE BEST LOG-LIKELIHOOD: -2661.631
Iteration 50 / LogL: -2663.156 / Time: 0h:0m:0s (0h:0m:0s left)
UPDATE BEST LOG-LIKELIHOOD: -2661.624
Iteration 60 / LogL: -2661.661 / Time: 0h:0m:0s (0h:0m:0s left)
UPDATE BEST LOG-LIKELIHOOD: -2661.623
Iteration 70 / LogL: -2661.631 / Time: 0h:0m:0s (0h:0m:0s left)
Iteration 80 / LogL: -2661.633 / Time: 0h:0m:0s (0h:0m:0s left)
UPDATE BEST LOG-LIKELIHOOD: -2661.623
UPDATE BEST LOG-LIKELIHOOD: -2661.623
Iteration 90 / LogL: -2661.631 / Time: 0h:0m:0s (0h:0m:0s left)
UPDATE BEST LOG-LIKELIHOOD: -2661.622
Iteration 100 / LogL: -2661.633 / Time: 0h:0m:0s (0h:0m:0s left)
Iteration 110 / LogL: -2674.535 / Time: 0h:0m:0s (0h:0m:-1s left)
TREE SEARCH COMPLETED AFTER 110 ITERATIONS / Time: 0h:0m:0s

--------------------------------------------------------------------
|                    FINALIZING TREE SEARCH                        |
--------------------------------------------------------------------
Performs final model parameters optimization
Estimate model parameters (epsilon = 0.010)
1. Initial log-likelihood: -2661.622
Optimal log-likelihood: -2661.622
Rate parameters:  A-C: 2.01099  A-G: 1.73845  A-T: 1.42710  C-G: 0.59331  C-T: 3.11423  G-T: 1.00000
Base frequencies:  A: 0.179  C: 0.223  G: 0.301  T: 0.296
Proportion of invariable sites: 0.475
Gamma shape alpha: 0.555
Parameters optimization took 1 rounds (0.001 sec)
BEST SCORE FOUND : -2661.622
Total tree length: 2.615

Total number of iterations: 110
CPU time used for tree search: 0.865 sec (0h:0m:0s)
Wall-clock time used for tree search: 0.905 sec (0h:0m:0s)
Total CPU time used: 0.883 sec (0h:0m:0s)
Total wall-clock time used: 0.923 sec (0h:0m:0s)

Analysis results written to: 
  IQ-TREE report:                /home/ha/Code/final_thesis/data_phylov2/precompute/30/30_infer.iqtree
  Maximum-likelihood tree:       /home/ha/Code/final_thesis/data_phylov2/precompute/30/30_infer.treefile
  Screen log file:               /home/ha/Code/final_thesis/data_phylov2/precompute/30/30_infer.log

Date and Time: Sat May 16 11:52:30 2026
