
RAxML-NG v. 1.2.2 released on 11.04.2024 by The Exelixis Lab.
Developed by: Alexey M. Kozlov and Alexandros Stamatakis.
Contributors: Diego Darriba, Tomas Flouri, Benoit Morel, Sarah Lutteropp, Ben Bettisworth, Julia Haag, Anastasis Togkousidis.
Latest version: https://github.com/amkozlov/raxml-ng
Questions/problems/suggestions? Please visit: https://groups.google.com/forum/#!forum/raxml

System: AMD Eng Sample: 100-000000425_37/24_N, 64 cores, 503 GB RAM

RAxML-NG was called at 05-May-2026 02:44:54 as follows:

raxml-ng --search --msa /root/final_thesis/data/dna/test/30/data.phy --tree /root/final_thesis/data/dna/test/30/start.newick --model GTR{1.89115/1.16259/1.49466/1.16381/3.72895/1.00000}+I{0.711}+G{0.78}+F{0.26749/0.20946/0.29789/0.22515} --prefix precompute/30/30_infer --threads auto --seed 42 --force perf_threads

Analysis options:
  run mode: ML tree search
  start tree(s): user
  random seed: 42
  tip-inner: OFF
  pattern compression: ON
  per-rate scalers: OFF
  site repeats: ON
  logLH epsilon: general: 10.000000, brlen-triplet: 1000.000000
  fast spr radius: AUTO
  spr subtree cutoff: 1.000000
  fast CLV updates: ON
  branch lengths: proportional (ML estimate, algorithm: NR-FAST)
  SIMD kernels: AVX2
  parallelization: coarse-grained (auto), PTHREADS (auto)

WARNING: Running in FORCE mode: some safety checks are disabled!

[00:00:00] Reading alignment from file: /root/final_thesis/data/dna/test/30/data.phy
[00:00:00] Loaded alignment with 20 taxa and 932 sites

Alignment comprises 1 partitions and 153 patterns

Partition 0: noname
Model: GTR{1.89115/1.16259/1.49466/1.16381/3.72895/1}+FU{0.26749/0.20946/0.29789/0.22515}+IU{0.711}+G4m{0.78}
Alignment sites / patterns: 932 / 153
Gaps: 1.73 %
Invariant sites: 85.30 %


NOTE: Binary MSA file created: precompute/30/30_infer.raxml.rba

Parallelization scheme autoconfig: 1 worker(s) x 2 thread(s)

[00:00:00] Loading user starting tree(s) from: /root/final_thesis/data/dna/test/30/start.newick
Parallel reduction/worker buffer size: 1 KB  / 0 KB

[00:00:00] Data distribution: max. partitions/sites/weight per thread: 1 / 77 / 1232
[00:00:00] Data distribution: max. searches per worker: 1

Starting ML tree search with 1 distinct starting trees

[00:00:00 -3149.955881] Initial branch length optimization
[00:00:00 -2878.228674] Model parameter optimization (eps = 10.000000)
[00:00:00 -2876.457649] AUTODETECT spr round 1 (radius: 5)
[00:00:00 -2813.174380] AUTODETECT spr round 2 (radius: 10)
[00:00:00 -2809.827724] AUTODETECT spr round 3 (radius: 15)
[00:00:00 -2809.788155] SPR radius for FAST iterations: 10 (autodetect)
[00:00:00 -2809.788155] Model parameter optimization (eps = 3.000000)
[00:00:00 -2809.784805] FAST spr round 1 (radius: 10)
[00:00:00 -2797.850910] FAST spr round 2 (radius: 10)
[00:00:00 -2797.663682] Model parameter optimization (eps = 1.000000)
[00:00:00 -2797.663634] SLOW spr round 1 (radius: 5)
[00:00:00 -2797.663057] SLOW spr round 2 (radius: 10)
[00:00:00 -2797.422163] SLOW spr round 3 (radius: 15)
[00:00:00 -2797.421717] SLOW spr round 4 (radius: 20)
[00:00:00 -2797.421717] Model parameter optimization (eps = 0.100000)

[00:00:00] ML tree search #1, logLikelihood: -2797.421717


Optimized model parameters:

   Partition 0: noname
   Rate heterogeneity: GAMMA (4 cats, mean),  alpha: 0.780000 (user),  weights&rates: (0.250000,0.091296) (0.250000,0.398955) (0.250000,0.951255) (0.250000,2.558493) 
   P-inv (user): 0.711000
   Base frequencies (user): 0.267493 0.209462 0.297893 0.225152 
   Substitution rates (user): 1.891150 1.162590 1.494660 1.163810 3.728950 1.000000 


Final LogLikelihood: -2797.421717

AIC score: 5668.843434 / AICc score: 5671.988848 / BIC score: 5847.824748
Free parameters (model + branch lengths): 37

WARNING: Best ML tree contains 3 near-zero branches!

Best ML tree with collapsed near-zero branches saved to: /root/final_thesis/precompute/30/30_infer.raxml.bestTreeCollapsed
Best ML tree saved to: /root/final_thesis/precompute/30/30_infer.raxml.bestTree
Optimized model saved to: /root/final_thesis/precompute/30/30_infer.raxml.bestModel

Execution log saved to: /root/final_thesis/precompute/30/30_infer.raxml.log

Analysis started: 05-May-2026 02:44:54 / finished: 05-May-2026 02:44:54

Elapsed time: 0.150 seconds

