
RAxML-NG v. 1.2.2 released on 11.04.2024 by The Exelixis Lab.
Developed by: Alexey M. Kozlov and Alexandros Stamatakis.
Contributors: Diego Darriba, Tomas Flouri, Benoit Morel, Sarah Lutteropp, Ben Bettisworth, Julia Haag, Anastasis Togkousidis.
Latest version: https://github.com/amkozlov/raxml-ng
Questions/problems/suggestions? Please visit: https://groups.google.com/forum/#!forum/raxml

System: AMD Eng Sample: 100-000000425_37/24_N, 64 cores, 503 GB RAM

RAxML-NG was called at 05-May-2026 02:27:54 as follows:

raxml-ng --search --msa /root/final_thesis/data/dna/test/27/data.phy --tree /root/final_thesis/data/dna/test/27/start.newick --model GTR{4.31245/11.08286/3.25880/9.27373/10.84176/1.00000}+I{0.431}+G{99.835}+F{0.24423/0.20099/0.19049/0.36429} --prefix precompute/27/27_infer --threads auto --seed 42 --force perf_threads

Analysis options:
  run mode: ML tree search
  start tree(s): user
  random seed: 42
  tip-inner: OFF
  pattern compression: ON
  per-rate scalers: OFF
  site repeats: ON
  logLH epsilon: general: 10.000000, brlen-triplet: 1000.000000
  fast spr radius: AUTO
  spr subtree cutoff: 1.000000
  fast CLV updates: ON
  branch lengths: proportional (ML estimate, algorithm: NR-FAST)
  SIMD kernels: AVX2
  parallelization: coarse-grained (auto), PTHREADS (auto)

WARNING: Running in FORCE mode: some safety checks are disabled!

[00:00:00] Reading alignment from file: /root/final_thesis/data/dna/test/27/data.phy
[00:00:00] Loaded alignment with 15 taxa and 494 sites

WARNING: Sequences Sp002 and Sp009 are exactly identical!
WARNING: Duplicate sequences found: 1

NOTE: Reduced alignment (with duplicates and gap-only sites/taxa removed) 
NOTE: was saved to: /root/final_thesis/precompute/27/27_infer.raxml.reduced.phy

Alignment comprises 1 partitions and 70 patterns

Partition 0: noname
Model: GTR{4.31245/11.0829/3.2588/9.27373/10.8418/1}+FU{0.24423/0.20099/0.19049/0.36429}+IU{0.431}+G4m{99.835}
Alignment sites / patterns: 494 / 70
Gaps: 2.65 %
Invariant sites: 88.66 %


NOTE: Binary MSA file created: precompute/27/27_infer.raxml.rba

Parallelization scheme autoconfig: 1 worker(s) x 1 thread(s)

[00:00:00] Loading user starting tree(s) from: /root/final_thesis/data/dna/test/27/start.newick
Parallel reduction/worker buffer size: 1 KB  / 0 KB

[00:00:00] Data distribution: max. partitions/sites/weight per thread: 1 / 70 / 1120
[00:00:00] Data distribution: max. searches per worker: 1

Starting ML tree search with 1 distinct starting trees

[00:00:00 -1649.887783] Initial branch length optimization
[00:00:00 -1407.030747] Model parameter optimization (eps = 10.000000)
[00:00:00 -1406.963459] AUTODETECT spr round 1 (radius: 5)
[00:00:00 -1088.392727] AUTODETECT spr round 2 (radius: 10)
[00:00:00 -1088.391654] SPR radius for FAST iterations: 5 (autodetect)
[00:00:00 -1088.391654] Model parameter optimization (eps = 3.000000)
[00:00:00 -1088.391652] FAST spr round 1 (radius: 5)
[00:00:00 -1068.878321] FAST spr round 2 (radius: 5)
[00:00:00 -1068.878320] Model parameter optimization (eps = 1.000000)
[00:00:00 -1068.878320] SLOW spr round 1 (radius: 5)
[00:00:00 -1068.878314] SLOW spr round 2 (radius: 10)
[00:00:00 -1068.878314] SLOW spr round 3 (radius: 15)
[00:00:00 -1068.878314] Model parameter optimization (eps = 0.100000)

[00:00:00] ML tree search #1, logLikelihood: -1068.878314


Optimized model parameters:

   Partition 0: noname
   Rate heterogeneity: GAMMA (4 cats, mean),  alpha: 99.835000 (user),  weights&rates: (0.250000,0.875806) (0.250000,0.964708) (0.250000,1.029571) (0.250000,1.129916) 
   P-inv (user): 0.431000
   Base frequencies (user): 0.244230 0.200990 0.190490 0.364290 
   Substitution rates (user): 4.312450 11.082860 3.258800 9.273730 10.841760 1.000000 


Final LogLikelihood: -1068.878314

AIC score: 2191.756628 / AICc score: 2195.001263 / BIC score: 2305.225087
Free parameters (model + branch lengths): 27

WARNING: Best ML tree contains 1 near-zero branches!

Best ML tree with collapsed near-zero branches saved to: /root/final_thesis/precompute/27/27_infer.raxml.bestTreeCollapsed
Best ML tree saved to: /root/final_thesis/precompute/27/27_infer.raxml.bestTree
Optimized model saved to: /root/final_thesis/precompute/27/27_infer.raxml.bestModel

Execution log saved to: /root/final_thesis/precompute/27/27_infer.raxml.log

Analysis started: 05-May-2026 02:27:54 / finished: 05-May-2026 02:27:54

Elapsed time: 0.059 seconds

