
RAxML-NG v. 1.2.2 released on 11.04.2024 by The Exelixis Lab.
Developed by: Alexey M. Kozlov and Alexandros Stamatakis.
Contributors: Diego Darriba, Tomas Flouri, Benoit Morel, Sarah Lutteropp, Ben Bettisworth, Julia Haag, Anastasis Togkousidis.
Latest version: https://github.com/amkozlov/raxml-ng
Questions/problems/suggestions? Please visit: https://groups.google.com/forum/#!forum/raxml

System: AMD Eng Sample: 100-000000425_37/24_N, 64 cores, 503 GB RAM

RAxML-NG was called at 05-May-2026 01:32:14 as follows:

raxml-ng --search --msa /root/final_thesis/data/dna/test/17/data.phy --tree /root/final_thesis/data/dna/test/17/start.newick --model GTR{0.46246/0.54078/0.00091/0.55564/0.37743/1.00000}+I{0.000}+G{2.945}+F{0.28583/0.24792/0.23804/0.22821} --prefix precompute/17/17_infer --threads auto --seed 42 --force perf_threads

Analysis options:
  run mode: ML tree search
  start tree(s): user
  random seed: 42
  tip-inner: OFF
  pattern compression: ON
  per-rate scalers: OFF
  site repeats: ON
  logLH epsilon: general: 10.000000, brlen-triplet: 1000.000000
  fast spr radius: AUTO
  spr subtree cutoff: 1.000000
  fast CLV updates: ON
  branch lengths: proportional (ML estimate, algorithm: NR-FAST)
  SIMD kernels: AVX2
  parallelization: coarse-grained (auto), PTHREADS (auto)

WARNING: Running in FORCE mode: some safety checks are disabled!

[00:00:00] Reading alignment from file: /root/final_thesis/data/dna/test/17/data.phy
[00:00:00] Loaded alignment with 12 taxa and 468 sites

WARNING: Sequences Sp001 and Sp004 are exactly identical!
WARNING: Sequences Sp007 and Sp009 are exactly identical!
WARNING: Sequences Sp008 and Sp011 are exactly identical!
WARNING: Duplicate sequences found: 3

NOTE: Reduced alignment (with duplicates and gap-only sites/taxa removed) 
NOTE: was saved to: /root/final_thesis/precompute/17/17_infer.raxml.reduced.phy

Alignment comprises 1 partitions and 31 patterns

Partition 0: noname
Model: GTR{0.46246/0.54078/0.00091/0.55564/0.37743/1}+FU{0.28583/0.24792/0.23804/0.22821}+IU{0}+G4m{2.945}
Alignment sites / patterns: 468 / 31
Gaps: 4.54 %
Invariant sites: 28.42 %


NOTE: Binary MSA file created: precompute/17/17_infer.raxml.rba

Parallelization scheme autoconfig: 1 worker(s) x 1 thread(s)

[00:00:00] Loading user starting tree(s) from: /root/final_thesis/data/dna/test/17/start.newick
Parallel reduction/worker buffer size: 1 KB  / 0 KB

[00:00:00] Data distribution: max. partitions/sites/weight per thread: 1 / 31 / 496
[00:00:00] Data distribution: max. searches per worker: 1

Starting ML tree search with 1 distinct starting trees

[00:00:00 -2825.790531] Initial branch length optimization
[00:00:00 -1382.513314] Model parameter optimization (eps = 10.000000)
[00:00:00 -1382.513307] AUTODETECT spr round 1 (radius: 5)
[00:00:00 -1323.116398] AUTODETECT spr round 2 (radius: 10)
[00:00:00 -1323.116293] SPR radius for FAST iterations: 5 (autodetect)
[00:00:00 -1323.116293] Model parameter optimization (eps = 3.000000)
[00:00:00 -1323.116293] FAST spr round 1 (radius: 5)
[00:00:00 -1323.116289] Model parameter optimization (eps = 1.000000)
[00:00:00 -1323.116289] SLOW spr round 1 (radius: 5)
[00:00:00 -1323.004673] SLOW spr round 2 (radius: 10)
[00:00:00 -1323.004673] Model parameter optimization (eps = 0.100000)

[00:00:00] ML tree search #1, logLikelihood: -1323.004673


Optimized model parameters:

   Partition 0: noname
   Rate heterogeneity: GAMMA (4 cats, mean),  alpha: 2.945000 (user),  weights&rates: (0.250000,0.384962) (0.250000,0.728437) (0.250000,1.082231) (0.250000,1.804371) 
   P-inv (user): 0.000000
   Base frequencies (user): 0.285830 0.247920 0.238040 0.228210 
   Substitution rates (user): 0.462460 0.540780 0.000910 0.555640 0.377430 1.000000 


Final LogLikelihood: -1323.004673

AIC score: 2688.009346 / AICc score: 2690.081095 / BIC score: 2775.127180
Free parameters (model + branch lengths): 21

WARNING: Best ML tree contains 4 near-zero branches!

Best ML tree with collapsed near-zero branches saved to: /root/final_thesis/precompute/17/17_infer.raxml.bestTreeCollapsed
Best ML tree saved to: /root/final_thesis/precompute/17/17_infer.raxml.bestTree
Optimized model saved to: /root/final_thesis/precompute/17/17_infer.raxml.bestModel

Execution log saved to: /root/final_thesis/precompute/17/17_infer.raxml.log

Analysis started: 05-May-2026 01:32:14 / finished: 05-May-2026 01:32:14

Elapsed time: 0.033 seconds

