IQ-TREE version 3.1.1 for Linux x86 64-bit built Apr  8 2026
Developed by Bui Quang Minh, Thomas Wong, Nhan Ly-Trong, Huaiyan Ren
Contributed by Lam-Tung Nguyen, Dominik Schrempf, Chris Bielow,
Olga Chernomor, Michael Woodhams, Diep Thi Hoang, Heiko Schmidt

Host:    ha-ThinkPad-E14-Gen-5 (AVX2, FMA3, 31 GB RAM)
Command: iqtree3 -s /home/ha/Code/final_thesis/data_phylov2/dna/test/17/data.phy -t /home/ha/Code/final_thesis/data_phylov2/dna/test/17/start.newick -m GTR{0.66697,1.22264,0.46141,0.12511,3.63763}+F{0.22935,0.31688,0.30000,0.15377}+I{0.462}+G4{17.806} --prefix /home/ha/Code/final_thesis/data_phylov2/precompute/17/17_infer -T 1 --redo
Seed:    697944 (Using SPRNG - Scalable Parallel Random Number Generator)
Time:    Sat May 16 11:52:14 2026
Kernel:  AVX+FMA - 1 threads (16 CPU cores detected)

HINT: Use -nt option to specify number of threads because your CPU has 16 cores!
HINT: -nt AUTO will automatically determine the best number of threads to use.

Reading alignment file /home/ha/Code/final_thesis/data_phylov2/dna/test/17/data.phy ... Phylip format detected
Alignment most likely contains DNA/RNA sequences
Constructing alignment: done in 0.000327553 secs using 83.04% CPU
Alignment has 12 sequences with 309 columns, 122 distinct patterns
90 parsimony-informative, 59 singleton sites, 160 constant sites
       Gap/Ambiguity  Composition  p-value
Analyzing sequences: done in 1.1323e-05 secs using 97.15% CPU
   1  Sp000    0.00%    failed      0.26%
   2  Sp001    0.00%    passed     77.43%
   3  Sp002    0.00%    failed      0.00%
   4  Sp003    0.00%    failed      4.76%
   5  Sp004    0.00%    passed     80.32%
   6  Sp005    0.00%    passed     64.11%
   7  Sp006    0.00%    passed     64.11%
   8  Sp007    0.00%    passed     73.34%
   9  Sp008    0.00%    passed     73.34%
  10  Sp009    0.00%    passed     73.34%
  11  Sp010    0.00%    passed     84.94%
  12  Sp011    0.00%    passed     66.40%
****  TOTAL    0.00%  3 sequences failed composition chi2 test (p-value<5%; df=3)
NOTE: Sp006 is identical to Sp005 but kept for subsequent analysis
NOTE: Sp008 is identical to Sp007 but kept for subsequent analysis
Checking for duplicate sequences: done in 4.5852e-05 secs using 98.14% CPU
Identifying sites to remove: done in 0.000136681 secs using 99.5% CPU
NOTE: 1 identical sequences (see below) will be ignored for subsequent analysis
NOTE: Sp009 (identical to Sp007) is ignored but added at the end
Alignment was printed to /home/ha/Code/final_thesis/data_phylov2/precompute/17/17_infer.uniqueseq.phy

For your convenience alignment with unique sequences printed to /home/ha/Code/final_thesis/data_phylov2/precompute/17/17_infer.uniqueseq.phy
Reading input tree file /home/ha/Code/final_thesis/data_phylov2/dna/test/17/start.newick ...

NOTE: 0 MB RAM (0 GB) is required!
Estimate model parameters (epsilon = 0.100)
1. Initial log-likelihood: -1560.082
Optimal log-likelihood: -1560.083
Rate parameters:  A-C: 0.66697  A-G: 1.22264  A-T: 0.46141  C-G: 0.12511  C-T: 3.63763  G-T: 1.00000
Base frequencies:  A: 0.229  C: 0.317  G: 0.300  T: 0.154
Proportion of invariable sites: 0.462
Gamma shape alpha: 17.806
Parameters optimization took 1 rounds (0.004 sec)
Wrote distance file to... 

Do NNI search on 1 best initial trees
Estimate model parameters (epsilon = 0.100)
BETTER TREE FOUND at iteration 1: -1558.087
Finish initializing candidate tree set (2)
Current best tree score: -1558.087 / CPU time: 0.014
Number of iterations: 1
--------------------------------------------------------------------
|               OPTIMIZING CANDIDATE TREE SET                      |
--------------------------------------------------------------------
Iteration 10 / LogL: -1558.109 / Time: 0h:0m:0s
Iteration 20 / LogL: -1558.116 / Time: 0h:0m:0s
Iteration 30 / LogL: -1558.108 / Time: 0h:0m:0s (0h:0m:0s left)
Iteration 40 / LogL: -1558.348 / Time: 0h:0m:0s (0h:0m:0s left)
Iteration 50 / LogL: -1561.212 / Time: 0h:0m:0s (0h:0m:0s left)
UPDATE BEST LOG-LIKELIHOOD: -1558.087
Iteration 60 / LogL: -1558.555 / Time: 0h:0m:0s (0h:0m:0s left)
Iteration 70 / LogL: -1558.097 / Time: 0h:0m:0s (0h:0m:0s left)
Iteration 80 / LogL: -1561.142 / Time: 0h:0m:0s (0h:0m:0s left)
Iteration 90 / LogL: -1558.088 / Time: 0h:0m:0s (0h:0m:0s left)
Iteration 100 / LogL: -1558.752 / Time: 0h:0m:0s (0h:0m:0s left)
TREE SEARCH COMPLETED AFTER 102 ITERATIONS / Time: 0h:0m:0s

--------------------------------------------------------------------
|                    FINALIZING TREE SEARCH                        |
--------------------------------------------------------------------
Performs final model parameters optimization
Estimate model parameters (epsilon = 0.010)
1. Initial log-likelihood: -1558.087
Optimal log-likelihood: -1558.087
Rate parameters:  A-C: 0.66697  A-G: 1.22264  A-T: 0.46141  C-G: 0.12511  C-T: 3.63763  G-T: 1.00000
Base frequencies:  A: 0.229  C: 0.317  G: 0.300  T: 0.154
Proportion of invariable sites: 0.462
Gamma shape alpha: 17.806
Parameters optimization took 1 rounds (0.000 sec)
BEST SCORE FOUND : -1558.087
Total tree length: 1.610

Total number of iterations: 102
CPU time used for tree search: 0.401 sec (0h:0m:0s)
Wall-clock time used for tree search: 0.409 sec (0h:0m:0s)
Total CPU time used: 0.425 sec (0h:0m:0s)
Total wall-clock time used: 0.434 sec (0h:0m:0s)

Analysis results written to: 
  IQ-TREE report:                /home/ha/Code/final_thesis/data_phylov2/precompute/17/17_infer.iqtree
  Maximum-likelihood tree:       /home/ha/Code/final_thesis/data_phylov2/precompute/17/17_infer.treefile
  Screen log file:               /home/ha/Code/final_thesis/data_phylov2/precompute/17/17_infer.log

Date and Time: Sat May 16 11:52:15 2026
