IQ-TREE version 3.1.1 for Linux x86 64-bit built Apr  8 2026
Developed by Bui Quang Minh, Thomas Wong, Nhan Ly-Trong, Huaiyan Ren
Contributed by Lam-Tung Nguyen, Dominik Schrempf, Chris Bielow,
Olga Chernomor, Michael Woodhams, Diep Thi Hoang, Heiko Schmidt

Host:    ha-ThinkPad-E14-Gen-5 (AVX2, FMA3, 31 GB RAM)
Command: iqtree3 -s /home/ha/Code/data_phylogame/dna/test/19/data.phy -m GTR{1.68825,6.75015,2.11658,1.69884,6.59277}+F{0.23500,0.26762,0.23084,0.26654}+I{0.000}+G4{0.158} -t RANDOM --tree-fix -T 1 --prefix /home/ha/Code/data_phylogame/precompute_random/19/tmp_start --redo
Seed:    384674 (Using SPRNG - Scalable Parallel Random Number Generator)
Time:    Mon May 18 00:03:07 2026
Kernel:  AVX+FMA - 1 threads (16 CPU cores detected)

HINT: Use -nt option to specify number of threads because your CPU has 16 cores!
HINT: -nt AUTO will automatically determine the best number of threads to use.

Reading alignment file /home/ha/Code/data_phylogame/dna/test/19/data.phy ... Phylip format detected
Alignment most likely contains DNA/RNA sequences
Constructing alignment: done in 0.000467345 secs using 60.55% CPU
Alignment has 12 sequences with 1004 columns, 174 distinct patterns
110 parsimony-informative, 108 singleton sites, 786 constant sites
       Gap/Ambiguity  Composition  p-value
Analyzing sequences: done in 6.969e-06 secs using 100.4% CPU
   1  Sp000   13.25%    passed     96.01%
   2  Sp001    3.49%    passed     83.28%
   3  Sp002    2.89%    passed     79.54%
   4  Sp003    5.18%    passed     99.03%
   5  Sp004    4.58%    passed     99.83%
   6  Sp005    2.79%    passed     99.96%
   7  Sp006    2.79%    passed     99.98%
   8  Sp007    2.79%    passed     99.96%
   9  Sp008    4.68%    passed     99.56%
  10  Sp009    4.58%    passed     99.84%
  11  Sp010    4.58%    passed     99.84%
  12  Sp011    4.68%    passed     99.87%
****  TOTAL    4.69%  0 sequences failed composition chi2 test (p-value<5%; df=3)
NOTE: Sp007 is identical to Sp005 but kept for subsequent analysis
NOTE: Sp010 is identical to Sp009 but kept for subsequent analysis
Checking for duplicate sequences: done in 1.3468e-05 secs using 96.53% CPU

Create initial parsimony tree by phylogenetic likelihood library (PLL)... 0.000 seconds

NOTE: 0 MB RAM (0 GB) is required!
Estimate model parameters (epsilon = 0.010)
1. Initial log-likelihood: -2739.178
2. Current log-likelihood: -2728.174
3. Current log-likelihood: -2728.161
Optimal log-likelihood: -2728.161
Rate parameters:  A-C: 1.68825  A-G: 6.75015  A-T: 2.11658  C-G: 1.69884  C-T: 6.59277  G-T: 1.00000
Base frequencies:  A: 0.235  C: 0.268  G: 0.231  T: 0.267
Proportion of invariable sites: 0.000
Gamma shape alpha: 0.158
Parameters optimization took 3 rounds (0.002 sec)
Log-likelihood of random tree: -2924.460
Wrote distance file to... 
BEST SCORE FOUND : -2924.460
Total tree length: 0.978

Total number of iterations: 0
CPU time used for tree search: 0.000 sec (0h:0m:0s)
Wall-clock time used for tree search: 0.000 sec (0h:0m:0s)
Total CPU time used: 0.007 sec (0h:0m:0s)
Total wall-clock time used: 0.008 sec (0h:0m:0s)

Analysis results written to: 
  IQ-TREE report:                /home/ha/Code/data_phylogame/precompute_random/19/tmp_start.iqtree
  Maximum-likelihood tree:       /home/ha/Code/data_phylogame/precompute_random/19/tmp_start.treefile
  Screen log file:               /home/ha/Code/data_phylogame/precompute_random/19/tmp_start.log

Date and Time: Mon May 18 00:03:07 2026
