
RAxML-NG v. 1.2.2 released on 11.04.2024 by The Exelixis Lab.
Developed by: Alexey M. Kozlov and Alexandros Stamatakis.
Contributors: Diego Darriba, Tomas Flouri, Benoit Morel, Sarah Lutteropp, Ben Bettisworth, Julia Haag, Anastasis Togkousidis.
Latest version: https://github.com/amkozlov/raxml-ng
Questions/problems/suggestions? Please visit: https://groups.google.com/forum/#!forum/raxml

System: 13th Gen Intel(R) Core(TM) i5-13500H, 12 cores, 31 GB RAM (allocated: 8 physical cores)

RAxML-NG was called at 16-May-2026 11:52:44 as follows:

raxml-ng --search --msa /home/ha/Code/final_thesis/data_phylov2/dna/test/38/data.phy --tree /home/ha/Code/final_thesis/data_phylov2/dna/test/38/start.newick --model GTR{0.51260/2.37536/1.54721/0.49108/4.08204/1.00000}+I{0.382}+G{0.533}+F{0.24099/0.22139/0.32952/0.20810} --prefix /home/ha/Code/final_thesis/data_phylov2/precompute/38/38_infer --threads 1 --seed 42 --force perf_threads --redo

Analysis options:
  run mode: ML tree search
  start tree(s): user
  random seed: 42
  tip-inner: OFF
  pattern compression: ON
  per-rate scalers: OFF
  site repeats: ON
  logLH epsilon: general: 10.000000, brlen-triplet: 1000.000000
  fast spr radius: AUTO
  spr subtree cutoff: 1.000000
  fast CLV updates: ON
  branch lengths: proportional (ML estimate, algorithm: NR-FAST)
  SIMD kernels: AVX2
  parallelization: coarse-grained (auto), NONE/sequential

WARNING: Running in REDO mode: existing checkpoints are ignored, and all result files will be overwritten!

WARNING: Running in FORCE mode: some safety checks are disabled!

[00:00:00] Reading alignment from file: /home/ha/Code/final_thesis/data_phylov2/dna/test/38/data.phy
[00:00:00] Loaded alignment with 20 taxa and 1589 sites

WARNING: Sequences Sp015 and Sp016 are exactly identical!
WARNING: Duplicate sequences found: 1

NOTE: Reduced alignment (with duplicates and gap-only sites/taxa removed) 
NOTE: was saved to: /home/ha/Code/final_thesis/data_phylov2/precompute/38/38_infer.raxml.reduced.phy

Alignment comprises 1 partitions and 628 patterns

Partition 0: noname
Model: GTR{0.5126/2.37536/1.54721/0.49108/4.08204/1}+FU{0.24099/0.22139/0.32952/0.2081}+IU{0.382}+G4m{0.533}
Alignment sites / patterns: 1589 / 628
Gaps: 7.10 %
Invariant sites: 60.42 %


NOTE: Binary MSA file created: /home/ha/Code/final_thesis/data_phylov2/precompute/38/38_infer.raxml.rba

Parallelization scheme autoconfig: 1 worker(s) x 1 thread(s)

[00:00:00] Loading user starting tree(s) from: /home/ha/Code/final_thesis/data_phylov2/dna/test/38/start.newick
Parallel reduction/worker buffer size: 1 KB  / 0 KB

[00:00:00] Data distribution: max. partitions/sites/weight per thread: 1 / 628 / 10048
[00:00:00] Data distribution: max. searches per worker: 1

Starting ML tree search with 1 distinct starting trees

[00:00:00 -9505.671913] Initial branch length optimization
[00:00:00 -9505.671843] Model parameter optimization (eps = 10.000000)
[00:00:00 -9505.671836] AUTODETECT spr round 1 (radius: 5)
[00:00:00 -9491.008067] AUTODETECT spr round 2 (radius: 10)
[00:00:00 -9490.803319] AUTODETECT spr round 3 (radius: 15)
[00:00:00 -9490.775913] SPR radius for FAST iterations: 10 (autodetect)
[00:00:00 -9490.775913] Model parameter optimization (eps = 3.000000)
[00:00:00 -9490.766044] FAST spr round 1 (radius: 10)
[00:00:00 -9490.761038] Model parameter optimization (eps = 1.000000)
[00:00:00 -9490.760534] SLOW spr round 1 (radius: 5)
[00:00:00 -9490.271640] SLOW spr round 2 (radius: 10)
[00:00:00 -9490.165329] SLOW spr round 3 (radius: 15)
[00:00:00 -9490.158389] SLOW spr round 4 (radius: 20)
[00:00:00 -9490.157969] Model parameter optimization (eps = 0.100000)

[00:00:00] ML tree search #1, logLikelihood: -9490.157949


Optimized model parameters:

   Partition 0: noname
   Rate heterogeneity: GAMMA (4 cats, mean),  alpha: 0.533000 (user),  weights&rates: (0.250000,0.039655) (0.250000,0.272914) (0.250000,0.842870) (0.250000,2.844560) 
   P-inv (user): 0.382000
   Base frequencies (user): 0.240990 0.221390 0.329520 0.208100 
   Substitution rates (user): 0.512600 2.375360 1.547210 0.491080 4.082040 1.000000 


Final LogLikelihood: -9490.157949

AIC score: 19054.315898 / AICc score: 19056.128922 / BIC score: 19253.037724
Free parameters (model + branch lengths): 37

Best ML tree saved to: /home/ha/Code/final_thesis/data_phylov2/precompute/38/38_infer.raxml.bestTree
Optimized model saved to: /home/ha/Code/final_thesis/data_phylov2/precompute/38/38_infer.raxml.bestModel

Execution log saved to: /home/ha/Code/final_thesis/data_phylov2/precompute/38/38_infer.raxml.log

Analysis started: 16-May-2026 11:52:44 / finished: 16-May-2026 11:52:45

Elapsed time: 0.606 seconds

