IQ-TREE version 3.1.1 for Linux x86 64-bit built Apr  8 2026
Developed by Bui Quang Minh, Thomas Wong, Nhan Ly-Trong, Huaiyan Ren
Contributed by Lam-Tung Nguyen, Dominik Schrempf, Chris Bielow,
Olga Chernomor, Michael Woodhams, Diep Thi Hoang, Heiko Schmidt

Host:    ha-ThinkPad-E14-Gen-5 (AVX2, FMA3, 31 GB RAM)
Command: iqtree3 -s /home/ha/Code/data_phylogame/dna/test/11/data.phy -m GTR{1.54982,4.44274,0.90839,1.94336,5.95309}+F{0.20568,0.27789,0.27475,0.24168}+I{0.253}+G4{1.051} -t RANDOM --tree-fix -T 1 --prefix /home/ha/Code/data_phylogame/precompute_random/11/tmp_start --redo
Seed:    246766 (Using SPRNG - Scalable Parallel Random Number Generator)
Time:    Mon May 18 00:03:07 2026
Kernel:  AVX+FMA - 1 threads (16 CPU cores detected)

HINT: Use -nt option to specify number of threads because your CPU has 16 cores!
HINT: -nt AUTO will automatically determine the best number of threads to use.

Reading alignment file /home/ha/Code/data_phylogame/dna/test/11/data.phy ... Phylip format detected
Alignment most likely contains DNA/RNA sequences
Constructing alignment: done in 0.000184861 secs using 38.95% CPU
Alignment has 12 sequences with 576 columns, 259 distinct patterns
229 parsimony-informative, 74 singleton sites, 273 constant sites
       Gap/Ambiguity  Composition  p-value
Analyzing sequences: done in 4.531e-06 secs using 88.28% CPU
   1  Sp000    1.04%    failed      2.11%
   2  Sp001    1.56%    passed     92.21%
   3  Sp002    0.52%    passed     65.39%
   4  Sp003    1.04%    passed     34.12%
   5  Sp004    0.52%    passed     64.58%
   6  Sp005    1.56%    passed     81.70%
   7  Sp006    1.56%    passed     80.41%
   8  Sp007    1.04%    passed     86.20%
   9  Sp008    1.04%    passed     78.97%
  10  Sp009    0.52%    passed     40.55%
  11  Sp010    0.00%    failed      0.00%
  12  Sp011    1.04%    passed     95.55%
****  TOTAL    0.95%  2 sequences failed composition chi2 test (p-value<5%; df=3)
Checking for duplicate sequences: done in 1.6136e-05 secs using 92.96% CPU

Create initial parsimony tree by phylogenetic likelihood library (PLL)... 0.000 seconds

NOTE: 0 MB RAM (0 GB) is required!
Estimate model parameters (epsilon = 0.010)
1. Initial log-likelihood: -3541.896
2. Current log-likelihood: -3513.343
3. Current log-likelihood: -3513.287
Optimal log-likelihood: -3513.287
Rate parameters:  A-C: 1.54982  A-G: 4.44274  A-T: 0.90839  C-G: 1.94336  C-T: 5.95309  G-T: 1.00000
Base frequencies:  A: 0.206  C: 0.278  G: 0.275  T: 0.242
Proportion of invariable sites: 0.253
Gamma shape alpha: 1.051
Parameters optimization took 3 rounds (0.003 sec)
Log-likelihood of random tree: -4195.464
Wrote distance file to... 
BEST SCORE FOUND : -4195.464
Total tree length: 2.959

Total number of iterations: 0
CPU time used for tree search: 0.000 sec (0h:0m:0s)
Wall-clock time used for tree search: 0.000 sec (0h:0m:0s)
Total CPU time used: 0.009 sec (0h:0m:0s)
Total wall-clock time used: 0.009 sec (0h:0m:0s)

Analysis results written to: 
  IQ-TREE report:                /home/ha/Code/data_phylogame/precompute_random/11/tmp_start.iqtree
  Maximum-likelihood tree:       /home/ha/Code/data_phylogame/precompute_random/11/tmp_start.treefile
  Screen log file:               /home/ha/Code/data_phylogame/precompute_random/11/tmp_start.log

Date and Time: Mon May 18 00:03:07 2026
