IQ-TREE version 3.1.1 for Linux x86 64-bit built Apr  8 2026
Developed by Bui Quang Minh, Thomas Wong, Nhan Ly-Trong, Huaiyan Ren
Contributed by Lam-Tung Nguyen, Dominik Schrempf, Chris Bielow,
Olga Chernomor, Michael Woodhams, Diep Thi Hoang, Heiko Schmidt

Host:    ha-ThinkPad-E14-Gen-5 (AVX2, FMA3, 31 GB RAM)
Command: iqtree3 -s /home/ha/Code/data_phylogame/dna/test/15/data.phy -m GTR{3.57197,43.86341,3.03754,2.35562,34.71184}+F{0.35498,0.32244,0.07996,0.24262}+I{0.000}+G4{0.368} -t RANDOM --tree-fix -T 1 --prefix /home/ha/Code/data_phylogame/precompute_random/15/tmp_start --redo
Seed:    308247 (Using SPRNG - Scalable Parallel Random Number Generator)
Time:    Mon May 18 00:03:07 2026
Kernel:  AVX+FMA - 1 threads (16 CPU cores detected)

HINT: Use -nt option to specify number of threads because your CPU has 16 cores!
HINT: -nt AUTO will automatically determine the best number of threads to use.

Reading alignment file /home/ha/Code/data_phylogame/dna/test/15/data.phy ... Phylip format detected
Alignment most likely contains DNA/RNA sequences
Constructing alignment: done in 0.00042986 secs using 24.89% CPU
Alignment has 12 sequences with 898 columns, 413 distinct patterns
367 parsimony-informative, 154 singleton sites, 377 constant sites
       Gap/Ambiguity  Composition  p-value
Analyzing sequences: done in 1.0703e-05 secs using 28.03% CPU
   1  Sp000    0.22%    passed     53.46%
   2  Sp001    0.22%    passed     30.81%
   3  Sp002    0.22%    passed     47.17%
   4  Sp003    0.33%    passed     10.98%
   5  Sp004    0.22%    passed     99.16%
   6  Sp005    0.22%    passed     98.12%
   7  Sp006    0.22%    passed     99.35%
   8  Sp007    0.22%    passed     73.86%
   9  Sp008    0.22%    passed     56.54%
  10  Sp009    0.33%    failed      4.15%
  11  Sp010    0.56%    passed      8.73%
  12  Sp011    0.33%    failed      1.11%
****  TOTAL    0.28%  2 sequences failed composition chi2 test (p-value<5%; df=3)
Checking for duplicate sequences: done in 2.2273e-05 secs using 26.94% CPU

Create initial parsimony tree by phylogenetic likelihood library (PLL)... 0.000 seconds

NOTE: 0 MB RAM (0 GB) is required!
Estimate model parameters (epsilon = 0.010)
1. Initial log-likelihood: -5823.631
2. Current log-likelihood: -5716.357
3. Current log-likelihood: -5715.965
Optimal log-likelihood: -5715.962
Rate parameters:  A-C: 3.57197  A-G: 43.86341  A-T: 3.03754  C-G: 2.35562  C-T: 34.71184  G-T: 1.00000
Base frequencies:  A: 0.355  C: 0.322  G: 0.080  T: 0.243
Proportion of invariable sites: 0.000
Gamma shape alpha: 0.368
Parameters optimization took 3 rounds (0.007 sec)
Log-likelihood of random tree: -6636.656
Wrote distance file to... 
BEST SCORE FOUND : -6636.656
Total tree length: 4.608

Total number of iterations: 0
CPU time used for tree search: 0.000 sec (0h:0m:0s)
Wall-clock time used for tree search: 0.000 sec (0h:0m:0s)
Total CPU time used: 0.013 sec (0h:0m:0s)
Total wall-clock time used: 0.014 sec (0h:0m:0s)

Analysis results written to: 
  IQ-TREE report:                /home/ha/Code/data_phylogame/precompute_random/15/tmp_start.iqtree
  Maximum-likelihood tree:       /home/ha/Code/data_phylogame/precompute_random/15/tmp_start.treefile
  Screen log file:               /home/ha/Code/data_phylogame/precompute_random/15/tmp_start.log

Date and Time: Mon May 18 00:03:07 2026
