IQ-TREE version 3.1.1 for Linux x86 64-bit built Apr  8 2026
Developed by Bui Quang Minh, Thomas Wong, Nhan Ly-Trong, Huaiyan Ren
Contributed by Lam-Tung Nguyen, Dominik Schrempf, Chris Bielow,
Olga Chernomor, Michael Woodhams, Diep Thi Hoang, Heiko Schmidt

Host:    ha-ThinkPad-E14-Gen-5 (AVX2, FMA3, 31 GB RAM)
Command: iqtree3 -s /home/ha/Code/final_thesis/data_phylov2/dna/test/39/data.phy -t /home/ha/Code/final_thesis/data_phylov2/dna/test/39/start.newick -m GTR{4.11645,8.30574,4.26598,2.16085,20.14465}+F{0.30177,0.26393,0.25346,0.18085}+I{0.435}+G4{0.838} --prefix /home/ha/Code/final_thesis/data_phylov2/precompute/39/39_infer -T 1 --redo
Seed:    176376 (Using SPRNG - Scalable Parallel Random Number Generator)
Time:    Sat May 16 11:52:45 2026
Kernel:  AVX+FMA - 1 threads (16 CPU cores detected)

HINT: Use -nt option to specify number of threads because your CPU has 16 cores!
HINT: -nt AUTO will automatically determine the best number of threads to use.

Reading alignment file /home/ha/Code/final_thesis/data_phylov2/dna/test/39/data.phy ... Phylip format detected
Alignment most likely contains DNA/RNA sequences
Constructing alignment: done in 0.00125931 secs using 6.988% CPU
Alignment has 20 sequences with 1507 columns, 312 distinct patterns
273 parsimony-informative, 78 singleton sites, 1156 constant sites
       Gap/Ambiguity  Composition  p-value
Analyzing sequences: done in 2.8589e-05 secs using 94.44% CPU
   1  Sp000    3.45%    passed     26.06%
   2  Sp001    2.85%    passed     87.25%
   3  Sp002    1.19%    passed     94.03%
   4  Sp003    1.46%    passed     89.71%
   5  Sp004    1.39%    passed     86.12%
   6  Sp005    2.19%    passed     76.01%
   7  Sp006    1.33%    passed     85.02%
   8  Sp007    1.46%    passed     91.35%
   9  Sp008    1.53%    passed     88.75%
  10  Sp009    5.37%    passed     97.58%
  11  Sp010    1.46%    passed     90.26%
  12  Sp011    1.66%    passed     93.15%
  13  Sp012   68.35%    failed      0.63%
  14  Sp013    1.59%    passed     88.59%
  15  Sp014   68.81%    failed      0.00%
  16  Sp015    1.59%    passed     93.35%
  17  Sp016    4.25%    passed     74.03%
  18  Sp017    1.79%    passed     88.96%
  19  Sp018    3.78%    passed     79.65%
  20  Sp019   33.51%    failed      3.79%
WARNING: 2 sequences contain more than 50% gaps/ambiguity
****  TOTAL   10.45%  3 sequences failed composition chi2 test (p-value<5%; df=3)
Checking for duplicate sequences: done in 6.1339e-05 secs using 97.82% CPU
Reading input tree file /home/ha/Code/final_thesis/data_phylov2/dna/test/39/start.newick ...
WARNING: Normalizing State frequencies so that sum of them equals to 1

NOTE: 0 MB RAM (0 GB) is required!
Estimate model parameters (epsilon = 0.100)
1. Initial log-likelihood: -4587.202
Optimal log-likelihood: -4587.209
Rate parameters:  A-C: 4.11645  A-G: 8.30574  A-T: 4.26598  C-G: 2.16085  C-T: 20.14465  G-T: 1.00000
Base frequencies:  A: 0.302  C: 0.264  G: 0.253  T: 0.181
Proportion of invariable sites: 0.435
Gamma shape alpha: 0.838
Parameters optimization took 1 rounds (0.010 sec)
Wrote distance file to... 

Do NNI search on 1 best initial trees
Estimate model parameters (epsilon = 0.100)
BETTER TREE FOUND at iteration 1: -4584.348
Finish initializing candidate tree set (2)
Current best tree score: -4584.348 / CPU time: 0.021
Number of iterations: 1
--------------------------------------------------------------------
|               OPTIMIZING CANDIDATE TREE SET                      |
--------------------------------------------------------------------
UPDATE BEST LOG-LIKELIHOOD: -4584.348
Iteration 10 / LogL: -4587.131 / Time: 0h:0m:0s
Iteration 20 / LogL: -4587.219 / Time: 0h:0m:0s
Iteration 30 / LogL: -4584.372 / Time: 0h:0m:0s (0h:0m:1s left)
Iteration 40 / LogL: -4584.380 / Time: 0h:0m:0s (0h:0m:1s left)
Iteration 50 / LogL: -4587.131 / Time: 0h:0m:1s (0h:0m:1s left)
Iteration 60 / LogL: -4584.415 / Time: 0h:0m:1s (0h:0m:0s left)
Iteration 70 / LogL: -4584.467 / Time: 0h:0m:1s (0h:0m:0s left)
Iteration 80 / LogL: -4587.129 / Time: 0h:0m:1s (0h:0m:0s left)
Iteration 90 / LogL: -4584.349 / Time: 0h:0m:2s (0h:0m:0s left)
Iteration 100 / LogL: -4584.398 / Time: 0h:0m:2s (0h:0m:0s left)
TREE SEARCH COMPLETED AFTER 102 ITERATIONS / Time: 0h:0m:2s

--------------------------------------------------------------------
|                    FINALIZING TREE SEARCH                        |
--------------------------------------------------------------------
Performs final model parameters optimization
Estimate model parameters (epsilon = 0.010)
1. Initial log-likelihood: -4584.348
Optimal log-likelihood: -4584.347
Rate parameters:  A-C: 4.11645  A-G: 8.30574  A-T: 4.26598  C-G: 2.16085  C-T: 20.14465  G-T: 1.00000
Base frequencies:  A: 0.302  C: 0.264  G: 0.253  T: 0.181
Proportion of invariable sites: 0.435
Gamma shape alpha: 0.838
Parameters optimization took 1 rounds (0.001 sec)
BEST SCORE FOUND : -4584.347
Total tree length: 0.455

Total number of iterations: 102
CPU time used for tree search: 2.251 sec (0h:0m:2s)
Wall-clock time used for tree search: 2.311 sec (0h:0m:2s)
Total CPU time used: 2.275 sec (0h:0m:2s)
Total wall-clock time used: 2.337 sec (0h:0m:2s)

Analysis results written to: 
  IQ-TREE report:                /home/ha/Code/final_thesis/data_phylov2/precompute/39/39_infer.iqtree
  Maximum-likelihood tree:       /home/ha/Code/final_thesis/data_phylov2/precompute/39/39_infer.treefile
  Screen log file:               /home/ha/Code/final_thesis/data_phylov2/precompute/39/39_infer.log

Date and Time: Sat May 16 11:52:47 2026
