IQ-TREE version 3.1.1 for Linux x86 64-bit built Apr  8 2026
Developed by Bui Quang Minh, Thomas Wong, Nhan Ly-Trong, Huaiyan Ren
Contributed by Lam-Tung Nguyen, Dominik Schrempf, Chris Bielow,
Olga Chernomor, Michael Woodhams, Diep Thi Hoang, Heiko Schmidt

Host:    ha-ThinkPad-E14-Gen-5 (AVX2, FMA3, 31 GB RAM)
Command: iqtree3 -s /home/ha/Code/data_phylogame/dna/test/12/data.phy -m GTR{0.80584,2.03211,0.99464,0.61748,5.03249}+F{0.27136,0.20326,0.23485,0.29053}+I{0.390}+G4{0.903} -t RANDOM --tree-fix -T 1 --prefix /home/ha/Code/data_phylogame/precompute_random/12/tmp_start --redo
Seed:    261348 (Using SPRNG - Scalable Parallel Random Number Generator)
Time:    Mon May 18 00:03:07 2026
Kernel:  AVX+FMA - 1 threads (16 CPU cores detected)

HINT: Use -nt option to specify number of threads because your CPU has 16 cores!
HINT: -nt AUTO will automatically determine the best number of threads to use.

Reading alignment file /home/ha/Code/data_phylogame/dna/test/12/data.phy ... Phylip format detected
Alignment most likely contains DNA/RNA sequences
Constructing alignment: done in 0.00116034 secs using 74.12% CPU
Alignment has 12 sequences with 2987 columns, 135 distinct patterns
235 parsimony-informative, 132 singleton sites, 2620 constant sites
       Gap/Ambiguity  Composition  p-value
Analyzing sequences: done in 5.17e-06 secs using 77.37% CPU
   1  Sp000    1.04%    passed     99.94%
   2  Sp001    1.04%    passed     99.85%
   3  Sp002    2.08%    passed     98.20%
   4  Sp003    1.04%    passed     99.38%
   5  Sp004    0.37%    passed     27.15%
   6  Sp005    1.14%    passed     98.65%
   7  Sp006    1.21%    passed     99.91%
   8  Sp007    1.10%    passed     97.89%
   9  Sp008    1.10%    passed     94.22%
  10  Sp009    1.14%    passed     96.84%
  11  Sp010    3.08%    passed     88.06%
  12  Sp011    1.17%    passed     95.68%
****  TOTAL    1.29%  0 sequences failed composition chi2 test (p-value<5%; df=3)
Checking for duplicate sequences: done in 1.5589e-05 secs using 102.6% CPU

Create initial parsimony tree by phylogenetic likelihood library (PLL)... 0.000 seconds

NOTE: 0 MB RAM (0 GB) is required!
Estimate model parameters (epsilon = 0.010)
1. Initial log-likelihood: -6265.814
2. Current log-likelihood: -6259.924
Optimal log-likelihood: -6259.924
Rate parameters:  A-C: 0.80584  A-G: 2.03211  A-T: 0.99464  C-G: 0.61748  C-T: 5.03249  G-T: 1.00000
Base frequencies:  A: 0.271  C: 0.203  G: 0.235  T: 0.291
Proportion of invariable sites: 0.390
Gamma shape alpha: 0.903
Parameters optimization took 2 rounds (0.001 sec)
Log-likelihood of random tree: -8262.916
Wrote distance file to... 
BEST SCORE FOUND : -8262.916
Total tree length: 0.596

Total number of iterations: 0
CPU time used for tree search: 0.000 sec (0h:0m:0s)
Wall-clock time used for tree search: 0.000 sec (0h:0m:0s)
Total CPU time used: 0.006 sec (0h:0m:0s)
Total wall-clock time used: 0.006 sec (0h:0m:0s)

Analysis results written to: 
  IQ-TREE report:                /home/ha/Code/data_phylogame/precompute_random/12/tmp_start.iqtree
  Maximum-likelihood tree:       /home/ha/Code/data_phylogame/precompute_random/12/tmp_start.treefile
  Screen log file:               /home/ha/Code/data_phylogame/precompute_random/12/tmp_start.log

Date and Time: Mon May 18 00:03:07 2026
