IQ-TREE version 3.1.1 for Linux x86 64-bit built Apr  8 2026
Developed by Bui Quang Minh, Thomas Wong, Nhan Ly-Trong, Huaiyan Ren
Contributed by Lam-Tung Nguyen, Dominik Schrempf, Chris Bielow,
Olga Chernomor, Michael Woodhams, Diep Thi Hoang, Heiko Schmidt

Host:    ha-ThinkPad-E14-Gen-5 (AVX2, FMA3, 31 GB RAM)
Command: iqtree3 -s /home/ha/Code/data_phylogame/dna/test/28/data.phy -m GTR{4.31245,11.08286,3.25880,9.27373,10.84176}+F{0.24423,0.20099,0.19049,0.36429}+I{0.431}+G4{99.835} -t RANDOM --tree-fix -T 1 --prefix /home/ha/Code/data_phylogame/precompute_random/28/tmp_start --redo
Seed:    522402 (Using SPRNG - Scalable Parallel Random Number Generator)
Time:    Mon May 18 00:03:07 2026
Kernel:  AVX+FMA - 1 threads (16 CPU cores detected)

HINT: Use -nt option to specify number of threads because your CPU has 16 cores!
HINT: -nt AUTO will automatically determine the best number of threads to use.

Reading alignment file /home/ha/Code/data_phylogame/dna/test/28/data.phy ... Phylip format detected
Alignment most likely contains DNA/RNA sequences
Constructing alignment: done in 0.000226024 secs
Alignment has 15 sequences with 494 columns, 70 distinct patterns
39 parsimony-informative, 17 singleton sites, 438 constant sites
       Gap/Ambiguity  Composition  p-value
Analyzing sequences: done in 5.277e-06 secs
   1  Sp000    0.40%    passed     97.19%
   2  Sp001    0.00%    passed     99.78%
   3  Sp002    0.40%    passed     98.30%
   4  Sp003    9.92%    passed     99.19%
   5  Sp004    0.40%    passed     99.80%
   6  Sp005    0.20%    passed     99.95%
   7  Sp006    8.10%    passed     98.99%
   8  Sp007    0.20%    passed     99.36%
   9  Sp008    0.20%    passed     98.71%
  10  Sp009    0.40%    passed     98.30%
  11  Sp010    0.40%    passed     98.42%
  12  Sp011   18.02%    passed     59.84%
  13  Sp012    0.40%    passed     98.66%
  14  Sp013    0.20%    passed     91.49%
  15  Sp014    0.40%    passed     99.38%
****  TOTAL    2.65%  0 sequences failed composition chi2 test (p-value<5%; df=3)
NOTE: Sp009 is identical to Sp002 but kept for subsequent analysis
Checking for duplicate sequences: done in 2.5825e-05 secs

Create initial parsimony tree by phylogenetic likelihood library (PLL)... 0.000 seconds

NOTE: 0 MB RAM (0 GB) is required!
Estimate model parameters (epsilon = 0.010)
1. Initial log-likelihood: -1072.333
2. Current log-likelihood: -1070.897
3. Current log-likelihood: -1070.623
Optimal log-likelihood: -1070.623
Rate parameters:  A-C: 4.31245  A-G: 11.08286  A-T: 3.25880  C-G: 9.27373  C-T: 10.84176  G-T: 1.00000
Base frequencies:  A: 0.244  C: 0.201  G: 0.190  T: 0.364
Proportion of invariable sites: 0.431
Gamma shape alpha: 99.835
Parameters optimization took 3 rounds (0.002 sec)
Log-likelihood of random tree: -1428.864
Wrote distance file to... 
BEST SCORE FOUND : -1428.864
Total tree length: 0.368

Total number of iterations: 0
CPU time used for tree search: 0.000 sec (0h:0m:0s)
Wall-clock time used for tree search: 0.000 sec (0h:0m:0s)
Total CPU time used: 0.008 sec (0h:0m:0s)
Total wall-clock time used: 0.008 sec (0h:0m:0s)

Analysis results written to: 
  IQ-TREE report:                /home/ha/Code/data_phylogame/precompute_random/28/tmp_start.iqtree
  Maximum-likelihood tree:       /home/ha/Code/data_phylogame/precompute_random/28/tmp_start.treefile
  Screen log file:               /home/ha/Code/data_phylogame/precompute_random/28/tmp_start.log

Date and Time: Mon May 18 00:03:07 2026
