
RAxML-NG v. 1.2.2 released on 11.04.2024 by The Exelixis Lab.
Developed by: Alexey M. Kozlov and Alexandros Stamatakis.
Contributors: Diego Darriba, Tomas Flouri, Benoit Morel, Sarah Lutteropp, Ben Bettisworth, Julia Haag, Anastasis Togkousidis.
Latest version: https://github.com/amkozlov/raxml-ng
Questions/problems/suggestions? Please visit: https://groups.google.com/forum/#!forum/raxml

System: 13th Gen Intel(R) Core(TM) i5-13500H, 12 cores, 31 GB RAM (allocated: 8 physical cores)

RAxML-NG was called at 16-May-2026 11:52:09 as follows:

raxml-ng --search --msa /home/ha/Code/final_thesis/data_phylov2/dna/test/9/data.phy --tree /home/ha/Code/final_thesis/data_phylov2/dna/test/9/start.newick --model GTR{5774.49708/1132.83243/325.02800/1251.18668/10962.32680/1.00000}+I{0.717}+G{0.02}+F{0.21623/0.23085/0.23293/0.31998} --prefix /home/ha/Code/final_thesis/data_phylov2/precompute/9/9_infer --threads 1 --seed 42 --force perf_threads --redo

Analysis options:
  run mode: ML tree search
  start tree(s): user
  random seed: 42
  tip-inner: OFF
  pattern compression: ON
  per-rate scalers: OFF
  site repeats: ON
  logLH epsilon: general: 10.000000, brlen-triplet: 1000.000000
  fast spr radius: AUTO
  spr subtree cutoff: 1.000000
  fast CLV updates: ON
  branch lengths: proportional (ML estimate, algorithm: NR-FAST)
  SIMD kernels: AVX2
  parallelization: coarse-grained (auto), NONE/sequential

WARNING: Running in REDO mode: existing checkpoints are ignored, and all result files will be overwritten!

WARNING: Running in FORCE mode: some safety checks are disabled!

[00:00:00] Reading alignment from file: /home/ha/Code/final_thesis/data_phylov2/dna/test/9/data.phy
[00:00:00] Loaded alignment with 7 taxa and 575 sites

Alignment comprises 1 partitions and 33 patterns

Partition 0: noname
Model: GTR{5774.5/1132.83/325.028/1251.19/10962.3/1}+FU{0.21623/0.23085/0.23293/0.31998}+IU{0.717}+G4m{0.02}
Alignment sites / patterns: 575 / 33
Gaps: 1.64 %
Invariant sites: 97.57 %


NOTE: Binary MSA file created: /home/ha/Code/final_thesis/data_phylov2/precompute/9/9_infer.raxml.rba

Parallelization scheme autoconfig: 1 worker(s) x 1 thread(s)

[00:00:00] Loading user starting tree(s) from: /home/ha/Code/final_thesis/data_phylov2/dna/test/9/start.newick
Parallel reduction/worker buffer size: 1 KB  / 0 KB

[00:00:00] Data distribution: max. partitions/sites/weight per thread: 1 / 33 / 528
[00:00:00] Data distribution: max. searches per worker: 1

Starting ML tree search with 1 distinct starting trees

[00:00:00 -949.969802] Initial branch length optimization
[00:00:00 -886.210360] Model parameter optimization (eps = 10.000000)
[00:00:00 -886.209598] AUTODETECT spr round 1 (radius: 5)
[00:00:00 -886.209579] SPR radius for FAST iterations: 5 (autodetect)
[00:00:00 -886.209579] Model parameter optimization (eps = 3.000000)
[00:00:00 -886.209577] FAST spr round 1 (radius: 5)
[00:00:00 -886.209577] Model parameter optimization (eps = 1.000000)
[00:00:00 -886.209577] SLOW spr round 1 (radius: 5)
[00:00:00 -886.209577] Model parameter optimization (eps = 0.100000)

[00:00:00] ML tree search #1, logLikelihood: -886.209577


Optimized model parameters:

   Partition 0: noname
   Rate heterogeneity: GAMMA (4 cats, mean),  alpha: 0.020000 (user),  weights&rates: (0.250000,0.000000) (0.250000,0.000000) (0.250000,0.000001) (0.250000,3.999999) 
   P-inv (user): 0.717000
   Base frequencies (user): 0.216232 0.230852 0.232932 0.319983 
   Substitution rates (user): 5774.497080 1132.832430 325.028000 1251.186680 10962.326800 1.000000 


Final LogLikelihood: -886.209577

AIC score: 1794.419155 / AICc score: 1794.888071 / BIC score: 1842.317225
Free parameters (model + branch lengths): 11

WARNING: Best ML tree contains 1 near-zero branches!

Best ML tree with collapsed near-zero branches saved to: /home/ha/Code/final_thesis/data_phylov2/precompute/9/9_infer.raxml.bestTreeCollapsed
Best ML tree saved to: /home/ha/Code/final_thesis/data_phylov2/precompute/9/9_infer.raxml.bestTree
Optimized model saved to: /home/ha/Code/final_thesis/data_phylov2/precompute/9/9_infer.raxml.bestModel

Execution log saved to: /home/ha/Code/final_thesis/data_phylov2/precompute/9/9_infer.raxml.log

Analysis started: 16-May-2026 11:52:09 / finished: 16-May-2026 11:52:09

Elapsed time: 0.012 seconds

