
RAxML-NG v. 1.2.2 released on 11.04.2024 by The Exelixis Lab.
Developed by: Alexey M. Kozlov and Alexandros Stamatakis.
Contributors: Diego Darriba, Tomas Flouri, Benoit Morel, Sarah Lutteropp, Ben Bettisworth, Julia Haag, Anastasis Togkousidis.
Latest version: https://github.com/amkozlov/raxml-ng
Questions/problems/suggestions? Please visit: https://groups.google.com/forum/#!forum/raxml

System: AMD Eng Sample: 100-000000425_37/24_N, 64 cores, 503 GB RAM

RAxML-NG was called at 05-May-2026 00:29:43 as follows:

raxml-ng --search --msa /root/final_thesis/data/dna/test/6/data.phy --tree /root/final_thesis/data/dna/test/6/start.newick --model GTR{0.89150/7.37498/8.50623/0.00065/14.36658/1.00000}+I{0.000}+G{0.115}+F{0.31420/0.10853/0.16506/0.41221} --prefix precompute/6/6_infer --threads auto --seed 42 --force perf_threads

Analysis options:
  run mode: ML tree search
  start tree(s): user
  random seed: 42
  tip-inner: OFF
  pattern compression: ON
  per-rate scalers: OFF
  site repeats: ON
  logLH epsilon: general: 10.000000, brlen-triplet: 1000.000000
  fast spr radius: AUTO
  spr subtree cutoff: 1.000000
  fast CLV updates: ON
  branch lengths: proportional (ML estimate, algorithm: NR-FAST)
  SIMD kernels: AVX2
  parallelization: coarse-grained (auto), PTHREADS (auto)

WARNING: Running in FORCE mode: some safety checks are disabled!

[00:00:00] Reading alignment from file: /root/final_thesis/data/dna/test/6/data.phy
[00:00:00] Loaded alignment with 7 taxa and 563 sites

WARNING: Sequences Sp001 and Sp006 are exactly identical!
WARNING: Duplicate sequences found: 1

NOTE: Reduced alignment (with duplicates and gap-only sites/taxa removed) 
NOTE: was saved to: /root/final_thesis/precompute/6/6_infer.raxml.reduced.phy

Alignment comprises 1 partitions and 35 patterns

Partition 0: noname
Model: GTR{0.8915/7.37498/8.50623/0.00065/14.3666/1}+FU{0.3142/0.10853/0.16506/0.41221}+IU{0}+G4m{0.115}
Alignment sites / patterns: 563 / 35
Gaps: 0.00 %
Invariant sites: 89.52 %


NOTE: Binary MSA file created: precompute/6/6_infer.raxml.rba

Parallelization scheme autoconfig: 1 worker(s) x 1 thread(s)

[00:00:00] Loading user starting tree(s) from: /root/final_thesis/data/dna/test/6/start.newick
Parallel reduction/worker buffer size: 1 KB  / 0 KB

[00:00:00] Data distribution: max. partitions/sites/weight per thread: 1 / 35 / 560
[00:00:00] Data distribution: max. searches per worker: 1

Starting ML tree search with 1 distinct starting trees

[00:00:00 -1237.354673] Initial branch length optimization
[00:00:00 -1103.677905] Model parameter optimization (eps = 10.000000)
[00:00:00 -1103.670704] AUTODETECT spr round 1 (radius: 5)
[00:00:00 -1079.977464] SPR radius for FAST iterations: 5 (autodetect)
[00:00:00 -1079.977464] Model parameter optimization (eps = 3.000000)
[00:00:00 -1079.547817] FAST spr round 1 (radius: 5)
[00:00:00 -1079.546318] Model parameter optimization (eps = 1.000000)
[00:00:00 -1079.546318] SLOW spr round 1 (radius: 5)
[00:00:00 -1079.546318] Model parameter optimization (eps = 0.100000)

[00:00:00] ML tree search #1, logLikelihood: -1079.546318


Optimized model parameters:

   Partition 0: noname
   Rate heterogeneity: GAMMA (4 cats, mean),  alpha: 0.115000 (user),  weights&rates: (0.250000,0.000003) (0.250000,0.002655) (0.250000,0.136115) (0.250000,3.861227) 
   P-inv (user): 0.000000
   Base frequencies (user): 0.314200 0.108530 0.165060 0.412210 
   Substitution rates (user): 0.891500 7.374980 8.506230 0.000650 14.366580 1.000000 


Final LogLikelihood: -1079.546318

AIC score: 2181.092636 / AICc score: 2181.571765 / BIC score: 2228.758712
Free parameters (model + branch lengths): 11

Best ML tree saved to: /root/final_thesis/precompute/6/6_infer.raxml.bestTree
Optimized model saved to: /root/final_thesis/precompute/6/6_infer.raxml.bestModel

Execution log saved to: /root/final_thesis/precompute/6/6_infer.raxml.log

Analysis started: 05-May-2026 00:29:43 / finished: 05-May-2026 00:29:43

Elapsed time: 0.019 seconds

