IQ-TREE version 3.1.1 for Linux x86 64-bit built Apr  8 2026
Developed by Bui Quang Minh, Thomas Wong, Nhan Ly-Trong, Huaiyan Ren
Contributed by Lam-Tung Nguyen, Dominik Schrempf, Chris Bielow,
Olga Chernomor, Michael Woodhams, Diep Thi Hoang, Heiko Schmidt

Host:    ha-ThinkPad-E14-Gen-5 (AVX2, FMA3, 31 GB RAM)
Command: iqtree3 -s /home/ha/Code/final_thesis/data_phylov2/dna/test/13/data.phy -t /home/ha/Code/final_thesis/data_phylov2/dna/test/13/start.newick -m GTR{1.27900,2.34840,0.57171,0.71089,3.07827}+F{0.28055,0.19622,0.20964,0.31358}+I{0.156}+G4{0.796} --prefix /home/ha/Code/final_thesis/data_phylov2/precompute/13/13_infer -T 1 --redo
Seed:    34892 (Using SPRNG - Scalable Parallel Random Number Generator)
Time:    Sat May 16 11:52:11 2026
Kernel:  AVX+FMA - 1 threads (16 CPU cores detected)

HINT: Use -nt option to specify number of threads because your CPU has 16 cores!
HINT: -nt AUTO will automatically determine the best number of threads to use.

Reading alignment file /home/ha/Code/final_thesis/data_phylov2/dna/test/13/data.phy ... Phylip format detected
Alignment most likely contains DNA/RNA sequences
Constructing alignment: done in 0.00268547 secs using 87.88% CPU
Alignment has 12 sequences with 3011 columns, 284 distinct patterns
332 parsimony-informative, 482 singleton sites, 2197 constant sites
       Gap/Ambiguity  Composition  p-value
Analyzing sequences: done in 1.5629e-05 secs
   1  Sp000    0.33%    passed     99.51%
   2  Sp001    0.33%    passed     99.85%
   3  Sp002    0.40%    passed     99.28%
   4  Sp003    0.33%    passed     99.34%
   5  Sp004    0.33%    passed     99.43%
   6  Sp005    0.27%    passed     99.66%
   7  Sp006    0.37%    passed     99.92%
   8  Sp007    0.27%    passed     96.48%
   9  Sp008    0.50%    passed     89.33%
  10  Sp009    1.30%    passed     86.47%
  11  Sp010    0.30%    passed     91.73%
  12  Sp011    0.33%    passed     99.61%
****  TOTAL    0.42%  0 sequences failed composition chi2 test (p-value<5%; df=3)
Checking for duplicate sequences: done in 4.1728e-05 secs
Reading input tree file /home/ha/Code/final_thesis/data_phylov2/dna/test/13/start.newick ...
WARNING: Normalizing State frequencies so that sum of them equals to 1

NOTE: 0 MB RAM (0 GB) is required!
Estimate model parameters (epsilon = 0.100)
1. Initial log-likelihood: -9139.312
Optimal log-likelihood: -9139.308
Rate parameters:  A-C: 1.27900  A-G: 2.34840  A-T: 0.57171  C-G: 0.71089  C-T: 3.07827  G-T: 1.00000
Base frequencies:  A: 0.281  C: 0.196  G: 0.210  T: 0.314
Proportion of invariable sites: 0.156
Gamma shape alpha: 0.796
Parameters optimization took 1 rounds (0.005 sec)
Wrote distance file to... 

Do NNI search on 1 best initial trees
Finish initializing candidate tree set (1)
Current best tree score: -9139.308 / CPU time: 0.014
Number of iterations: 1
--------------------------------------------------------------------
|               OPTIMIZING CANDIDATE TREE SET                      |
--------------------------------------------------------------------
Iteration 10 / LogL: -9139.349 / Time: 0h:0m:0s
Iteration 20 / LogL: -9140.005 / Time: 0h:0m:0s
Iteration 30 / LogL: -9139.308 / Time: 0h:0m:0s (0h:0m:0s left)
Iteration 40 / LogL: -9193.437 / Time: 0h:0m:0s (0h:0m:0s left)
Iteration 50 / LogL: -9139.314 / Time: 0h:0m:0s (0h:0m:0s left)
Iteration 60 / LogL: -9139.445 / Time: 0h:0m:0s (0h:0m:0s left)
Iteration 70 / LogL: -9139.313 / Time: 0h:0m:0s (0h:0m:0s left)
Iteration 80 / LogL: -9139.308 / Time: 0h:0m:0s (0h:0m:0s left)
Iteration 90 / LogL: -9139.335 / Time: 0h:0m:0s (0h:0m:0s left)
Iteration 100 / LogL: -9193.284 / Time: 0h:0m:0s (0h:0m:0s left)
TREE SEARCH COMPLETED AFTER 101 ITERATIONS / Time: 0h:0m:0s

--------------------------------------------------------------------
|                    FINALIZING TREE SEARCH                        |
--------------------------------------------------------------------
Performs final model parameters optimization
Estimate model parameters (epsilon = 0.010)
1. Initial log-likelihood: -9139.308
Optimal log-likelihood: -9139.308
Rate parameters:  A-C: 1.27900  A-G: 2.34840  A-T: 0.57171  C-G: 0.71089  C-T: 3.07827  G-T: 1.00000
Base frequencies:  A: 0.281  C: 0.196  G: 0.210  T: 0.314
Proportion of invariable sites: 0.156
Gamma shape alpha: 0.796
Parameters optimization took 1 rounds (0.001 sec)
BEST SCORE FOUND : -9139.308
Total tree length: 0.422

Total number of iterations: 101
CPU time used for tree search: 0.899 sec (0h:0m:0s)
Wall-clock time used for tree search: 0.920 sec (0h:0m:0s)
Total CPU time used: 0.920 sec (0h:0m:0s)
Total wall-clock time used: 0.944 sec (0h:0m:0s)

Analysis results written to: 
  IQ-TREE report:                /home/ha/Code/final_thesis/data_phylov2/precompute/13/13_infer.iqtree
  Maximum-likelihood tree:       /home/ha/Code/final_thesis/data_phylov2/precompute/13/13_infer.treefile
  Screen log file:               /home/ha/Code/final_thesis/data_phylov2/precompute/13/13_infer.log

Date and Time: Sat May 16 11:52:11 2026
