
RAxML-NG v. 1.2.2 released on 11.04.2024 by The Exelixis Lab.
Developed by: Alexey M. Kozlov and Alexandros Stamatakis.
Contributors: Diego Darriba, Tomas Flouri, Benoit Morel, Sarah Lutteropp, Ben Bettisworth, Julia Haag, Anastasis Togkousidis.
Latest version: https://github.com/amkozlov/raxml-ng
Questions/problems/suggestions? Please visit: https://groups.google.com/forum/#!forum/raxml

System: AMD Eng Sample: 100-000000425_37/24_N, 64 cores, 503 GB RAM

RAxML-NG was called at 05-May-2026 03:18:15 as follows:

raxml-ng --search --msa /root/final_thesis/data/dna/test/36/data.phy --tree /root/final_thesis/data/dna/test/36/start.newick --model GTR{1.26716/4.21910/0.81028/1.63423/4.16380/1.00000}+I{0.756}+G{0.925}+F{0.31582/0.20173/0.21180/0.27064} --prefix precompute/36/36_infer --threads auto --seed 42 --force perf_threads

Analysis options:
  run mode: ML tree search
  start tree(s): user
  random seed: 42
  tip-inner: OFF
  pattern compression: ON
  per-rate scalers: OFF
  site repeats: ON
  logLH epsilon: general: 10.000000, brlen-triplet: 1000.000000
  fast spr radius: AUTO
  spr subtree cutoff: 1.000000
  fast CLV updates: ON
  branch lengths: proportional (ML estimate, algorithm: NR-FAST)
  SIMD kernels: AVX2
  parallelization: coarse-grained (auto), PTHREADS (auto)

WARNING: Running in FORCE mode: some safety checks are disabled!

[00:00:00] Reading alignment from file: /root/final_thesis/data/dna/test/36/data.phy
[00:00:00] Loaded alignment with 20 taxa and 2772 sites

Alignment comprises 1 partitions and 202 patterns

Partition 0: noname
Model: GTR{1.26716/4.2191/0.81028/1.63423/4.1638/1}+FU{0.31582/0.20173/0.2118/0.27064}+IU{0.756}+G4m{0.925}
Alignment sites / patterns: 2772 / 202
Gaps: 0.82 %
Invariant sites: 92.64 %


NOTE: Binary MSA file created: precompute/36/36_infer.raxml.rba

Parallelization scheme autoconfig: 1 worker(s) x 3 thread(s)

[00:00:00] Loading user starting tree(s) from: /root/final_thesis/data/dna/test/36/start.newick
Parallel reduction/worker buffer size: 1 KB  / 0 KB

[00:00:00] Data distribution: max. partitions/sites/weight per thread: 1 / 68 / 1088
[00:00:00] Data distribution: max. searches per worker: 1

Starting ML tree search with 1 distinct starting trees

[00:00:00 -6729.376785] Initial branch length optimization
[00:00:00 -6074.555341] Model parameter optimization (eps = 10.000000)
[00:00:00 -6073.943769] AUTODETECT spr round 1 (radius: 5)
[00:00:00 -5781.696865] AUTODETECT spr round 2 (radius: 10)
[00:00:00 -5781.632761] SPR radius for FAST iterations: 5 (autodetect)
[00:00:00 -5781.632761] Model parameter optimization (eps = 3.000000)
[00:00:00 -5781.631115] FAST spr round 1 (radius: 5)
[00:00:00 -5747.694136] FAST spr round 2 (radius: 5)
[00:00:00 -5743.577862] Model parameter optimization (eps = 1.000000)
[00:00:00 -5743.577861] SLOW spr round 1 (radius: 5)
[00:00:00 -5743.577026] SLOW spr round 2 (radius: 10)
[00:00:00 -5743.577026] SLOW spr round 3 (radius: 15)
[00:00:00 -5743.577026] SLOW spr round 4 (radius: 20)
[00:00:00 -5743.577026] Model parameter optimization (eps = 0.100000)

[00:00:00] ML tree search #1, logLikelihood: -5743.577026


Optimized model parameters:

   Partition 0: noname
   Rate heterogeneity: GAMMA (4 cats, mean),  alpha: 0.925000 (user),  weights&rates: (0.250000,0.121757) (0.250000,0.452987) (0.250000,0.986369) (0.250000,2.438887) 
   P-inv (user): 0.756000
   Base frequencies (user): 0.315823 0.201732 0.211802 0.270643 
   Substitution rates (user): 1.267160 4.219100 0.810280 1.634230 4.163800 1.000000 


Final LogLikelihood: -5743.577026

AIC score: 11561.154052 / AICc score: 11562.182581 / BIC score: 11780.465053
Free parameters (model + branch lengths): 37

WARNING: Best ML tree contains 1 near-zero branches!

Best ML tree with collapsed near-zero branches saved to: /root/final_thesis/precompute/36/36_infer.raxml.bestTreeCollapsed
Best ML tree saved to: /root/final_thesis/precompute/36/36_infer.raxml.bestTree
Optimized model saved to: /root/final_thesis/precompute/36/36_infer.raxml.bestModel

Execution log saved to: /root/final_thesis/precompute/36/36_infer.raxml.log

Analysis started: 05-May-2026 03:18:15 / finished: 05-May-2026 03:18:15

Elapsed time: 0.183 seconds

