IQ-TREE version 3.1.1 for Linux x86 64-bit built Apr  8 2026
Developed by Bui Quang Minh, Thomas Wong, Nhan Ly-Trong, Huaiyan Ren
Contributed by Lam-Tung Nguyen, Dominik Schrempf, Chris Bielow,
Olga Chernomor, Michael Woodhams, Diep Thi Hoang, Heiko Schmidt

Host:    ha-ThinkPad-E14-Gen-5 (AVX2, FMA3, 31 GB RAM)
Command: iqtree3 -s /home/ha/Code/final_thesis/data_phylov2/dna/test/20/data.phy -t /home/ha/Code/final_thesis/data_phylov2/dna/test/20/start.newick -m GTR{1.48685,4.06191,2.29337,1.09650,7.19342}+F{0.22208,0.28135,0.26903,0.22754}+I{0.534}+G4{0.687} --prefix /home/ha/Code/final_thesis/data_phylov2/precompute/20/20_infer -T 1 --redo
Seed:    98943 (Using SPRNG - Scalable Parallel Random Number Generator)
Time:    Sat May 16 11:52:16 2026
Kernel:  AVX+FMA - 1 threads (16 CPU cores detected)

HINT: Use -nt option to specify number of threads because your CPU has 16 cores!
HINT: -nt AUTO will automatically determine the best number of threads to use.

Reading alignment file /home/ha/Code/final_thesis/data_phylov2/dna/test/20/data.phy ... Phylip format detected
Alignment most likely contains DNA/RNA sequences
Constructing alignment: done in 0.00229219 secs using 99.95% CPU
Alignment has 15 sequences with 4283 columns, 875 distinct patterns
392 parsimony-informative, 507 singleton sites, 3384 constant sites
       Gap/Ambiguity  Composition  p-value
Analyzing sequences: done in 3.3033e-05 secs using 99.9% CPU
   1  Sp000   11.18%    passed     87.06%
   2  Sp001   12.51%    passed     70.67%
   3  Sp002   11.42%    passed     98.70%
   4  Sp003   15.69%    passed     91.27%
   5  Sp004   10.81%    passed     98.19%
   6  Sp005   12.07%    passed     94.77%
   7  Sp006   10.65%    passed     81.30%
   8  Sp007   11.18%    passed     99.04%
   9  Sp008   11.11%    passed     96.45%
  10  Sp009   11.00%    passed     97.21%
  11  Sp010   12.05%    passed     66.35%
  12  Sp011   12.05%    passed     99.30%
  13  Sp012   15.27%    passed     65.13%
  14  Sp013   11.95%    passed     72.88%
  15  Sp014   10.72%    passed     99.85%
****  TOTAL   11.98%  0 sequences failed composition chi2 test (p-value<5%; df=3)
Checking for duplicate sequences: done in 5.235e-05 secs using 99.33% CPU
Reading input tree file /home/ha/Code/final_thesis/data_phylov2/dna/test/20/start.newick ...

NOTE: 1 MB RAM (0 GB) is required!
Estimate model parameters (epsilon = 0.100)
1. Initial log-likelihood: -13768.117
Optimal log-likelihood: -13768.117
Rate parameters:  A-C: 1.48685  A-G: 4.06191  A-T: 2.29337  C-G: 1.09650  C-T: 7.19342  G-T: 1.00000
Base frequencies:  A: 0.222  C: 0.281  G: 0.269  T: 0.228
Proportion of invariable sites: 0.534
Gamma shape alpha: 0.687
Parameters optimization took 1 rounds (0.010 sec)
Wrote distance file to... 

Do NNI search on 1 best initial trees
Estimate model parameters (epsilon = 0.100)
BETTER TREE FOUND at iteration 1: -13764.359
Finish initializing candidate tree set (2)
Current best tree score: -13764.359 / CPU time: 0.049
Number of iterations: 1
--------------------------------------------------------------------
|               OPTIMIZING CANDIDATE TREE SET                      |
--------------------------------------------------------------------
Iteration 10 / LogL: -13764.382 / Time: 0h:0m:0s
Iteration 20 / LogL: -13764.364 / Time: 0h:0m:0s
Iteration 30 / LogL: -13764.403 / Time: 0h:0m:0s (0h:0m:1s left)
Iteration 40 / LogL: -13765.020 / Time: 0h:0m:1s (0h:0m:1s left)
Iteration 50 / LogL: -13764.382 / Time: 0h:0m:1s (0h:0m:1s left)
Iteration 60 / LogL: -13764.398 / Time: 0h:0m:1s (0h:0m:1s left)
Iteration 70 / LogL: -13765.098 / Time: 0h:0m:1s (0h:0m:0s left)
Iteration 80 / LogL: -13764.362 / Time: 0h:0m:2s (0h:0m:0s left)
Iteration 90 / LogL: -13764.361 / Time: 0h:0m:2s (0h:0m:0s left)
Iteration 100 / LogL: -13765.937 / Time: 0h:0m:2s (0h:0m:0s left)
TREE SEARCH COMPLETED AFTER 102 ITERATIONS / Time: 0h:0m:2s

--------------------------------------------------------------------
|                    FINALIZING TREE SEARCH                        |
--------------------------------------------------------------------
Performs final model parameters optimization
Estimate model parameters (epsilon = 0.010)
1. Initial log-likelihood: -13764.359
Optimal log-likelihood: -13764.359
Rate parameters:  A-C: 1.48685  A-G: 4.06191  A-T: 2.29337  C-G: 1.09650  C-T: 7.19342  G-T: 1.00000
Base frequencies:  A: 0.222  C: 0.281  G: 0.269  T: 0.228
Proportion of invariable sites: 0.534
Gamma shape alpha: 0.687
Parameters optimization took 1 rounds (0.002 sec)
BEST SCORE FOUND : -13764.359
Total tree length: 0.544

Total number of iterations: 102
CPU time used for tree search: 2.517 sec (0h:0m:2s)
Wall-clock time used for tree search: 2.548 sec (0h:0m:2s)
Total CPU time used: 2.537 sec (0h:0m:2s)
Total wall-clock time used: 2.569 sec (0h:0m:2s)

Analysis results written to: 
  IQ-TREE report:                /home/ha/Code/final_thesis/data_phylov2/precompute/20/20_infer.iqtree
  Maximum-likelihood tree:       /home/ha/Code/final_thesis/data_phylov2/precompute/20/20_infer.treefile
  Screen log file:               /home/ha/Code/final_thesis/data_phylov2/precompute/20/20_infer.log

Date and Time: Sat May 16 11:52:18 2026
