IQ-TREE version 3.1.1 for Linux x86 64-bit built Apr  8 2026
Developed by Bui Quang Minh, Thomas Wong, Nhan Ly-Trong, Huaiyan Ren
Contributed by Lam-Tung Nguyen, Dominik Schrempf, Chris Bielow,
Olga Chernomor, Michael Woodhams, Diep Thi Hoang, Heiko Schmidt

Host:    ha-ThinkPad-E14-Gen-5 (AVX2, FMA3, 31 GB RAM)
Command: iqtree3 -s /home/ha/Code/final_thesis/data_phylov2/dna/test/0/data.phy -t /home/ha/Code/final_thesis/data_phylov2/dna/test/0/start.newick -m GTR{7.39519,10.34260,5.04385,1.42416,13.55972}+F{0.26050,0.18691,0.29529,0.25731}+I{0.000}+G4{99.881} --prefix /home/ha/Code/final_thesis/data_phylov2/precompute/0/0_infer -T 1 --redo
Seed:    743197 (Using SPRNG - Scalable Parallel Random Number Generator)
Time:    Sat May 16 11:52:06 2026
Kernel:  AVX+FMA - 1 threads (16 CPU cores detected)

HINT: Use -nt option to specify number of threads because your CPU has 16 cores!
HINT: -nt AUTO will automatically determine the best number of threads to use.

Reading alignment file /home/ha/Code/final_thesis/data_phylov2/dna/test/0/data.phy ... Phylip format detected
Alignment most likely contains DNA/RNA sequences
Constructing alignment: done in 0.000668614 secs using 80.46% CPU
Alignment has 7 sequences with 272 columns, 20 distinct patterns
3 parsimony-informative, 23 singleton sites, 246 constant sites
       Gap/Ambiguity  Composition  p-value
Analyzing sequences: done in 2.015e-05 secs using 94.29% CPU
   1  Sp000   11.40%    passed     63.97%
   2  Sp001    0.00%    passed     99.75%
   3  Sp002    0.00%    passed     99.75%
   4  Sp003    0.00%    passed     99.75%
   5  Sp004    0.00%    passed     99.63%
   6  Sp005    0.00%    passed     99.63%
   7  Sp006    0.00%    passed     99.75%
****  TOTAL    1.63%  0 sequences failed composition chi2 test (p-value<5%; df=3)
NOTE: Sp002 is identical to Sp001 but kept for subsequent analysis
NOTE: Sp006 is identical to Sp003 but kept for subsequent analysis
NOTE: Sp005 is identical to Sp004 but kept for subsequent analysis
Checking for duplicate sequences: done in 9.2427e-05 secs
Reading input tree file /home/ha/Code/final_thesis/data_phylov2/dna/test/0/start.newick ...
WARNING: Normalizing State frequencies so that sum of them equals to 1

NOTE: 0 MB RAM (0 GB) is required!
Estimate model parameters (epsilon = 0.100)
1. Initial log-likelihood: -489.815
Optimal log-likelihood: -489.817
Rate parameters:  A-C: 7.39519  A-G: 10.34260  A-T: 5.04385  C-G: 1.42416  C-T: 13.55972  G-T: 1.00000
Base frequencies:  A: 0.260  C: 0.187  G: 0.295  T: 0.257
Proportion of invariable sites: 0.000
Gamma shape alpha: 99.881
Parameters optimization took 1 rounds (0.002 sec)
Wrote distance file to... 

Do NNI search on 1 best initial trees
BETTER TREE FOUND at iteration 1: -489.817
Finish initializing candidate tree set (2)
Current best tree score: -489.817 / CPU time: 0.001
Number of iterations: 1
--------------------------------------------------------------------
|               OPTIMIZING CANDIDATE TREE SET                      |
--------------------------------------------------------------------
BETTER TREE FOUND at iteration 3: -489.817
Iteration 10 / LogL: -489.817 / Time: 0h:0m:0s
Iteration 20 / LogL: -489.818 / Time: 0h:0m:0s
Iteration 30 / LogL: -489.817 / Time: 0h:0m:0s (0h:0m:0s left)
Iteration 40 / LogL: -489.817 / Time: 0h:0m:0s (0h:0m:0s left)
Iteration 50 / LogL: -489.817 / Time: 0h:0m:0s (0h:0m:0s left)
Iteration 60 / LogL: -489.817 / Time: 0h:0m:0s (0h:0m:0s left)
Iteration 70 / LogL: -489.817 / Time: 0h:0m:0s (0h:0m:0s left)
Iteration 80 / LogL: -489.819 / Time: 0h:0m:0s (0h:0m:0s left)
Iteration 90 / LogL: -489.817 / Time: 0h:0m:0s (0h:0m:0s left)
Iteration 100 / LogL: -489.817 / Time: 0h:0m:0s (0h:0m:0s left)
TREE SEARCH COMPLETED AFTER 104 ITERATIONS / Time: 0h:0m:0s

--------------------------------------------------------------------
|                    FINALIZING TREE SEARCH                        |
--------------------------------------------------------------------
Performs final model parameters optimization
Estimate model parameters (epsilon = 0.010)
1. Initial log-likelihood: -489.817
Optimal log-likelihood: -489.817
Rate parameters:  A-C: 7.39519  A-G: 10.34260  A-T: 5.04385  C-G: 1.42416  C-T: 13.55972  G-T: 1.00000
Base frequencies:  A: 0.260  C: 0.187  G: 0.295  T: 0.257
Proportion of invariable sites: 0.000
Gamma shape alpha: 99.881
Parameters optimization took 1 rounds (0.000 sec)
BEST SCORE FOUND : -489.817
Total tree length: 0.114

Total number of iterations: 104
CPU time used for tree search: 0.114 sec (0h:0m:0s)
Wall-clock time used for tree search: 0.125 sec (0h:0m:0s)
Total CPU time used: 0.134 sec (0h:0m:0s)
Total wall-clock time used: 0.154 sec (0h:0m:0s)

Analysis results written to: 
  IQ-TREE report:                /home/ha/Code/final_thesis/data_phylov2/precompute/0/0_infer.iqtree
  Maximum-likelihood tree:       /home/ha/Code/final_thesis/data_phylov2/precompute/0/0_infer.treefile
  Screen log file:               /home/ha/Code/final_thesis/data_phylov2/precompute/0/0_infer.log

Date and Time: Sat May 16 11:52:06 2026
