
RAxML-NG v. 1.2.2 released on 11.04.2024 by The Exelixis Lab.
Developed by: Alexey M. Kozlov and Alexandros Stamatakis.
Contributors: Diego Darriba, Tomas Flouri, Benoit Morel, Sarah Lutteropp, Ben Bettisworth, Julia Haag, Anastasis Togkousidis.
Latest version: https://github.com/amkozlov/raxml-ng
Questions/problems/suggestions? Please visit: https://groups.google.com/forum/#!forum/raxml

System: AMD Eng Sample: 100-000000425_37/24_N, 64 cores, 503 GB RAM

RAxML-NG was called at 05-May-2026 00:53:40 as follows:

raxml-ng --search --msa /root/final_thesis/data/dna/test/10/data.phy --tree /root/final_thesis/data/dna/test/10/start.newick --model GTR{1.54982/4.44274/0.90839/1.94336/5.95309/1.00000}+I{0.253}+G{1.051}+F{0.20568/0.27789/0.27475/0.24168} --prefix precompute/10/10_infer --threads auto --seed 42 --force perf_threads

Analysis options:
  run mode: ML tree search
  start tree(s): user
  random seed: 42
  tip-inner: OFF
  pattern compression: ON
  per-rate scalers: OFF
  site repeats: ON
  logLH epsilon: general: 10.000000, brlen-triplet: 1000.000000
  fast spr radius: AUTO
  spr subtree cutoff: 1.000000
  fast CLV updates: ON
  branch lengths: proportional (ML estimate, algorithm: NR-FAST)
  SIMD kernels: AVX2
  parallelization: coarse-grained (auto), PTHREADS (auto)

WARNING: Running in FORCE mode: some safety checks are disabled!

[00:00:00] Reading alignment from file: /root/final_thesis/data/dna/test/10/data.phy
[00:00:00] Loaded alignment with 12 taxa and 576 sites

Alignment comprises 1 partitions and 259 patterns

Partition 0: noname
Model: GTR{1.54982/4.44274/0.90839/1.94336/5.95309/1}+FU{0.20568/0.27789/0.27475/0.24168}+IU{0.253}+G4m{1.051}
Alignment sites / patterns: 576 / 259
Gaps: 0.95 %
Invariant sites: 47.40 %


NOTE: Binary MSA file created: precompute/10/10_infer.raxml.rba

Parallelization scheme autoconfig: 1 worker(s) x 4 thread(s)

[00:00:00] Loading user starting tree(s) from: /root/final_thesis/data/dna/test/10/start.newick
Parallel reduction/worker buffer size: 1 KB  / 0 KB

[00:00:00] Data distribution: max. partitions/sites/weight per thread: 1 / 65 / 1040
[00:00:00] Data distribution: max. searches per worker: 1

Starting ML tree search with 1 distinct starting trees

[00:00:00 -4439.861481] Initial branch length optimization
[00:00:00 -4163.076594] Model parameter optimization (eps = 10.000000)
[00:00:00 -4163.036242] AUTODETECT spr round 1 (radius: 5)
[00:00:00 -3529.576235] AUTODETECT spr round 2 (radius: 10)
[00:00:00 -3529.261581] SPR radius for FAST iterations: 10 (autodetect)
[00:00:00 -3529.261581] Model parameter optimization (eps = 3.000000)
[00:00:00 -3529.223083] FAST spr round 1 (radius: 10)
[00:00:00 -3513.873832] FAST spr round 2 (radius: 10)
[00:00:00 -3513.286792] Model parameter optimization (eps = 1.000000)
[00:00:00 -3513.286519] SLOW spr round 1 (radius: 5)
[00:00:00 -3513.286505] SLOW spr round 2 (radius: 10)
[00:00:00 -3513.286505] Model parameter optimization (eps = 0.100000)

[00:00:00] ML tree search #1, logLikelihood: -3513.286505


Optimized model parameters:

   Partition 0: noname
   Rate heterogeneity: GAMMA (4 cats, mean),  alpha: 1.051000 (user),  weights&rates: (0.250000,0.147016) (0.250000,0.491562) (0.250000,1.007962) (0.250000,2.353460) 
   P-inv (user): 0.253000
   Base frequencies (user): 0.205680 0.277890 0.274750 0.241680 
   Substitution rates (user): 1.549820 4.442740 0.908390 1.943360 5.953090 1.000000 


Final LogLikelihood: -3513.286505

AIC score: 7068.573011 / AICc score: 7070.240881 / BIC score: 7160.051272
Free parameters (model + branch lengths): 21

Best ML tree saved to: /root/final_thesis/precompute/10/10_infer.raxml.bestTree
Optimized model saved to: /root/final_thesis/precompute/10/10_infer.raxml.bestModel

Execution log saved to: /root/final_thesis/precompute/10/10_infer.raxml.log

Analysis started: 05-May-2026 00:53:40 / finished: 05-May-2026 00:53:40

Elapsed time: 0.082 seconds

