IQ-TREE version 3.1.1 for Linux x86 64-bit built Apr  8 2026
Developed by Bui Quang Minh, Thomas Wong, Nhan Ly-Trong, Huaiyan Ren
Contributed by Lam-Tung Nguyen, Dominik Schrempf, Chris Bielow,
Olga Chernomor, Michael Woodhams, Diep Thi Hoang, Heiko Schmidt

Host:    3b61efb33633 (AVX2, FMA3, 503 GB RAM)
Command: iqtree3 -s /root/final_thesis/data/dna/test/3/data.phy -t /root/final_thesis/data/dna/test/3/start.newick -m GTR{3.70788,5.93679,16.81250,0.00094,12.42579}+F{0.30130,0.13503,0.16868,0.39499}+I{0.524}+G4{0.611} --prefix precompute/3/3_infer --threads auto --redo
Seed:    311204 (Using SPRNG - Scalable Parallel Random Number Generator)
Time:    Tue May  5 00:03:17 2026
Kernel:  AVX+FMA - auto-detect threads (128 CPU cores detected)

Reading alignment file /root/final_thesis/data/dna/test/3/data.phy ... Phylip format detected
Alignment most likely contains DNA/RNA sequences
Constructing alignment: done in 0.00205249 secs using 1.2e+04% CPU
Alignment has 7 sequences with 571 columns, 65 distinct patterns
45 parsimony-informative, 37 singleton sites, 489 constant sites
       Gap/Ambiguity  Composition  p-value
Analyzing sequences: done in 0.094011 secs using 883.7% CPU
   1  Sp000    0.00%    passed     75.76%
   2  Sp001    0.00%    passed     99.34%
   3  Sp002    0.00%    passed     93.91%
   4  Sp003    0.00%    passed     91.54%
   5  Sp004    0.00%    passed     92.56%
   6  Sp005    0.00%    passed     98.85%
   7  Sp006    0.00%    passed     97.80%
****  TOTAL    0.00%  0 sequences failed composition chi2 test (p-value<5%; df=3)
Checking for duplicate sequences: done in 0.00571766 secs using 1.301e+04% CPU
Reading input tree file /root/final_thesis/data/dna/test/3/start.newick ...

NOTE: 0 MB RAM (0 GB) is required!
Measuring multi-threading efficiency up to 128 CPU cores
Increase to 10 rounds for branch lengths
174423 trees examined
Threads: 1 / Time: 128.000 sec / Speedup: 1.000 / Efficiency: 100% / LogL: -1329
Threads: 2 / Time: 282.098 sec / Speedup: 0.454 / Efficiency: 23% / LogL: -1329
Determining AUTO threadcount: done in 410.099 secs using 154.8% CPU
BEST NUMBER OF THREADS: 1

Estimate model parameters (epsilon = 0.100)
1. Initial log-likelihood: -1389.236
2. Current log-likelihood: -1320.653
3. Current log-likelihood: -1318.562
Optimal log-likelihood: -1318.562
Rate parameters:  A-C: 3.70788  A-G: 5.93679  A-T: 16.81250  C-G: 0.00094  C-T: 12.42579  G-T: 1.00000
Base frequencies:  A: 0.301  C: 0.135  G: 0.169  T: 0.395
Proportion of invariable sites: 0.524
Gamma shape alpha: 0.611
Parameters optimization took 3 rounds (0.001 sec)
Wrote distance file to... 

Do NNI search on 1 best initial trees
Estimate model parameters (epsilon = 0.100)
BETTER TREE FOUND at iteration 1: -1315.558
Finish initializing candidate tree set (2)
Current best tree score: -1315.558 / CPU time: 0.002
Number of iterations: 1
--------------------------------------------------------------------
|               OPTIMIZING CANDIDATE TREE SET                      |
--------------------------------------------------------------------
Iteration 10 / LogL: -1315.559 / Time: 0h:6m:50s
Iteration 20 / LogL: -1315.587 / Time: 0h:6m:50s
UPDATE BEST LOG-LIKELIHOOD: -1315.558
Iteration 30 / LogL: -1315.558 / Time: 0h:6m:50s (0h:16m:44s left)
Iteration 40 / LogL: -1315.559 / Time: 0h:6m:50s (0h:10m:41s left)
Iteration 50 / LogL: -1315.558 / Time: 0h:6m:50s (0h:7m:6s left)
Iteration 60 / LogL: -1315.581 / Time: 0h:6m:50s (0h:4m:45s left)
Iteration 70 / LogL: -1315.558 / Time: 0h:6m:50s (0h:3m:4s left)
Iteration 80 / LogL: -1315.609 / Time: 0h:6m:50s (0h:1m:49s left)
Iteration 90 / LogL: -1315.583 / Time: 0h:6m:50s (0h:0m:50s left)
Iteration 100 / LogL: -1315.558 / Time: 0h:6m:50s (0h:0m:4s left)
TREE SEARCH COMPLETED AFTER 102 ITERATIONS / Time: 0h:6m:50s

--------------------------------------------------------------------
|                    FINALIZING TREE SEARCH                        |
--------------------------------------------------------------------
Performs final model parameters optimization
Estimate model parameters (epsilon = 0.010)
1. Initial log-likelihood: -1315.558
Optimal log-likelihood: -1315.558
Rate parameters:  A-C: 3.70788  A-G: 5.93679  A-T: 16.81250  C-G: 0.00094  C-T: 12.42579  G-T: 1.00000
Base frequencies:  A: 0.301  C: 0.135  G: 0.169  T: 0.395
Proportion of invariable sites: 0.524
Gamma shape alpha: 0.611
Parameters optimization took 1 rounds (0.000 sec)
BEST SCORE FOUND : -1315.558
Total tree length: 0.236

Total number of iterations: 102
CPU time used for tree search: 0.116 sec (0h:0m:0s)
Wall-clock time used for tree search: 0.136 sec (0h:0m:0s)
Total CPU time used: 636.823 sec (0h:10m:36s)
Total wall-clock time used: 410.346 sec (0h:6m:50s)

Analysis results written to: 
  IQ-TREE report:                precompute/3/3_infer.iqtree
  Maximum-likelihood tree:       precompute/3/3_infer.treefile
  Screen log file:               precompute/3/3_infer.log

Date and Time: Tue May  5 00:10:08 2026
