IQ-TREE version 3.1.1 for Linux x86 64-bit built Apr  8 2026
Developed by Bui Quang Minh, Thomas Wong, Nhan Ly-Trong, Huaiyan Ren
Contributed by Lam-Tung Nguyen, Dominik Schrempf, Chris Bielow,
Olga Chernomor, Michael Woodhams, Diep Thi Hoang, Heiko Schmidt

Host:    ha-ThinkPad-E14-Gen-5 (AVX2, FMA3, 31 GB RAM)
Command: iqtree3 -s /home/ha/Code/data_phylogame/dna/test/32/data.phy -m GTR{2.27195,8.24888,2.40948,1.26352,19.24213}+F{0.25131,0.20462,0.30578,0.23829}+I{0.415}+G4{0.247} -t RANDOM --tree-fix -T 1 --prefix /home/ha/Code/data_phylogame/precompute_random/32/tmp_start --redo
Seed:    608323 (Using SPRNG - Scalable Parallel Random Number Generator)
Time:    Mon May 18 00:03:07 2026
Kernel:  AVX+FMA - 1 threads (16 CPU cores detected)

HINT: Use -nt option to specify number of threads because your CPU has 16 cores!
HINT: -nt AUTO will automatically determine the best number of threads to use.

Reading alignment file /home/ha/Code/data_phylogame/dna/test/32/data.phy ... Phylip format detected
Alignment most likely contains DNA/RNA sequences
Constructing alignment: done in 0.000629923 secs using 27.62% CPU
Alignment has 20 sequences with 751 columns, 133 distinct patterns
86 parsimony-informative, 50 singleton sites, 615 constant sites
       Gap/Ambiguity  Composition  p-value
Analyzing sequences: done in 1.272e-05 secs
   1  Sp000    1.20%    passed     99.29%
   2  Sp001    1.33%    passed     99.78%
   3  Sp002    1.60%    passed     98.30%
   4  Sp003    1.60%    passed     98.30%
   5  Sp004    1.60%    passed     98.30%
   6  Sp005    1.60%    passed     98.68%
   7  Sp006    1.60%    passed     99.34%
   8  Sp007    1.73%    passed     99.99%
   9  Sp008    1.60%    passed     99.92%
  10  Sp009    1.60%    passed     72.15%
  11  Sp010    1.60%    passed     93.83%
  12  Sp011    1.73%    passed     81.65%
  13  Sp012    1.73%    passed     97.82%
  14  Sp013    1.60%    passed     90.39%
  15  Sp014    1.60%    passed     90.39%
  16  Sp015    1.60%    passed     94.81%
  17  Sp016    1.33%    passed     89.21%
  18  Sp017    1.33%    passed     89.21%
  19  Sp018    1.86%    passed     79.41%
  20  Sp019    0.93%    passed     84.32%
****  TOTAL    1.54%  0 sequences failed composition chi2 test (p-value<5%; df=3)
NOTE: Sp003 is identical to Sp002 but kept for subsequent analysis
NOTE: Sp014 is identical to Sp013 but kept for subsequent analysis
NOTE: Sp017 is identical to Sp016 but kept for subsequent analysis
Checking for duplicate sequences: done in 5.2601e-05 secs
Identifying sites to remove: done in 0.000265705 secs
NOTE: 1 identical sequences (see below) will be ignored for subsequent analysis
NOTE: Sp004 (identical to Sp002) is ignored but added at the end
Alignment was printed to /home/ha/Code/data_phylogame/precompute_random/32/tmp_start.uniqueseq.phy

For your convenience alignment with unique sequences printed to /home/ha/Code/data_phylogame/precompute_random/32/tmp_start.uniqueseq.phy

Create initial parsimony tree by phylogenetic likelihood library (PLL)... 0.000 seconds

NOTE: 0 MB RAM (0 GB) is required!
Estimate model parameters (epsilon = 0.010)
1. Initial log-likelihood: -2422.034
2. Current log-likelihood: -2414.695
3. Current log-likelihood: -2414.647
Optimal log-likelihood: -2414.646
Rate parameters:  A-C: 2.27195  A-G: 8.24888  A-T: 2.40948  C-G: 1.26352  C-T: 19.24213  G-T: 1.00000
Base frequencies:  A: 0.251  C: 0.205  G: 0.306  T: 0.238
Proportion of invariable sites: 0.415
Gamma shape alpha: 0.247
Parameters optimization took 3 rounds (0.003 sec)
Log-likelihood of random tree: -2845.486
Wrote distance file to... 
BEST SCORE FOUND : -2845.486
Total tree length: 0.827

Total number of iterations: 0
CPU time used for tree search: 0.000 sec (0h:0m:0s)
Wall-clock time used for tree search: 0.000 sec (0h:0m:0s)
Total CPU time used: 0.009 sec (0h:0m:0s)
Total wall-clock time used: 0.010 sec (0h:0m:0s)

Analysis results written to: 
  IQ-TREE report:                /home/ha/Code/data_phylogame/precompute_random/32/tmp_start.iqtree
  Maximum-likelihood tree:       /home/ha/Code/data_phylogame/precompute_random/32/tmp_start.treefile
  Screen log file:               /home/ha/Code/data_phylogame/precompute_random/32/tmp_start.log

Date and Time: Mon May 18 00:03:07 2026
