
RAxML-NG v. 1.2.2 released on 11.04.2024 by The Exelixis Lab.
Developed by: Alexey M. Kozlov and Alexandros Stamatakis.
Contributors: Diego Darriba, Tomas Flouri, Benoit Morel, Sarah Lutteropp, Ben Bettisworth, Julia Haag, Anastasis Togkousidis.
Latest version: https://github.com/amkozlov/raxml-ng
Questions/problems/suggestions? Please visit: https://groups.google.com/forum/#!forum/raxml

System: AMD Eng Sample: 100-000000425_37/24_N, 64 cores, 503 GB RAM

RAxML-NG was called at 05-May-2026 01:14:23 as follows:

raxml-ng --search --msa /root/final_thesis/data/dna/test/14/data.phy --tree /root/final_thesis/data/dna/test/14/start.newick --model GTR{3.57197/43.86341/3.03754/2.35562/34.71184/1.00000}+I{0.000}+G{0.368}+F{0.35498/0.32244/0.07996/0.24262} --prefix precompute/14/14_infer --threads auto --seed 42 --force perf_threads

Analysis options:
  run mode: ML tree search
  start tree(s): user
  random seed: 42
  tip-inner: OFF
  pattern compression: ON
  per-rate scalers: OFF
  site repeats: ON
  logLH epsilon: general: 10.000000, brlen-triplet: 1000.000000
  fast spr radius: AUTO
  spr subtree cutoff: 1.000000
  fast CLV updates: ON
  branch lengths: proportional (ML estimate, algorithm: NR-FAST)
  SIMD kernels: AVX2
  parallelization: coarse-grained (auto), PTHREADS (auto)

WARNING: Running in FORCE mode: some safety checks are disabled!

[00:00:00] Reading alignment from file: /root/final_thesis/data/dna/test/14/data.phy
[00:00:00] Loaded alignment with 12 taxa and 898 sites

Alignment comprises 1 partitions and 413 patterns

Partition 0: noname
Model: GTR{3.57197/43.8634/3.03754/2.35562/34.7118/1}+FU{0.35498/0.32244/0.07996/0.24262}+IU{0}+G4m{0.368}
Alignment sites / patterns: 898 / 413
Gaps: 0.28 %
Invariant sites: 41.98 %


NOTE: Binary MSA file created: precompute/14/14_infer.raxml.rba

Parallelization scheme autoconfig: 1 worker(s) x 5 thread(s)

[00:00:00] Loading user starting tree(s) from: /root/final_thesis/data/dna/test/14/start.newick
Parallel reduction/worker buffer size: 1 KB  / 0 KB

[00:00:00] Data distribution: max. partitions/sites/weight per thread: 1 / 83 / 1328
[00:00:00] Data distribution: max. searches per worker: 1

Starting ML tree search with 1 distinct starting trees

[00:00:00 -7200.947137] Initial branch length optimization
[00:00:00 -6443.656371] Model parameter optimization (eps = 10.000000)
[00:00:00 -6442.540060] AUTODETECT spr round 1 (radius: 5)
[00:00:00 -5728.281425] AUTODETECT spr round 2 (radius: 10)
[00:00:00 -5727.362573] SPR radius for FAST iterations: 10 (autodetect)
[00:00:00 -5727.362573] Model parameter optimization (eps = 3.000000)
[00:00:00 -5727.205454] FAST spr round 1 (radius: 10)
[00:00:00 -5708.950595] FAST spr round 2 (radius: 10)
[00:00:00 -5708.923625] Model parameter optimization (eps = 1.000000)
[00:00:00 -5708.922696] SLOW spr round 1 (radius: 5)
[00:00:00 -5708.922483] SLOW spr round 2 (radius: 10)
[00:00:00 -5708.922477] Model parameter optimization (eps = 0.100000)

[00:00:00] ML tree search #1, logLikelihood: -5708.922477


Optimized model parameters:

   Partition 0: noname
   Rate heterogeneity: GAMMA (4 cats, mean),  alpha: 0.368000 (user),  weights&rates: (0.250000,0.012381) (0.250000,0.157480) (0.250000,0.694194) (0.250000,3.135945) 
   P-inv (user): 0.000000
   Base frequencies (user): 0.354980 0.322440 0.079960 0.242620 
   Substitution rates (user): 3.571970 43.863410 3.037540 2.355620 34.711840 1.000000 


Final LogLikelihood: -5708.922477

AIC score: 11459.844954 / AICc score: 11460.899749 / BIC score: 11560.648525
Free parameters (model + branch lengths): 21

Best ML tree saved to: /root/final_thesis/precompute/14/14_infer.raxml.bestTree
Optimized model saved to: /root/final_thesis/precompute/14/14_infer.raxml.bestModel

Execution log saved to: /root/final_thesis/precompute/14/14_infer.raxml.log

Analysis started: 05-May-2026 01:14:23 / finished: 05-May-2026 01:14:23

Elapsed time: 0.091 seconds

