
RAxML-NG v. 1.2.2 released on 11.04.2024 by The Exelixis Lab.
Developed by: Alexey M. Kozlov and Alexandros Stamatakis.
Contributors: Diego Darriba, Tomas Flouri, Benoit Morel, Sarah Lutteropp, Ben Bettisworth, Julia Haag, Anastasis Togkousidis.
Latest version: https://github.com/amkozlov/raxml-ng
Questions/problems/suggestions? Please visit: https://groups.google.com/forum/#!forum/raxml

System: AMD Eng Sample: 100-000000425_37/24_N, 64 cores, 503 GB RAM

RAxML-NG was called at 05-May-2026 00:35:56 as follows:

raxml-ng --search --msa /root/final_thesis/data/dna/test/7/data.phy --tree /root/final_thesis/data/dna/test/7/start.newick --model GTR{7.94171/7.05472/0.95536/1.64921/14.00086/1.00000}+I{0.513}+G{13.215}+F{0.22261/0.14525/0.24609/0.38606} --prefix precompute/7/7_infer --threads auto --seed 42 --force perf_threads

Analysis options:
  run mode: ML tree search
  start tree(s): user
  random seed: 42
  tip-inner: OFF
  pattern compression: ON
  per-rate scalers: OFF
  site repeats: ON
  logLH epsilon: general: 10.000000, brlen-triplet: 1000.000000
  fast spr radius: AUTO
  spr subtree cutoff: 1.000000
  fast CLV updates: ON
  branch lengths: proportional (ML estimate, algorithm: NR-FAST)
  SIMD kernels: AVX2
  parallelization: coarse-grained (auto), PTHREADS (auto)

WARNING: Running in FORCE mode: some safety checks are disabled!

[00:00:00] Reading alignment from file: /root/final_thesis/data/dna/test/7/data.phy
[00:00:00] Loaded alignment with 7 taxa and 630 sites

Alignment comprises 1 partitions and 77 patterns

Partition 0: noname
Model: GTR{7.94171/7.05472/0.95536/1.64921/14.0009/1}+FU{0.22261/0.14525/0.24609/0.38606}+IU{0.513}+G4m{13.215}
Alignment sites / patterns: 630 / 77
Gaps: 0.02 %
Invariant sites: 65.87 %


NOTE: Binary MSA file created: precompute/7/7_infer.raxml.rba

Parallelization scheme autoconfig: 1 worker(s) x 1 thread(s)

[00:00:00] Loading user starting tree(s) from: /root/final_thesis/data/dna/test/7/start.newick
Parallel reduction/worker buffer size: 1 KB  / 0 KB

[00:00:00] Data distribution: max. partitions/sites/weight per thread: 1 / 77 / 1232
[00:00:00] Data distribution: max. searches per worker: 1

Starting ML tree search with 1 distinct starting trees

[00:00:00 -2357.608139] Initial branch length optimization
[00:00:00 -1913.259984] Model parameter optimization (eps = 10.000000)
[00:00:00 -1913.247979] AUTODETECT spr round 1 (radius: 5)
[00:00:00 -1857.904643] SPR radius for FAST iterations: 5 (autodetect)
[00:00:00 -1857.904643] Model parameter optimization (eps = 3.000000)
[00:00:00 -1857.650231] FAST spr round 1 (radius: 5)
[00:00:00 -1856.940393] Model parameter optimization (eps = 1.000000)
[00:00:00 -1856.900249] SLOW spr round 1 (radius: 5)
[00:00:00 -1856.854321] Model parameter optimization (eps = 0.100000)

[00:00:00] ML tree search #1, logLikelihood: -1856.854321


Optimized model parameters:

   Partition 0: noname
   Rate heterogeneity: GAMMA (4 cats, mean),  alpha: 13.215000 (user),  weights&rates: (0.250000,0.675181) (0.250000,0.890451) (0.250000,1.066514) (0.250000,1.367854) 
   P-inv (user): 0.513000
   Base frequencies (user): 0.222608 0.145249 0.246088 0.386056 
   Substitution rates (user): 7.941710 7.054720 0.955360 1.649210 14.000860 1.000000 


Final LogLikelihood: -1856.854321

AIC score: 3735.708641 / AICc score: 3736.135826 / BIC score: 3784.611559
Free parameters (model + branch lengths): 11

WARNING: Best ML tree contains 1 near-zero branches!

Best ML tree with collapsed near-zero branches saved to: /root/final_thesis/precompute/7/7_infer.raxml.bestTreeCollapsed
Best ML tree saved to: /root/final_thesis/precompute/7/7_infer.raxml.bestTree
Optimized model saved to: /root/final_thesis/precompute/7/7_infer.raxml.bestModel

Execution log saved to: /root/final_thesis/precompute/7/7_infer.raxml.log

Analysis started: 05-May-2026 00:35:56 / finished: 05-May-2026 00:35:56

Elapsed time: 0.024 seconds

