IQ-TREE version 3.1.1 for Linux x86 64-bit built Apr  8 2026
Developed by Bui Quang Minh, Thomas Wong, Nhan Ly-Trong, Huaiyan Ren
Contributed by Lam-Tung Nguyen, Dominik Schrempf, Chris Bielow,
Olga Chernomor, Michael Woodhams, Diep Thi Hoang, Heiko Schmidt

Host:    ha-ThinkPad-E14-Gen-5 (AVX2, FMA3, 31 GB RAM)
Command: iqtree3 -s /home/ha/Code/data_phylogame/dna/test/36/data.phy -m GTR{0.52769,4.14807,1.55735,1.25543,4.29748}+F{0.25021,0.24173,0.19348,0.31458}+I{0.000}+G4{0.192} -t RANDOM --tree-fix -T 1 --prefix /home/ha/Code/data_phylogame/precompute_random/36/tmp_start --redo
Seed:    683776 (Using SPRNG - Scalable Parallel Random Number Generator)
Time:    Mon May 18 00:03:07 2026
Kernel:  AVX+FMA - 1 threads (16 CPU cores detected)

HINT: Use -nt option to specify number of threads because your CPU has 16 cores!
HINT: -nt AUTO will automatically determine the best number of threads to use.

Reading alignment file /home/ha/Code/data_phylogame/dna/test/36/data.phy ... Phylip format detected
Alignment most likely contains DNA/RNA sequences
Constructing alignment: done in 0.00042585 secs using 47.9% CPU
Alignment has 20 sequences with 528 columns, 135 distinct patterns
99 parsimony-informative, 23 singleton sites, 406 constant sites
       Gap/Ambiguity  Composition  p-value
Analyzing sequences: done in 1.1078e-05 secs
   1  Sp000    5.11%    passed     91.50%
   2  Sp001    5.11%    passed     94.57%
   3  Sp002    4.55%    passed     97.49%
   4  Sp003    4.55%    passed     97.47%
   5  Sp004    4.36%    passed     67.35%
   6  Sp005    4.55%    passed     95.41%
   7  Sp006    5.68%    passed     85.03%
   8  Sp007    5.68%    passed     79.22%
   9  Sp008    5.68%    passed     80.62%
  10  Sp009    5.68%    passed     79.22%
  11  Sp010    5.68%    passed     79.22%
  12  Sp011    5.49%    passed     91.80%
  13  Sp012    2.46%    passed     86.61%
  14  Sp013    1.52%    passed     77.17%
  15  Sp014    2.08%    passed     84.90%
  16  Sp015    2.27%    passed     64.58%
  17  Sp016    5.11%    passed     96.71%
  18  Sp017    5.30%    passed     94.95%
  19  Sp018    4.55%    passed     98.65%
  20  Sp019    4.55%    passed     98.65%
****  TOTAL    4.50%  0 sequences failed composition chi2 test (p-value<5%; df=3)
NOTE: Sp010 is identical to Sp009 but kept for subsequent analysis
NOTE: Sp019 is identical to Sp018 but kept for subsequent analysis
Checking for duplicate sequences: done in 3.716e-05 secs

Create initial parsimony tree by phylogenetic likelihood library (PLL)... 0.001 seconds

NOTE: 0 MB RAM (0 GB) is required!
Estimate model parameters (epsilon = 0.010)
1. Initial log-likelihood: -1752.881
2. Current log-likelihood: -1747.816
Optimal log-likelihood: -1747.812
Rate parameters:  A-C: 0.52769  A-G: 4.14807  A-T: 1.55735  C-G: 1.25543  C-T: 4.29748  G-T: 1.00000
Base frequencies:  A: 0.250  C: 0.242  G: 0.193  T: 0.315
Proportion of invariable sites: 0.000
Gamma shape alpha: 0.192
Parameters optimization took 2 rounds (0.006 sec)
Log-likelihood of random tree: -2629.843
Wrote distance file to... 
BEST SCORE FOUND : -2629.843
Total tree length: 2.097

Total number of iterations: 0
CPU time used for tree search: 0.000 sec (0h:0m:0s)
Wall-clock time used for tree search: 0.000 sec (0h:0m:0s)
Total CPU time used: 0.024 sec (0h:0m:0s)
Total wall-clock time used: 0.024 sec (0h:0m:0s)

Analysis results written to: 
  IQ-TREE report:                /home/ha/Code/data_phylogame/precompute_random/36/tmp_start.iqtree
  Maximum-likelihood tree:       /home/ha/Code/data_phylogame/precompute_random/36/tmp_start.treefile
  Screen log file:               /home/ha/Code/data_phylogame/precompute_random/36/tmp_start.log

Date and Time: Mon May 18 00:03:07 2026
