IQ-TREE version 3.1.1 for Linux x86 64-bit built Apr  8 2026
Developed by Bui Quang Minh, Thomas Wong, Nhan Ly-Trong, Huaiyan Ren
Contributed by Lam-Tung Nguyen, Dominik Schrempf, Chris Bielow,
Olga Chernomor, Michael Woodhams, Diep Thi Hoang, Heiko Schmidt

Host:    ha-ThinkPad-E14-Gen-5 (AVX2, FMA3, 31 GB RAM)
Command: iqtree3 -s /home/ha/Code/data_phylogame/dna/test/33/data.phy -m GTR{1.19179,2.71299,2.22832,0.56120,4.53291}+F{0.35780,0.15460,0.22435,0.26325}+I{0.387}+G4{3.624} -t RANDOM --tree-fix -T 1 --prefix /home/ha/Code/data_phylogame/precompute_random/33/tmp_start --redo
Seed:    628318 (Using SPRNG - Scalable Parallel Random Number Generator)
Time:    Mon May 18 00:03:07 2026
Kernel:  AVX+FMA - 1 threads (16 CPU cores detected)

HINT: Use -nt option to specify number of threads because your CPU has 16 cores!
HINT: -nt AUTO will automatically determine the best number of threads to use.

Reading alignment file /home/ha/Code/data_phylogame/dna/test/33/data.phy ... Phylip format detected
Alignment most likely contains DNA/RNA sequences
Constructing alignment: done in 0.000453077 secs using 49.88% CPU
Alignment has 20 sequences with 446 columns, 274 distinct patterns
181 parsimony-informative, 54 singleton sites, 211 constant sites
       Gap/Ambiguity  Composition  p-value
Analyzing sequences: done in 1.9183e-05 secs using 46.92% CPU
   1  Sp000    7.62%    passed     57.24%
   2  Sp001    6.95%    passed     59.64%
   3  Sp002    7.17%    passed     96.47%
   4  Sp003    8.30%    passed     96.04%
   5  Sp004    7.17%    passed     95.46%
   6  Sp005    6.95%    passed     90.16%
   7  Sp006   21.30%    passed     76.06%
   8  Sp007    8.07%    passed     97.96%
   9  Sp008    7.40%    passed     92.58%
  10  Sp009   10.99%    passed     86.22%
  11  Sp010    7.85%    passed     96.12%
  12  Sp011    6.73%    passed     91.30%
  13  Sp012    8.30%    passed     58.08%
  14  Sp013    8.30%    passed     62.97%
  15  Sp014    8.07%    passed     98.61%
  16  Sp015    8.07%    passed     83.44%
  17  Sp016    6.95%    passed     62.51%
  18  Sp017    6.95%    passed     44.25%
  19  Sp018    8.07%    passed     96.60%
  20  Sp019   10.99%    passed     99.39%
****  TOTAL    8.61%  0 sequences failed composition chi2 test (p-value<5%; df=3)
Checking for duplicate sequences: done in 4.4046e-05 secs using 47.68% CPU

Create initial parsimony tree by phylogenetic likelihood library (PLL)... 0.000 seconds

NOTE: 0 MB RAM (0 GB) is required!
Estimate model parameters (epsilon = 0.010)
1. Initial log-likelihood: -3258.880
2. Current log-likelihood: -3241.634
3. Current log-likelihood: -3241.604
Optimal log-likelihood: -3241.604
Rate parameters:  A-C: 1.19179  A-G: 2.71299  A-T: 2.22832  C-G: 0.56120  C-T: 4.53291  G-T: 1.00000
Base frequencies:  A: 0.358  C: 0.155  G: 0.224  T: 0.263
Proportion of invariable sites: 0.387
Gamma shape alpha: 3.624
Parameters optimization took 3 rounds (0.003 sec)
Log-likelihood of random tree: -3963.725
Wrote distance file to... 
BEST SCORE FOUND : -3963.725
Total tree length: 3.087

Total number of iterations: 0
CPU time used for tree search: 0.000 sec (0h:0m:0s)
Wall-clock time used for tree search: 0.000 sec (0h:0m:0s)
Total CPU time used: 0.008 sec (0h:0m:0s)
Total wall-clock time used: 0.009 sec (0h:0m:0s)

Analysis results written to: 
  IQ-TREE report:                /home/ha/Code/data_phylogame/precompute_random/33/tmp_start.iqtree
  Maximum-likelihood tree:       /home/ha/Code/data_phylogame/precompute_random/33/tmp_start.treefile
  Screen log file:               /home/ha/Code/data_phylogame/precompute_random/33/tmp_start.log

Date and Time: Mon May 18 00:03:07 2026
