
RAxML-NG v. 1.2.2 released on 11.04.2024 by The Exelixis Lab.
Developed by: Alexey M. Kozlov and Alexandros Stamatakis.
Contributors: Diego Darriba, Tomas Flouri, Benoit Morel, Sarah Lutteropp, Ben Bettisworth, Julia Haag, Anastasis Togkousidis.
Latest version: https://github.com/amkozlov/raxml-ng
Questions/problems/suggestions? Please visit: https://groups.google.com/forum/#!forum/raxml

System: 13th Gen Intel(R) Core(TM) i5-13500H, 12 cores, 31 GB RAM (allocated: 8 physical cores)

RAxML-NG was called at 16-May-2026 11:52:07 as follows:

raxml-ng --search --msa /home/ha/Code/final_thesis/data_phylov2/dna/test/2/data.phy --tree /home/ha/Code/final_thesis/data_phylov2/dna/test/2/start.newick --model GTR{3.00550/4.94612/0.46837/0.70587/11.01738/1.00000}+I{0.409}+G{2.219}+F{0.33881/0.18866/0.21900/0.25354} --prefix /home/ha/Code/final_thesis/data_phylov2/precompute/2/2_infer --threads 1 --seed 42 --force perf_threads --redo

Analysis options:
  run mode: ML tree search
  start tree(s): user
  random seed: 42
  tip-inner: OFF
  pattern compression: ON
  per-rate scalers: OFF
  site repeats: ON
  logLH epsilon: general: 10.000000, brlen-triplet: 1000.000000
  fast spr radius: AUTO
  spr subtree cutoff: 1.000000
  fast CLV updates: ON
  branch lengths: proportional (ML estimate, algorithm: NR-FAST)
  SIMD kernels: AVX2
  parallelization: coarse-grained (auto), NONE/sequential

WARNING: Running in REDO mode: existing checkpoints are ignored, and all result files will be overwritten!

WARNING: Running in FORCE mode: some safety checks are disabled!

[00:00:00] Reading alignment from file: /home/ha/Code/final_thesis/data_phylov2/dna/test/2/data.phy
[00:00:00] Loaded alignment with 7 taxa and 3477 sites

WARNING: Sequences Sp000 and Sp005 are exactly identical!
WARNING: Sequences Sp001 and Sp004 are exactly identical!
WARNING: Sequences Sp002 and Sp006 are exactly identical!
WARNING: Duplicate sequences found: 3

NOTE: Reduced alignment (with duplicates and gap-only sites/taxa removed) 
NOTE: was saved to: /home/ha/Code/final_thesis/data_phylov2/precompute/2/2_infer.raxml.reduced.phy

Alignment comprises 1 partitions and 293 patterns

Partition 0: noname
Model: GTR{3.0055/4.94612/0.46837/0.70587/11.0174/1}+FU{0.33881/0.18866/0.219/0.25354}+IU{0.409}+G4m{2.219}
Alignment sites / patterns: 3477 / 293
Gaps: 2.82 %
Invariant sites: 53.93 %


NOTE: Binary MSA file created: /home/ha/Code/final_thesis/data_phylov2/precompute/2/2_infer.raxml.rba

Parallelization scheme autoconfig: 1 worker(s) x 1 thread(s)

[00:00:00] Loading user starting tree(s) from: /home/ha/Code/final_thesis/data_phylov2/dna/test/2/start.newick
Parallel reduction/worker buffer size: 1 KB  / 0 KB

[00:00:00] Data distribution: max. partitions/sites/weight per thread: 1 / 293 / 4688
[00:00:00] Data distribution: max. searches per worker: 1

Starting ML tree search with 1 distinct starting trees

[00:00:00 -12443.547847] Initial branch length optimization
[00:00:00 -12443.547817] Model parameter optimization (eps = 10.000000)
[00:00:00 -12443.547807] AUTODETECT spr round 1 (radius: 5)
[00:00:00 -12443.547804] SPR radius for FAST iterations: 5 (autodetect)
[00:00:00 -12443.547804] Model parameter optimization (eps = 3.000000)
[00:00:00 -12443.547802] FAST spr round 1 (radius: 5)
[00:00:00 -12443.547801] Model parameter optimization (eps = 1.000000)
[00:00:00 -12443.547801] SLOW spr round 1 (radius: 5)
[00:00:00 -12443.547801] Model parameter optimization (eps = 0.100000)

[00:00:00] ML tree search #1, logLikelihood: -12443.547801


Optimized model parameters:

   Partition 0: noname
   Rate heterogeneity: GAMMA (4 cats, mean),  alpha: 2.219000 (user),  weights&rates: (0.250000,0.318086) (0.250000,0.676449) (0.250000,1.074614) (0.250000,1.930850) 
   P-inv (user): 0.409000
   Base frequencies (user): 0.338807 0.188658 0.218998 0.253537 
   Substitution rates (user): 3.005500 4.946120 0.468370 0.705870 11.017380 1.000000 


Final LogLikelihood: -12443.547801

AIC score: 24909.095602 / AICc score: 24909.171793 / BIC score: 24976.788779
Free parameters (model + branch lengths): 11

Best ML tree saved to: /home/ha/Code/final_thesis/data_phylov2/precompute/2/2_infer.raxml.bestTree
Optimized model saved to: /home/ha/Code/final_thesis/data_phylov2/precompute/2/2_infer.raxml.bestModel

Execution log saved to: /home/ha/Code/final_thesis/data_phylov2/precompute/2/2_infer.raxml.log

Analysis started: 16-May-2026 11:52:07 / finished: 16-May-2026 11:52:07

Elapsed time: 0.044 seconds

