IQ-TREE version 3.1.1 for Linux x86 64-bit built Apr  8 2026
Developed by Bui Quang Minh, Thomas Wong, Nhan Ly-Trong, Huaiyan Ren
Contributed by Lam-Tung Nguyen, Dominik Schrempf, Chris Bielow,
Olga Chernomor, Michael Woodhams, Diep Thi Hoang, Heiko Schmidt

Host:    3b61efb33633 (AVX2, FMA3, 503 GB RAM)
Command: iqtree3 -s /root/final_thesis/data/dna/test/34/data.phy -t /root/final_thesis/data/dna/test/34/start.newick -m GTR{1.07142,7.53486,1.48391,1.65649,10.32865}+F{0.19985,0.26212,0.24478,0.29325}+I{0.388}+G4{0.810} --prefix precompute/34/34_infer --threads auto --redo
Seed:    132912 (Using SPRNG - Scalable Parallel Random Number Generator)
Time:    Tue May  5 03:01:32 2026
Kernel:  AVX+FMA - auto-detect threads (128 CPU cores detected)

Reading alignment file /root/final_thesis/data/dna/test/34/data.phy ... Phylip format detected
Alignment most likely contains DNA/RNA sequences
Constructing alignment: done in 0.0440409 secs using 1432% CPU
Alignment has 20 sequences with 607 columns, 191 distinct patterns
124 parsimony-informative, 80 singleton sites, 403 constant sites
       Gap/Ambiguity  Composition  p-value
Analyzing sequences: done in 0.00899476 secs using 1.226e+04% CPU
   1  Sp000    1.65%    passed     99.71%
   2  Sp001    2.14%    passed     97.14%
   3  Sp002    1.65%    passed     90.00%
   4  Sp003    1.65%    passed     96.70%
   5  Sp004    1.65%    passed     99.34%
   6  Sp005    1.65%    passed     99.16%
   7  Sp006    1.65%    passed     99.90%
   8  Sp007    1.65%    passed     81.84%
   9  Sp008    1.98%    passed     99.10%
  10  Sp009    1.98%    passed     95.87%
  11  Sp010    1.65%    passed     92.16%
  12  Sp011    1.65%    passed     90.93%
  13  Sp012    1.65%    passed     99.80%
  14  Sp013    1.65%    passed     98.37%
  15  Sp014    1.65%    passed     96.16%
  16  Sp015    1.65%    passed     99.71%
  17  Sp016    1.81%    passed     89.79%
  18  Sp017    1.81%    passed     87.41%
  19  Sp018    1.81%    passed     87.69%
  20  Sp019   17.30%    passed     94.59%
****  TOTAL    2.51%  0 sequences failed composition chi2 test (p-value<5%; df=3)
Checking for duplicate sequences: done in 0.0935744 secs using 1389% CPU
Reading input tree file /root/final_thesis/data/dna/test/34/start.newick ...

NOTE: 0 MB RAM (0 GB) is required!
Measuring multi-threading efficiency up to 128 CPU cores
Increase to 10 rounds for branch lengths
23122 trees examined
Threads: 1 / Time: 128.004 sec / Speedup: 1.000 / Efficiency: 100% / LogL: -3020
Threads: 2 / Time: 196.006 sec / Speedup: 0.653 / Efficiency: 33% / LogL: -3020
Determining AUTO threadcount: done in 324.011 secs using 152.4% CPU
BEST NUMBER OF THREADS: 1

Estimate model parameters (epsilon = 0.100)
1. Initial log-likelihood: -3529.282
2. Current log-likelihood: -3139.663
3. Current log-likelihood: -3127.629
4. Current log-likelihood: -3127.267
Optimal log-likelihood: -3127.239
Rate parameters:  A-C: 1.07142  A-G: 7.53486  A-T: 1.48391  C-G: 1.65649  C-T: 10.32865  G-T: 1.00000
Base frequencies:  A: 0.200  C: 0.262  G: 0.245  T: 0.293
Proportion of invariable sites: 0.388
Gamma shape alpha: 0.810
Parameters optimization took 4 rounds (0.006 sec)
Wrote distance file to... 

Do NNI search on 1 best initial trees
Estimate model parameters (epsilon = 0.100)
BETTER TREE FOUND at iteration 1: -2751.372
Finish initializing candidate tree set (2)
Current best tree score: -2751.372 / CPU time: 0.078
Number of iterations: 1
--------------------------------------------------------------------
|               OPTIMIZING CANDIDATE TREE SET                      |
--------------------------------------------------------------------
WARNING: NNI search needs unusual large number of steps (20) to converge!
Estimate model parameters (epsilon = 0.100)
BETTER TREE FOUND at iteration 3: -2703.601
BETTER TREE FOUND at iteration 9: -2703.600
Iteration 10 / LogL: -2703.600 / Time: 0h:5m:24s
BETTER TREE FOUND at iteration 11: -2703.600
BETTER TREE FOUND at iteration 14: -2703.599
BETTER TREE FOUND at iteration 20: -2703.599
Iteration 20 / LogL: -2703.599 / Time: 0h:5m:24s
Iteration 30 / LogL: -2703.599 / Time: 0h:5m:24s (0h:16m:47s left)
Iteration 40 / LogL: -2703.622 / Time: 0h:5m:24s (0h:11m:6s left)
Iteration 50 / LogL: -2703.611 / Time: 0h:5m:25s (0h:7m:44s left)
Iteration 60 / LogL: -2703.783 / Time: 0h:5m:25s (0h:5m:30s left)
Iteration 70 / LogL: -2703.600 / Time: 0h:5m:25s (0h:3m:55s left)
UPDATE BEST LOG-LIKELIHOOD: -2703.599
Iteration 80 / LogL: -2703.607 / Time: 0h:5m:25s (0h:2m:44s left)
BETTER TREE FOUND at iteration 83: -2703.599
UPDATE BEST LOG-LIKELIHOOD: -2703.599
Iteration 90 / LogL: -2703.599 / Time: 0h:5m:25s (0h:5m:40s left)
Iteration 100 / LogL: -2703.599 / Time: 0h:5m:25s (0h:4m:33s left)
Iteration 110 / LogL: -2703.599 / Time: 0h:5m:26s (0h:3m:38s left)
Estimate model parameters (epsilon = 0.100)
BETTER TREE FOUND at iteration 112: -2703.553
Iteration 120 / LogL: -2703.656 / Time: 0h:5m:26s (0h:4m:12s left)
Iteration 130 / LogL: -2703.617 / Time: 0h:5m:26s (0h:3m:27s left)
BETTER TREE FOUND at iteration 137: -2703.553
Iteration 140 / LogL: -2703.553 / Time: 0h:5m:26s (0h:3m:47s left)
Iteration 150 / LogL: -2703.554 / Time: 0h:5m:26s (0h:3m:10s left)
BETTER TREE FOUND at iteration 155: -2703.552
Iteration 160 / LogL: -2703.553 / Time: 0h:5m:27s (0h:3m:15s left)
Iteration 170 / LogL: -2703.556 / Time: 0h:5m:27s (0h:2m:44s left)
BETTER TREE FOUND at iteration 180: -2703.552
Iteration 180 / LogL: -2703.552 / Time: 0h:5m:27s (0h:3m:2s left)
BETTER TREE FOUND at iteration 187: -2703.552
Iteration 190 / LogL: -2703.553 / Time: 0h:5m:27s (0h:2m:48s left)
Iteration 200 / LogL: -2703.561 / Time: 0h:5m:27s (0h:2m:23s left)
BETTER TREE FOUND at iteration 205: -2703.552
Iteration 210 / LogL: -2703.553 / Time: 0h:5m:27s (0h:2m:28s left)
Iteration 220 / LogL: -2703.553 / Time: 0h:5m:28s (0h:2m:7s left)
BETTER TREE FOUND at iteration 221: -2703.552
Iteration 230 / LogL: -2703.560 / Time: 0h:5m:28s (0h:2m:10s left)
Iteration 240 / LogL: -2703.715 / Time: 0h:5m:28s (0h:1m:51s left)
Iteration 250 / LogL: -2703.553 / Time: 0h:5m:28s (0h:1m:33s left)
Iteration 260 / LogL: -2703.556 / Time: 0h:5m:28s (0h:1m:17s left)
Iteration 270 / LogL: -2703.553 / Time: 0h:5m:28s (0h:1m:2s left)
Iteration 280 / LogL: -2703.554 / Time: 0h:5m:29s (0h:0m:48s left)
Iteration 290 / LogL: -2703.553 / Time: 0h:5m:29s (0h:0m:35s left)
Iteration 300 / LogL: -2703.556 / Time: 0h:5m:29s (0h:0m:23s left)
Iteration 310 / LogL: -2703.553 / Time: 0h:5m:29s (0h:0m:11s left)
Iteration 320 / LogL: -2703.569 / Time: 0h:5m:29s (0h:0m:1s left)
TREE SEARCH COMPLETED AFTER 322 ITERATIONS / Time: 0h:5m:29s

--------------------------------------------------------------------
|                    FINALIZING TREE SEARCH                        |
--------------------------------------------------------------------
Performs final model parameters optimization
Estimate model parameters (epsilon = 0.010)
1. Initial log-likelihood: -2703.552
Optimal log-likelihood: -2703.552
Rate parameters:  A-C: 1.07142  A-G: 7.53486  A-T: 1.48391  C-G: 1.65649  C-T: 10.32865  G-T: 1.00000
Base frequencies:  A: 0.200  C: 0.262  G: 0.245  T: 0.293
Proportion of invariable sites: 0.388
Gamma shape alpha: 0.810
Parameters optimization took 1 rounds (0.001 sec)
BEST SCORE FOUND : -2703.552
Total tree length: 0.901

Total number of iterations: 322
CPU time used for tree search: 5.265 sec (0h:0m:5s)
Wall-clock time used for tree search: 5.725 sec (0h:0m:5s)
Total CPU time used: 500.833 sec (0h:8m:20s)
Total wall-clock time used: 329.850 sec (0h:5m:29s)

Analysis results written to: 
  IQ-TREE report:                precompute/34/34_infer.iqtree
  Maximum-likelihood tree:       precompute/34/34_infer.treefile
  Screen log file:               precompute/34/34_infer.log

Date and Time: Tue May  5 03:07:02 2026
