IQ-TREE version 3.1.1 for Linux x86 64-bit built Apr  8 2026
Developed by Bui Quang Minh, Thomas Wong, Nhan Ly-Trong, Huaiyan Ren
Contributed by Lam-Tung Nguyen, Dominik Schrempf, Chris Bielow,
Olga Chernomor, Michael Woodhams, Diep Thi Hoang, Heiko Schmidt

Host:    ha-ThinkPad-E14-Gen-5 (AVX2, FMA3, 31 GB RAM)
Command: iqtree3 -s /home/ha/Code/data_phylogame/dna/test/17/data.phy -m GTR{0.66697,1.22264,0.46141,0.12511,3.63763}+F{0.22935,0.31688,0.30000,0.15377}+I{0.462}+G4{17.806} -t RANDOM --tree-fix -T 1 --prefix /home/ha/Code/data_phylogame/precompute_random/17/tmp_start --redo
Seed:    349363 (Using SPRNG - Scalable Parallel Random Number Generator)
Time:    Mon May 18 00:03:07 2026
Kernel:  AVX+FMA - 1 threads (16 CPU cores detected)

HINT: Use -nt option to specify number of threads because your CPU has 16 cores!
HINT: -nt AUTO will automatically determine the best number of threads to use.

Reading alignment file /home/ha/Code/data_phylogame/dna/test/17/data.phy ... Phylip format detected
Alignment most likely contains DNA/RNA sequences
Constructing alignment: done in 0.0003025 secs using 99.17% CPU
Alignment has 12 sequences with 309 columns, 122 distinct patterns
90 parsimony-informative, 59 singleton sites, 160 constant sites
       Gap/Ambiguity  Composition  p-value
Analyzing sequences: done in 1.5378e-05 secs using 91.04% CPU
   1  Sp000    0.00%    failed      0.26%
   2  Sp001    0.00%    passed     77.43%
   3  Sp002    0.00%    failed      0.00%
   4  Sp003    0.00%    failed      4.76%
   5  Sp004    0.00%    passed     80.32%
   6  Sp005    0.00%    passed     64.11%
   7  Sp006    0.00%    passed     64.11%
   8  Sp007    0.00%    passed     73.34%
   9  Sp008    0.00%    passed     73.34%
  10  Sp009    0.00%    passed     73.34%
  11  Sp010    0.00%    passed     84.94%
  12  Sp011    0.00%    passed     66.40%
****  TOTAL    0.00%  3 sequences failed composition chi2 test (p-value<5%; df=3)
NOTE: Sp006 is identical to Sp005 but kept for subsequent analysis
NOTE: Sp008 is identical to Sp007 but kept for subsequent analysis
Checking for duplicate sequences: done in 4.7787e-05 secs using 96.26% CPU
Identifying sites to remove: done in 0.000154005 secs using 99.35% CPU
NOTE: 1 identical sequences (see below) will be ignored for subsequent analysis
NOTE: Sp009 (identical to Sp007) is ignored but added at the end
Alignment was printed to /home/ha/Code/data_phylogame/precompute_random/17/tmp_start.uniqueseq.phy

For your convenience alignment with unique sequences printed to /home/ha/Code/data_phylogame/precompute_random/17/tmp_start.uniqueseq.phy

Create initial parsimony tree by phylogenetic likelihood library (PLL)... 0.000 seconds

NOTE: 0 MB RAM (0 GB) is required!
Estimate model parameters (epsilon = 0.010)
1. Initial log-likelihood: -1586.217
2. Current log-likelihood: -1562.977
3. Current log-likelihood: -1562.960
Optimal log-likelihood: -1562.960
Rate parameters:  A-C: 0.66697  A-G: 1.22264  A-T: 0.46141  C-G: 0.12511  C-T: 3.63763  G-T: 1.00000
Base frequencies:  A: 0.229  C: 0.317  G: 0.300  T: 0.154
Proportion of invariable sites: 0.462
Gamma shape alpha: 17.806
Parameters optimization took 3 rounds (0.003 sec)
Log-likelihood of random tree: -1642.253
Wrote distance file to... 
BEST SCORE FOUND : -1642.253
Total tree length: 2.293

Total number of iterations: 0
CPU time used for tree search: 0.000 sec (0h:0m:0s)
Wall-clock time used for tree search: 0.000 sec (0h:0m:0s)
Total CPU time used: 0.012 sec (0h:0m:0s)
Total wall-clock time used: 0.013 sec (0h:0m:0s)

Analysis results written to: 
  IQ-TREE report:                /home/ha/Code/data_phylogame/precompute_random/17/tmp_start.iqtree
  Maximum-likelihood tree:       /home/ha/Code/data_phylogame/precompute_random/17/tmp_start.treefile
  Screen log file:               /home/ha/Code/data_phylogame/precompute_random/17/tmp_start.log

Date and Time: Mon May 18 00:03:07 2026
