IQ-TREE version 3.1.1 for Linux x86 64-bit built Apr  8 2026
Developed by Bui Quang Minh, Thomas Wong, Nhan Ly-Trong, Huaiyan Ren
Contributed by Lam-Tung Nguyen, Dominik Schrempf, Chris Bielow,
Olga Chernomor, Michael Woodhams, Diep Thi Hoang, Heiko Schmidt

Host:    ha-ThinkPad-E14-Gen-5 (AVX2, FMA3, 31 GB RAM)
Command: iqtree3 -s /home/ha/Code/data_phylogame/dna/test/8/data.phy -m GTR{0.52658,3.01638,0.77761,0.49647,3.54633}+F{0.20429,0.24821,0.33037,0.21713}+I{0.154}+G4{0.335} -t RANDOM --tree-fix -T 1 --prefix /home/ha/Code/data_phylogame/precompute_random/8/tmp_start --redo
Seed:    202740 (Using SPRNG - Scalable Parallel Random Number Generator)
Time:    Mon May 18 00:03:07 2026
Kernel:  AVX+FMA - 1 threads (16 CPU cores detected)

HINT: Use -nt option to specify number of threads because your CPU has 16 cores!
HINT: -nt AUTO will automatically determine the best number of threads to use.

Reading alignment file /home/ha/Code/data_phylogame/dna/test/8/data.phy ... Phylip format detected
Alignment most likely contains DNA/RNA sequences
Constructing alignment: done in 0.000214823 secs using 33.52% CPU
Alignment has 7 sequences with 817 columns, 57 distinct patterns
29 parsimony-informative, 80 singleton sites, 708 constant sites
       Gap/Ambiguity  Composition  p-value
Analyzing sequences: done in 2.908e-06 secs using 34.39% CPU
   1  Sp000    1.59%    passed     60.09%
   2  Sp001    1.22%    passed     96.85%
   3  Sp002    1.22%    passed     99.72%
   4  Sp003    1.22%    passed     99.62%
   5  Sp004    1.22%    passed     99.97%
   6  Sp005    1.22%    passed     99.67%
   7  Sp006    1.22%    passed     99.72%
****  TOTAL    1.28%  0 sequences failed composition chi2 test (p-value<5%; df=3)
NOTE: Sp006 is identical to Sp002 but kept for subsequent analysis
Checking for duplicate sequences: done in 8.597e-06 secs using 34.9% CPU

Create initial parsimony tree by phylogenetic likelihood library (PLL)... 0.000 seconds

NOTE: 0 MB RAM (0 GB) is required!
Estimate model parameters (epsilon = 0.010)
1. Initial log-likelihood: -1698.641
2. Current log-likelihood: -1697.164
Optimal log-likelihood: -1697.164
Rate parameters:  A-C: 0.52658  A-G: 3.01638  A-T: 0.77761  C-G: 0.49647  C-T: 3.54633  G-T: 1.00000
Base frequencies:  A: 0.204  C: 0.248  G: 0.330  T: 0.217
Proportion of invariable sites: 0.154
Gamma shape alpha: 0.335
Parameters optimization took 2 rounds (0.000 sec)
Log-likelihood of random tree: -1723.522
Wrote distance file to... 
BEST SCORE FOUND : -1723.522
Total tree length: 0.252

Total number of iterations: 0
CPU time used for tree search: 0.000 sec (0h:0m:0s)
Wall-clock time used for tree search: 0.000 sec (0h:0m:0s)
Total CPU time used: 0.004 sec (0h:0m:0s)
Total wall-clock time used: 0.004 sec (0h:0m:0s)

Analysis results written to: 
  IQ-TREE report:                /home/ha/Code/data_phylogame/precompute_random/8/tmp_start.iqtree
  Maximum-likelihood tree:       /home/ha/Code/data_phylogame/precompute_random/8/tmp_start.treefile
  Screen log file:               /home/ha/Code/data_phylogame/precompute_random/8/tmp_start.log

Date and Time: Mon May 18 00:03:07 2026
