IQ-TREE version 3.1.1 for Linux x86 64-bit built Apr  8 2026
Developed by Bui Quang Minh, Thomas Wong, Nhan Ly-Trong, Huaiyan Ren
Contributed by Lam-Tung Nguyen, Dominik Schrempf, Chris Bielow,
Olga Chernomor, Michael Woodhams, Diep Thi Hoang, Heiko Schmidt

Host:    ha-ThinkPad-E14-Gen-5 (AVX2, FMA3, 31 GB RAM)
Command: iqtree3 -s /home/ha/Code/data_phylogame/dna/test/7/data.phy -m GTR{7.94171,7.05472,0.95536,1.64921,14.00086}+F{0.22261,0.14525,0.24609,0.38606}+I{0.513}+G4{13.215} -t RANDOM --tree-fix -T 1 --prefix /home/ha/Code/data_phylogame/precompute_random/7/tmp_start --redo
Seed:    186081 (Using SPRNG - Scalable Parallel Random Number Generator)
Time:    Mon May 18 00:03:07 2026
Kernel:  AVX+FMA - 1 threads (16 CPU cores detected)

HINT: Use -nt option to specify number of threads because your CPU has 16 cores!
HINT: -nt AUTO will automatically determine the best number of threads to use.

Reading alignment file /home/ha/Code/data_phylogame/dna/test/7/data.phy ... Phylip format detected
Alignment most likely contains DNA/RNA sequences
Constructing alignment: done in 0.000470228 secs using 49.98% CPU
Alignment has 7 sequences with 630 columns, 77 distinct patterns
35 parsimony-informative, 180 singleton sites, 415 constant sites
       Gap/Ambiguity  Composition  p-value
Analyzing sequences: done in 8.697e-06 secs using 45.99% CPU
   1  Sp000    0.00%    passed     89.51%
   2  Sp001    0.00%    passed     90.12%
   3  Sp002    0.00%    failed      1.25%
   4  Sp003    0.00%    passed     84.48%
   5  Sp004    0.00%    passed     90.69%
   6  Sp005    0.00%    passed     94.74%
   7  Sp006    0.16%    passed     88.86%
****  TOTAL    0.02%  1 sequences failed composition chi2 test (p-value<5%; df=3)
Checking for duplicate sequences: done in 1.8398e-05 secs using 97.84% CPU

Create initial parsimony tree by phylogenetic likelihood library (PLL)... 0.000 seconds
WARNING: Normalizing State frequencies so that sum of them equals to 1

NOTE: 0 MB RAM (0 GB) is required!
Estimate model parameters (epsilon = 0.010)
1. Initial log-likelihood: -1886.669
2. Current log-likelihood: -1857.373
3. Current log-likelihood: -1857.033
4. Current log-likelihood: -1856.886
5. Current log-likelihood: -1856.854
Optimal log-likelihood: -1856.854
Rate parameters:  A-C: 7.94171  A-G: 7.05472  A-T: 0.95536  C-G: 1.64921  C-T: 14.00086  G-T: 1.00000
Base frequencies:  A: 0.223  C: 0.145  G: 0.246  T: 0.386
Proportion of invariable sites: 0.513
Gamma shape alpha: 13.215
Parameters optimization took 5 rounds (0.002 sec)
Log-likelihood of random tree: -1908.186
Wrote distance file to... 
BEST SCORE FOUND : -1908.186
Total tree length: 1.243

Total number of iterations: 0
CPU time used for tree search: 0.000 sec (0h:0m:0s)
Wall-clock time used for tree search: 0.000 sec (0h:0m:0s)
Total CPU time used: 0.010 sec (0h:0m:0s)
Total wall-clock time used: 0.011 sec (0h:0m:0s)

Analysis results written to: 
  IQ-TREE report:                /home/ha/Code/data_phylogame/precompute_random/7/tmp_start.iqtree
  Maximum-likelihood tree:       /home/ha/Code/data_phylogame/precompute_random/7/tmp_start.treefile
  Screen log file:               /home/ha/Code/data_phylogame/precompute_random/7/tmp_start.log

Date and Time: Mon May 18 00:03:07 2026
