
RAxML-NG v. 1.2.2 released on 11.04.2024 by The Exelixis Lab.
Developed by: Alexey M. Kozlov and Alexandros Stamatakis.
Contributors: Diego Darriba, Tomas Flouri, Benoit Morel, Sarah Lutteropp, Ben Bettisworth, Julia Haag, Anastasis Togkousidis.
Latest version: https://github.com/amkozlov/raxml-ng
Questions/problems/suggestions? Please visit: https://groups.google.com/forum/#!forum/raxml

System: AMD Eng Sample: 100-000000425_37/24_N, 64 cores, 503 GB RAM

RAxML-NG was called at 05-May-2026 00:16:17 as follows:

raxml-ng --search --msa /root/final_thesis/data/dna/test/4/data.phy --tree /root/final_thesis/data/dna/test/4/start.newick --model GTR{1.74512/1.16053/1.35261/2.44175/5.72729/1.00000}+I{0.208}+G{1.406}+F{0.22803/0.26315/0.27376/0.23505} --prefix precompute/4/4_infer --threads auto --seed 42 --force perf_threads

Analysis options:
  run mode: ML tree search
  start tree(s): user
  random seed: 42
  tip-inner: OFF
  pattern compression: ON
  per-rate scalers: OFF
  site repeats: ON
  logLH epsilon: general: 10.000000, brlen-triplet: 1000.000000
  fast spr radius: AUTO
  spr subtree cutoff: 1.000000
  fast CLV updates: ON
  branch lengths: proportional (ML estimate, algorithm: NR-FAST)
  SIMD kernels: AVX2
  parallelization: coarse-grained (auto), PTHREADS (auto)

WARNING: Running in FORCE mode: some safety checks are disabled!

[00:00:00] Reading alignment from file: /root/final_thesis/data/dna/test/4/data.phy
[00:00:00] Loaded alignment with 7 taxa and 1162 sites

Alignment comprises 1 partitions and 93 patterns

Partition 0: noname
Model: GTR{1.74512/1.16053/1.35261/2.44175/5.72729/1}+FU{0.22803/0.26315/0.27376/0.23505}+IU{0.208}+G4m{1.406}
Alignment sites / patterns: 1162 / 93
Gaps: 26.16 %
Invariant sites: 88.21 %


NOTE: Binary MSA file created: precompute/4/4_infer.raxml.rba

Parallelization scheme autoconfig: 1 worker(s) x 1 thread(s)

[00:00:00] Loading user starting tree(s) from: /root/final_thesis/data/dna/test/4/start.newick
Parallel reduction/worker buffer size: 1 KB  / 0 KB

[00:00:00] Data distribution: max. partitions/sites/weight per thread: 1 / 93 / 1488
[00:00:00] Data distribution: max. searches per worker: 1

Starting ML tree search with 1 distinct starting trees

[00:00:00 -3116.886384] Initial branch length optimization
[00:00:00 -2607.911327] Model parameter optimization (eps = 10.000000)
[00:00:00 -2607.861409] AUTODETECT spr round 1 (radius: 5)
[00:00:00 -2311.651300] SPR radius for FAST iterations: 5 (autodetect)
[00:00:00 -2311.651300] Model parameter optimization (eps = 3.000000)
[00:00:00 -2311.087961] FAST spr round 1 (radius: 5)
[00:00:00 -2311.084207] Model parameter optimization (eps = 1.000000)
[00:00:00 -2311.084087] SLOW spr round 1 (radius: 5)
[00:00:00 -2311.084036] Model parameter optimization (eps = 0.100000)

[00:00:00] ML tree search #1, logLikelihood: -2311.084032


Optimized model parameters:

   Partition 0: noname
   Rate heterogeneity: GAMMA (4 cats, mean),  alpha: 1.406000 (user),  weights&rates: (0.250000,0.210429) (0.250000,0.572124) (0.250000,1.044389) (0.250000,2.173058) 
   P-inv (user): 0.208000
   Base frequencies (user): 0.228032 0.263153 0.273763 0.235052 
   Substitution rates (user): 1.745120 1.160530 1.352610 2.441750 5.727290 1.000000 


Final LogLikelihood: -2311.084032

AIC score: 4644.168064 / AICc score: 4644.397629 / BIC score: 4699.804941
Free parameters (model + branch lengths): 11

Best ML tree saved to: /root/final_thesis/precompute/4/4_infer.raxml.bestTree
Optimized model saved to: /root/final_thesis/precompute/4/4_infer.raxml.bestModel

Execution log saved to: /root/final_thesis/precompute/4/4_infer.raxml.log

Analysis started: 05-May-2026 00:16:17 / finished: 05-May-2026 00:16:17

Elapsed time: 0.025 seconds

