IQ-TREE version 3.1.1 for Linux x86 64-bit built Apr  8 2026
Developed by Bui Quang Minh, Thomas Wong, Nhan Ly-Trong, Huaiyan Ren
Contributed by Lam-Tung Nguyen, Dominik Schrempf, Chris Bielow,
Olga Chernomor, Michael Woodhams, Diep Thi Hoang, Heiko Schmidt

Host:    3b61efb33633 (AVX2, FMA3, 503 GB RAM)
Command: iqtree3 -s /root/final_thesis/data/dna/test/4/data.phy -t /root/final_thesis/data/dna/test/4/start.newick -m GTR{1.74512,1.16053,1.35261,2.44175,5.72729}+F{0.22803,0.26315,0.27376,0.23505}+I{0.208}+G4{1.406} --prefix precompute/4/4_infer --threads auto --redo
Seed:    173050 (Using SPRNG - Scalable Parallel Random Number Generator)
Time:    Tue May  5 00:10:08 2026
Kernel:  AVX+FMA - auto-detect threads (128 CPU cores detected)

Reading alignment file /root/final_thesis/data/dna/test/4/data.phy ... Phylip format detected
Alignment most likely contains DNA/RNA sequences
Constructing alignment: done in 0.00419772 secs using 1.153e+04% CPU
Alignment has 7 sequences with 1162 columns, 93 distinct patterns
98 parsimony-informative, 39 singleton sites, 1025 constant sites
       Gap/Ambiguity  Composition  p-value
Analyzing sequences: done in 0.0941807 secs using 823.3% CPU
   1  Sp000    6.20%    passed     86.64%
   2  Sp001    6.71%    passed     91.34%
   3  Sp002   52.67%    passed     34.14%
   4  Sp003    6.63%    passed     80.44%
   5  Sp004    6.28%    passed     92.63%
   6  Sp005   53.44%    passed     68.65%
   7  Sp006   51.20%    passed     50.26%
WARNING: 3 sequences contain more than 50% gaps/ambiguity
****  TOTAL   26.16%  0 sequences failed composition chi2 test (p-value<5%; df=3)
Checking for duplicate sequences: done in 0.00902822 secs using 1.232e+04% CPU
Reading input tree file /root/final_thesis/data/dna/test/4/start.newick ...
WARNING: Normalizing State frequencies so that sum of them equals to 1

NOTE: 0 MB RAM (0 GB) is required!
Measuring multi-threading efficiency up to 128 CPU cores
Increase to 10 rounds for branch lengths
219063 trees examined
Threads: 1 / Time: 128.000 sec / Speedup: 1.000 / Efficiency: 100% / LogL: -2607
Threads: 2 / Time: 240.500 sec / Speedup: 0.532 / Efficiency: 27% / LogL: -2607
Determining AUTO threadcount: done in 368.501 secs using 153.9% CPU
BEST NUMBER OF THREADS: 1

Estimate model parameters (epsilon = 0.100)
1. Initial log-likelihood: -3116.886
2. Current log-likelihood: -2611.883
3. Current log-likelihood: -2607.864
Optimal log-likelihood: -2607.864
Rate parameters:  A-C: 1.74512  A-G: 1.16053  A-T: 1.35261  C-G: 2.44175  C-T: 5.72729  G-T: 1.00000
Base frequencies:  A: 0.228  C: 0.263  G: 0.274  T: 0.235
Proportion of invariable sites: 0.208
Gamma shape alpha: 1.406
Parameters optimization took 3 rounds (0.001 sec)
Wrote distance file to... 

Do NNI search on 1 best initial trees
Estimate model parameters (epsilon = 0.100)
BETTER TREE FOUND at iteration 1: -2311.096
Finish initializing candidate tree set (2)
Current best tree score: -2311.096 / CPU time: 0.006
Number of iterations: 1
--------------------------------------------------------------------
|               OPTIMIZING CANDIDATE TREE SET                      |
--------------------------------------------------------------------
WARNING: NNI search needs unusual large number of steps (7) to converge!
BETTER TREE FOUND at iteration 2: -2311.090
BETTER TREE FOUND at iteration 4: -2311.089
WARNING: NNI search needs unusual large number of steps (7) to converge!
BETTER TREE FOUND at iteration 5: -2311.089
BETTER TREE FOUND at iteration 10: -2311.087
Iteration 10 / LogL: -2311.087 / Time: 0h:6m:8s
UPDATE BEST LOG-LIKELIHOOD: -2311.087
UPDATE BEST LOG-LIKELIHOOD: -2311.086
Iteration 20 / LogL: -2311.089 / Time: 0h:6m:8s
Iteration 30 / LogL: -2311.089 / Time: 0h:6m:8s (0h:16m:56s left)
Iteration 40 / LogL: -2311.088 / Time: 0h:6m:8s (0h:11m:1s left)
Iteration 50 / LogL: -2311.089 / Time: 0h:6m:8s (0h:7m:31s left)
Iteration 60 / LogL: -2311.086 / Time: 0h:6m:8s (0h:5m:12s left)
UPDATE BEST LOG-LIKELIHOOD: -2311.086
UPDATE BEST LOG-LIKELIHOOD: -2311.086
Iteration 70 / LogL: -2311.096 / Time: 0h:6m:8s (0h:3m:33s left)
Iteration 80 / LogL: -2311.089 / Time: 0h:6m:8s (0h:2m:20s left)
Iteration 90 / LogL: -2311.089 / Time: 0h:6m:8s (0h:1m:22s left)
UPDATE BEST LOG-LIKELIHOOD: -2311.086
Iteration 100 / LogL: -2311.089 / Time: 0h:6m:8s (0h:0m:37s left)
UPDATE BEST LOG-LIKELIHOOD: -2311.086
Iteration 110 / LogL: -2311.096 / Time: 0h:6m:8s (0h:0m:0s left)
TREE SEARCH COMPLETED AFTER 111 ITERATIONS / Time: 0h:6m:8s

--------------------------------------------------------------------
|                    FINALIZING TREE SEARCH                        |
--------------------------------------------------------------------
Performs final model parameters optimization
Estimate model parameters (epsilon = 0.010)
1. Initial log-likelihood: -2311.086
Optimal log-likelihood: -2311.086
Rate parameters:  A-C: 1.74512  A-G: 1.16053  A-T: 1.35261  C-G: 2.44175  C-T: 5.72729  G-T: 1.00000
Base frequencies:  A: 0.228  C: 0.263  G: 0.274  T: 0.235
Proportion of invariable sites: 0.208
Gamma shape alpha: 1.406
Parameters optimization took 1 rounds (0.000 sec)
BEST SCORE FOUND : -2311.086
Total tree length: 0.302

Total number of iterations: 111
CPU time used for tree search: 0.238 sec (0h:0m:0s)
Wall-clock time used for tree search: 0.269 sec (0h:0m:0s)
Total CPU time used: 569.553 sec (0h:9m:29s)
Total wall-clock time used: 368.891 sec (0h:6m:8s)

Analysis results written to: 
  IQ-TREE report:                precompute/4/4_infer.iqtree
  Maximum-likelihood tree:       precompute/4/4_infer.treefile
  Screen log file:               precompute/4/4_infer.log

Date and Time: Tue May  5 00:16:17 2026
