IQ-TREE version 3.1.1 for Linux x86 64-bit built Apr  8 2026
Developed by Bui Quang Minh, Thomas Wong, Nhan Ly-Trong, Huaiyan Ren
Contributed by Lam-Tung Nguyen, Dominik Schrempf, Chris Bielow,
Olga Chernomor, Michael Woodhams, Diep Thi Hoang, Heiko Schmidt

Host:    3b61efb33633 (AVX2, FMA3, 503 GB RAM)
Command: iqtree3 -s /root/final_thesis/data/dna/test/1/data.phy -t /root/final_thesis/data/dna/test/1/start.newick -m GTR{1.93478,3.23359,1.85434,0.70495,8.02616}+F{0.20956,0.32185,0.28123,0.18737}+I{0.000}+G4{0.253} --prefix precompute/1/1_infer --threads auto --redo
Seed:    288776 (Using SPRNG - Scalable Parallel Random Number Generator)
Time:    Mon May  4 23:51:26 2026
Kernel:  AVX+FMA - auto-detect threads (128 CPU cores detected)

Reading alignment file /root/final_thesis/data/dna/test/1/data.phy ... Phylip format detected
Alignment most likely contains DNA/RNA sequences
Constructing alignment: done in 0.00223881 secs using 1.109e+04% CPU
Alignment has 7 sequences with 593 columns, 49 distinct patterns
30 parsimony-informative, 51 singleton sites, 512 constant sites
       Gap/Ambiguity  Composition  p-value
Analyzing sequences: done in 0.0932271 secs using 767.4% CPU
   1  Sp000    0.00%    passed     95.66%
   2  Sp001    0.00%    passed     97.75%
   3  Sp002    0.00%    passed     98.51%
   4  Sp003    0.00%    passed     98.76%
   5  Sp004    0.00%    passed     62.67%
   6  Sp005    0.00%    passed     92.46%
   7  Sp006    0.00%    passed     97.39%
****  TOTAL    0.00%  0 sequences failed composition chi2 test (p-value<5%; df=3)
Checking for duplicate sequences: done in 0.0987356 secs using 1139% CPU
Reading input tree file /root/final_thesis/data/dna/test/1/start.newick ...
WARNING: Normalizing State frequencies so that sum of them equals to 1

NOTE: 0 MB RAM (0 GB) is required!
Measuring multi-threading efficiency up to 128 CPU cores
Increase to 10 rounds for branch lengths
289780 trees examined
Threads: 1 / Time: 128.000 sec / Speedup: 1.000 / Efficiency: 100% / LogL: -1348
Threads: 2 / Time: 280.139 sec / Speedup: 0.457 / Efficiency: 23% / LogL: -1348
Determining AUTO threadcount: done in 408.14 secs using 154.6% CPU
BEST NUMBER OF THREADS: 1

Estimate model parameters (epsilon = 0.100)
1. Initial log-likelihood: -1552.747
2. Current log-likelihood: -1345.540
3. Current log-likelihood: -1344.502
Optimal log-likelihood: -1344.502
Rate parameters:  A-C: 1.93478  A-G: 3.23359  A-T: 1.85434  C-G: 0.70495  C-T: 8.02616  G-T: 1.00000
Base frequencies:  A: 0.210  C: 0.322  G: 0.281  T: 0.187
Proportion of invariable sites: 0.000
Gamma shape alpha: 0.253
Parameters optimization took 3 rounds (0.001 sec)
Wrote distance file to... 

Do NNI search on 1 best initial trees
WARNING: NNI search needs unusual large number of steps (7) to converge!
Estimate model parameters (epsilon = 0.100)
BETTER TREE FOUND at iteration 1: -1294.256
Finish initializing candidate tree set (2)
Current best tree score: -1294.256 / CPU time: 0.004
Number of iterations: 1
--------------------------------------------------------------------
|               OPTIMIZING CANDIDATE TREE SET                      |
--------------------------------------------------------------------
WARNING: NNI search needs unusual large number of steps (7) to converge!
Iteration 10 / LogL: -1294.256 / Time: 0h:6m:48s
UPDATE BEST LOG-LIKELIHOOD: -1294.256
Iteration 20 / LogL: -1294.256 / Time: 0h:6m:48s
UPDATE BEST LOG-LIKELIHOOD: -1294.256
Iteration 30 / LogL: -1294.256 / Time: 0h:6m:48s (0h:16m:39s left)
Iteration 40 / LogL: -1294.256 / Time: 0h:6m:48s (0h:10m:38s left)
UPDATE BEST LOG-LIKELIHOOD: -1294.256
Iteration 50 / LogL: -1294.261 / Time: 0h:6m:48s (0h:7m:4s left)
Iteration 60 / LogL: -1294.257 / Time: 0h:6m:48s (0h:4m:43s left)
Iteration 70 / LogL: -1294.256 / Time: 0h:6m:48s (0h:3m:3s left)
Iteration 80 / LogL: -1294.279 / Time: 0h:6m:48s (0h:1m:48s left)
Iteration 90 / LogL: -1294.257 / Time: 0h:6m:48s (0h:0m:50s left)
Iteration 100 / LogL: -1294.256 / Time: 0h:6m:48s (0h:0m:4s left)
TREE SEARCH COMPLETED AFTER 102 ITERATIONS / Time: 0h:6m:48s

--------------------------------------------------------------------
|                    FINALIZING TREE SEARCH                        |
--------------------------------------------------------------------
Performs final model parameters optimization
Estimate model parameters (epsilon = 0.010)
1. Initial log-likelihood: -1294.256
Optimal log-likelihood: -1294.256
Rate parameters:  A-C: 1.93478  A-G: 3.23359  A-T: 1.85434  C-G: 0.70495  C-T: 8.02616  G-T: 1.00000
Base frequencies:  A: 0.210  C: 0.322  G: 0.281  T: 0.187
Proportion of invariable sites: 0.000
Gamma shape alpha: 0.253
Parameters optimization took 1 rounds (0.000 sec)
BEST SCORE FOUND : -1294.256
Total tree length: 0.186

Total number of iterations: 102
CPU time used for tree search: 0.107 sec (0h:0m:0s)
Wall-clock time used for tree search: 0.121 sec (0h:0m:0s)
Total CPU time used: 633.302 sec (0h:10m:33s)
Total wall-clock time used: 408.384 sec (0h:6m:48s)

Analysis results written to: 
  IQ-TREE report:                precompute/1/1_infer.iqtree
  Maximum-likelihood tree:       precompute/1/1_infer.treefile
  Screen log file:               precompute/1/1_infer.log

Date and Time: Mon May  4 23:58:15 2026
