IQ-TREE version 3.1.1 for Linux x86 64-bit built Apr  8 2026
Developed by Bui Quang Minh, Thomas Wong, Nhan Ly-Trong, Huaiyan Ren
Contributed by Lam-Tung Nguyen, Dominik Schrempf, Chris Bielow,
Olga Chernomor, Michael Woodhams, Diep Thi Hoang, Heiko Schmidt

Host:    ha-ThinkPad-E14-Gen-5 (AVX2, FMA3, 31 GB RAM)
Command: iqtree3 -s /home/ha/Code/data_phylogame/dna/test/39/data.phy -m GTR{4.11645,8.30574,4.26598,2.16085,20.14465}+F{0.30177,0.26393,0.25346,0.18085}+I{0.435}+G4{0.838} -t RANDOM --tree-fix -T 1 --prefix /home/ha/Code/data_phylogame/precompute_random/39/tmp_start --redo
Seed:    774564 (Using SPRNG - Scalable Parallel Random Number Generator)
Time:    Mon May 18 00:03:07 2026
Kernel:  AVX+FMA - 1 threads (16 CPU cores detected)

HINT: Use -nt option to specify number of threads because your CPU has 16 cores!
HINT: -nt AUTO will automatically determine the best number of threads to use.

Reading alignment file /home/ha/Code/data_phylogame/dna/test/39/data.phy ... Phylip format detected
Alignment most likely contains DNA/RNA sequences
Constructing alignment: done in 0.000438131 secs using 33.1% CPU
Alignment has 20 sequences with 1507 columns, 312 distinct patterns
273 parsimony-informative, 78 singleton sites, 1156 constant sites
       Gap/Ambiguity  Composition  p-value
Analyzing sequences: done in 6.617e-06 secs using 90.68% CPU
   1  Sp000    3.45%    passed     26.06%
   2  Sp001    2.85%    passed     87.25%
   3  Sp002    1.19%    passed     94.03%
   4  Sp003    1.46%    passed     89.71%
   5  Sp004    1.39%    passed     86.12%
   6  Sp005    2.19%    passed     76.01%
   7  Sp006    1.33%    passed     85.02%
   8  Sp007    1.46%    passed     91.35%
   9  Sp008    1.53%    passed     88.75%
  10  Sp009    5.37%    passed     97.58%
  11  Sp010    1.46%    passed     90.26%
  12  Sp011    1.66%    passed     93.15%
  13  Sp012   68.35%    failed      0.63%
  14  Sp013    1.59%    passed     88.59%
  15  Sp014   68.81%    failed      0.00%
  16  Sp015    1.59%    passed     93.35%
  17  Sp016    4.25%    passed     74.03%
  18  Sp017    1.79%    passed     88.96%
  19  Sp018    3.78%    passed     79.65%
  20  Sp019   33.51%    failed      3.79%
WARNING: 2 sequences contain more than 50% gaps/ambiguity
****  TOTAL   10.45%  3 sequences failed composition chi2 test (p-value<5%; df=3)
Checking for duplicate sequences: done in 2.0011e-05 secs using 99.95% CPU

Create initial parsimony tree by phylogenetic likelihood library (PLL)... 0.000 seconds
WARNING: Normalizing State frequencies so that sum of them equals to 1

NOTE: 0 MB RAM (0 GB) is required!
Estimate model parameters (epsilon = 0.010)
1. Initial log-likelihood: -4600.775
2. Current log-likelihood: -4584.617
3. Current log-likelihood: -4584.588
Optimal log-likelihood: -4584.587
Rate parameters:  A-C: 4.11645  A-G: 8.30574  A-T: 4.26598  C-G: 2.16085  C-T: 20.14465  G-T: 1.00000
Base frequencies:  A: 0.302  C: 0.264  G: 0.253  T: 0.181
Proportion of invariable sites: 0.435
Gamma shape alpha: 0.838
Parameters optimization took 3 rounds (0.015 sec)
Log-likelihood of random tree: -6950.174
Wrote distance file to... 
BEST SCORE FOUND : -6950.174
Total tree length: 1.819

Total number of iterations: 0
CPU time used for tree search: 0.000 sec (0h:0m:0s)
Wall-clock time used for tree search: 0.000 sec (0h:0m:0s)
Total CPU time used: 0.026 sec (0h:0m:0s)
Total wall-clock time used: 0.026 sec (0h:0m:0s)

Analysis results written to: 
  IQ-TREE report:                /home/ha/Code/data_phylogame/precompute_random/39/tmp_start.iqtree
  Maximum-likelihood tree:       /home/ha/Code/data_phylogame/precompute_random/39/tmp_start.treefile
  Screen log file:               /home/ha/Code/data_phylogame/precompute_random/39/tmp_start.log

Date and Time: Mon May 18 00:03:07 2026
