
RAxML-NG v. 1.2.2 released on 11.04.2024 by The Exelixis Lab.
Developed by: Alexey M. Kozlov and Alexandros Stamatakis.
Contributors: Diego Darriba, Tomas Flouri, Benoit Morel, Sarah Lutteropp, Ben Bettisworth, Julia Haag, Anastasis Togkousidis.
Latest version: https://github.com/amkozlov/raxml-ng
Questions/problems/suggestions? Please visit: https://groups.google.com/forum/#!forum/raxml

System: 13th Gen Intel(R) Core(TM) i5-13500H, 12 cores, 31 GB RAM (allocated: 8 physical cores)

RAxML-NG was called at 16-May-2026 11:52:10 as follows:

raxml-ng --search --msa /home/ha/Code/final_thesis/data_phylov2/dna/test/12/data.phy --tree /home/ha/Code/final_thesis/data_phylov2/dna/test/12/start.newick --model GTR{0.80584/2.03211/0.99464/0.61748/5.03249/1.00000}+I{0.390}+G{0.903}+F{0.27136/0.20326/0.23485/0.29053} --prefix /home/ha/Code/final_thesis/data_phylov2/precompute/12/12_infer --threads 1 --seed 42 --force perf_threads --redo

Analysis options:
  run mode: ML tree search
  start tree(s): user
  random seed: 42
  tip-inner: OFF
  pattern compression: ON
  per-rate scalers: OFF
  site repeats: ON
  logLH epsilon: general: 10.000000, brlen-triplet: 1000.000000
  fast spr radius: AUTO
  spr subtree cutoff: 1.000000
  fast CLV updates: ON
  branch lengths: proportional (ML estimate, algorithm: NR-FAST)
  SIMD kernels: AVX2
  parallelization: coarse-grained (auto), NONE/sequential

WARNING: Running in REDO mode: existing checkpoints are ignored, and all result files will be overwritten!

WARNING: Running in FORCE mode: some safety checks are disabled!

[00:00:00] Reading alignment from file: /home/ha/Code/final_thesis/data_phylov2/dna/test/12/data.phy
[00:00:00] Loaded alignment with 12 taxa and 2987 sites

Alignment comprises 1 partitions and 135 patterns

Partition 0: noname
Model: GTR{0.80584/2.03211/0.99464/0.61748/5.03249/1}+FU{0.27136/0.20326/0.23485/0.29053}+IU{0.39}+G4m{0.903}
Alignment sites / patterns: 2987 / 135
Gaps: 1.29 %
Invariant sites: 87.71 %


NOTE: Binary MSA file created: /home/ha/Code/final_thesis/data_phylov2/precompute/12/12_infer.raxml.rba

Parallelization scheme autoconfig: 1 worker(s) x 1 thread(s)

[00:00:00] Loading user starting tree(s) from: /home/ha/Code/final_thesis/data_phylov2/dna/test/12/start.newick
Parallel reduction/worker buffer size: 1 KB  / 0 KB

[00:00:00] Data distribution: max. partitions/sites/weight per thread: 1 / 135 / 2160
[00:00:00] Data distribution: max. searches per worker: 1

Starting ML tree search with 1 distinct starting trees

[00:00:00 -6258.652543] Initial branch length optimization
[00:00:00 -6258.652543] Model parameter optimization (eps = 10.000000)
[00:00:00 -6258.652543] AUTODETECT spr round 1 (radius: 5)
[00:00:00 -6255.451384] AUTODETECT spr round 2 (radius: 10)
[00:00:00 -6255.438801] SPR radius for FAST iterations: 5 (autodetect)
[00:00:00 -6255.438801] Model parameter optimization (eps = 3.000000)
[00:00:00 -6255.436523] FAST spr round 1 (radius: 5)
[00:00:00 -6255.436104] Model parameter optimization (eps = 1.000000)
[00:00:00 -6255.436096] SLOW spr round 1 (radius: 5)
[00:00:00 -6255.436095] SLOW spr round 2 (radius: 10)
[00:00:00 -6255.436095] Model parameter optimization (eps = 0.100000)

[00:00:00] ML tree search #1, logLikelihood: -6255.436095


Optimized model parameters:

   Partition 0: noname
   Rate heterogeneity: GAMMA (4 cats, mean),  alpha: 0.903000 (user),  weights&rates: (0.250000,0.117217) (0.250000,0.445521) (0.250000,0.981864) (0.250000,2.455399) 
   P-inv (user): 0.390000
   Base frequencies (user): 0.271360 0.203260 0.234850 0.290530 
   Substitution rates (user): 0.805840 2.032110 0.994640 0.617480 5.032490 1.000000 


Final LogLikelihood: -6255.436095

AIC score: 12552.872189 / AICc score: 12553.183825 / BIC score: 12678.914711
Free parameters (model + branch lengths): 21

WARNING: Best ML tree contains 1 near-zero branches!

Best ML tree with collapsed near-zero branches saved to: /home/ha/Code/final_thesis/data_phylov2/precompute/12/12_infer.raxml.bestTreeCollapsed
Best ML tree saved to: /home/ha/Code/final_thesis/data_phylov2/precompute/12/12_infer.raxml.bestTree
Optimized model saved to: /home/ha/Code/final_thesis/data_phylov2/precompute/12/12_infer.raxml.bestModel

Execution log saved to: /home/ha/Code/final_thesis/data_phylov2/precompute/12/12_infer.raxml.log

Analysis started: 16-May-2026 11:52:10 / finished: 16-May-2026 11:52:11

Elapsed time: 0.076 seconds

