IQ-TREE version 3.1.1 for Linux x86 64-bit built Apr  8 2026
Developed by Bui Quang Minh, Thomas Wong, Nhan Ly-Trong, Huaiyan Ren
Contributed by Lam-Tung Nguyen, Dominik Schrempf, Chris Bielow,
Olga Chernomor, Michael Woodhams, Diep Thi Hoang, Heiko Schmidt

Host:    ha-ThinkPad-E14-Gen-5 (AVX2, FMA3, 31 GB RAM)
Command: iqtree3 -s /home/ha/Code/final_thesis/data_phylov2/dna/test/16/data.phy -t /home/ha/Code/final_thesis/data_phylov2/dna/test/16/start.newick -m GTR{1.33615,3.06681,0.90570,0.40641,2.58240}+F{0.29390,0.18950,0.18603,0.33056}+I{0.032}+G4{0.312} --prefix /home/ha/Code/final_thesis/data_phylov2/precompute/16/16_infer -T 1 --redo
Seed:    326947 (Using SPRNG - Scalable Parallel Random Number Generator)
Time:    Sat May 16 11:52:14 2026
Kernel:  AVX+FMA - 1 threads (16 CPU cores detected)

HINT: Use -nt option to specify number of threads because your CPU has 16 cores!
HINT: -nt AUTO will automatically determine the best number of threads to use.

Reading alignment file /home/ha/Code/final_thesis/data_phylov2/dna/test/16/data.phy ... Phylip format detected
Alignment most likely contains DNA/RNA sequences
Constructing alignment: done in 0.000434922 secs
Alignment has 12 sequences with 1681 columns, 92 distinct patterns
58 parsimony-informative, 66 singleton sites, 1557 constant sites
       Gap/Ambiguity  Composition  p-value
Analyzing sequences: done in 3.211e-06 secs
   1  Sp000   15.70%    passed     88.89%
   2  Sp001    6.84%    passed     49.06%
   3  Sp002    0.71%    passed     99.19%
   4  Sp003    0.89%    passed     99.65%
   5  Sp004    0.71%    passed     99.19%
   6  Sp005    0.71%    passed     98.60%
   7  Sp006    0.89%    passed     99.16%
   8  Sp007    0.71%    passed     98.98%
   9  Sp008    0.71%    passed     99.00%
  10  Sp009    0.71%    passed     99.51%
  11  Sp010    0.95%    passed     99.53%
  12  Sp011    0.95%    passed     99.40%
****  TOTAL    2.54%  0 sequences failed composition chi2 test (p-value<5%; df=3)
Checking for duplicate sequences: done in 1.0197e-05 secs
Reading input tree file /home/ha/Code/final_thesis/data_phylov2/dna/test/16/start.newick ...
WARNING: Normalizing State frequencies so that sum of them equals to 1

NOTE: 0 MB RAM (0 GB) is required!
Estimate model parameters (epsilon = 0.100)
1. Initial log-likelihood: -3108.566
Optimal log-likelihood: -3108.575
Rate parameters:  A-C: 1.33615  A-G: 3.06681  A-T: 0.90570  C-G: 0.40641  C-T: 2.58240  G-T: 1.00000
Base frequencies:  A: 0.294  C: 0.190  G: 0.186  T: 0.331
Proportion of invariable sites: 0.032
Gamma shape alpha: 0.312
Parameters optimization took 1 rounds (0.001 sec)
Wrote distance file to... 

Do NNI search on 1 best initial trees
BETTER TREE FOUND at iteration 1: -3108.575
Finish initializing candidate tree set (2)
Current best tree score: -3108.575 / CPU time: 0.002
Number of iterations: 1
--------------------------------------------------------------------
|               OPTIMIZING CANDIDATE TREE SET                      |
--------------------------------------------------------------------
BETTER TREE FOUND at iteration 2: -3108.575
BETTER TREE FOUND at iteration 3: -3108.575
Iteration 10 / LogL: -3112.662 / Time: 0h:0m:0s
BETTER TREE FOUND at iteration 14: -3108.575
BETTER TREE FOUND at iteration 16: -3108.575
Iteration 20 / LogL: -3108.575 / Time: 0h:0m:0s
Iteration 30 / LogL: -3108.575 / Time: 0h:0m:0s (0h:0m:0s left)
UPDATE BEST LOG-LIKELIHOOD: -3108.575
Iteration 40 / LogL: -3112.664 / Time: 0h:0m:0s (0h:0m:0s left)
UPDATE BEST LOG-LIKELIHOOD: -3108.575
Iteration 50 / LogL: -3108.577 / Time: 0h:0m:0s (0h:0m:0s left)
Iteration 60 / LogL: -3108.577 / Time: 0h:0m:0s (0h:0m:0s left)
Iteration 70 / LogL: -3108.575 / Time: 0h:0m:0s (0h:0m:0s left)
UPDATE BEST LOG-LIKELIHOOD: -3108.575
Iteration 80 / LogL: -3108.575 / Time: 0h:0m:0s (0h:0m:0s left)
Iteration 90 / LogL: -3108.577 / Time: 0h:0m:0s (0h:0m:0s left)
Iteration 100 / LogL: -3108.577 / Time: 0h:0m:0s (0h:0m:0s left)
Iteration 110 / LogL: -3108.575 / Time: 0h:0m:0s (0h:0m:0s left)
TREE SEARCH COMPLETED AFTER 117 ITERATIONS / Time: 0h:0m:0s

--------------------------------------------------------------------
|                    FINALIZING TREE SEARCH                        |
--------------------------------------------------------------------
Performs final model parameters optimization
Estimate model parameters (epsilon = 0.010)
1. Initial log-likelihood: -3108.575
Optimal log-likelihood: -3108.575
Rate parameters:  A-C: 1.33615  A-G: 3.06681  A-T: 0.90570  C-G: 0.40641  C-T: 2.58240  G-T: 1.00000
Base frequencies:  A: 0.294  C: 0.190  G: 0.186  T: 0.331
Proportion of invariable sites: 0.032
Gamma shape alpha: 0.312
Parameters optimization took 1 rounds (0.000 sec)
BEST SCORE FOUND : -3108.575
Total tree length: 0.091

Total number of iterations: 117
CPU time used for tree search: 0.303 sec (0h:0m:0s)
Wall-clock time used for tree search: 0.316 sec (0h:0m:0s)
Total CPU time used: 0.307 sec (0h:0m:0s)
Total wall-clock time used: 0.321 sec (0h:0m:0s)

Analysis results written to: 
  IQ-TREE report:                /home/ha/Code/final_thesis/data_phylov2/precompute/16/16_infer.iqtree
  Maximum-likelihood tree:       /home/ha/Code/final_thesis/data_phylov2/precompute/16/16_infer.treefile
  Screen log file:               /home/ha/Code/final_thesis/data_phylov2/precompute/16/16_infer.log

Date and Time: Sat May 16 11:52:14 2026
