IQ-TREE version 3.1.1 for Linux x86 64-bit built Apr  8 2026
Developed by Bui Quang Minh, Thomas Wong, Nhan Ly-Trong, Huaiyan Ren
Contributed by Lam-Tung Nguyen, Dominik Schrempf, Chris Bielow,
Olga Chernomor, Michael Woodhams, Diep Thi Hoang, Heiko Schmidt

Host:    ha-ThinkPad-E14-Gen-5 (AVX2, FMA3, 31 GB RAM)
Command: iqtree3 -s /home/ha/Code/data_phylogame/dna/test/27/data.phy -m GTR{0.34599,1.19924,0.20304,0.32503,3.19991}+F{0.23483,0.27876,0.24712,0.23929}+I{0.046}+G4{0.216} -t RANDOM --tree-fix -T 1 --prefix /home/ha/Code/data_phylogame/precompute_random/27/tmp_start --redo
Seed:    511909 (Using SPRNG - Scalable Parallel Random Number Generator)
Time:    Mon May 18 00:03:07 2026
Kernel:  AVX+FMA - 1 threads (16 CPU cores detected)

HINT: Use -nt option to specify number of threads because your CPU has 16 cores!
HINT: -nt AUTO will automatically determine the best number of threads to use.

Reading alignment file /home/ha/Code/data_phylogame/dna/test/27/data.phy ... Phylip format detected
Alignment most likely contains DNA/RNA sequences
Constructing alignment: done in 0.000238607 secs using 33.11% CPU
Alignment has 15 sequences with 556 columns, 58 distinct patterns
13 parsimony-informative, 18 singleton sites, 525 constant sites
       Gap/Ambiguity  Composition  p-value
Analyzing sequences: done in 4.627e-06 secs using 21.61% CPU
   1  Sp000    3.60%    passed     99.42%
   2  Sp001    0.90%    passed     99.25%
   3  Sp002    5.22%    passed     99.92%
   4  Sp003    3.60%    passed     99.42%
   5  Sp004    0.90%    passed     98.92%
   6  Sp005    0.90%    passed     98.10%
   7  Sp006    0.54%    passed     98.83%
   8  Sp007    0.72%    passed     99.61%
   9  Sp008    4.86%    passed     98.20%
  10  Sp009    0.72%    passed     99.93%
  11  Sp010    2.34%    passed     99.67%
  12  Sp011    0.54%    passed     99.49%
  13  Sp012    5.04%    passed     98.77%
  14  Sp013    1.98%    passed     99.80%
  15  Sp014    1.26%    passed     97.82%
****  TOTAL    2.21%  0 sequences failed composition chi2 test (p-value<5%; df=3)
NOTE: Sp003 is identical to Sp000 but kept for subsequent analysis
Checking for duplicate sequences: done in 1.7865e-05 secs using 33.59% CPU

Create initial parsimony tree by phylogenetic likelihood library (PLL)... 0.000 seconds

NOTE: 0 MB RAM (0 GB) is required!
Estimate model parameters (epsilon = 0.010)
1. Initial log-likelihood: -1002.925
2. Current log-likelihood: -1002.898
Optimal log-likelihood: -1002.898
Rate parameters:  A-C: 0.34599  A-G: 1.19924  A-T: 0.20304  C-G: 0.32503  C-T: 3.19991  G-T: 1.00000
Base frequencies:  A: 0.235  C: 0.279  G: 0.247  T: 0.239
Proportion of invariable sites: 0.046
Gamma shape alpha: 0.216
Parameters optimization took 2 rounds (0.001 sec)
Log-likelihood of random tree: -1127.621
Wrote distance file to... 
BEST SCORE FOUND : -1127.621
Total tree length: 0.136

Total number of iterations: 0
CPU time used for tree search: 0.000 sec (0h:0m:0s)
Wall-clock time used for tree search: 0.000 sec (0h:0m:0s)
Total CPU time used: 0.005 sec (0h:0m:0s)
Total wall-clock time used: 0.005 sec (0h:0m:0s)

Analysis results written to: 
  IQ-TREE report:                /home/ha/Code/data_phylogame/precompute_random/27/tmp_start.iqtree
  Maximum-likelihood tree:       /home/ha/Code/data_phylogame/precompute_random/27/tmp_start.treefile
  Screen log file:               /home/ha/Code/data_phylogame/precompute_random/27/tmp_start.log

Date and Time: Mon May 18 00:03:07 2026
