IQ-TREE version 3.1.1 for Linux x86 64-bit built Apr  8 2026
Developed by Bui Quang Minh, Thomas Wong, Nhan Ly-Trong, Huaiyan Ren
Contributed by Lam-Tung Nguyen, Dominik Schrempf, Chris Bielow,
Olga Chernomor, Michael Woodhams, Diep Thi Hoang, Heiko Schmidt

Host:    3b61efb33633 (AVX2, FMA3, 503 GB RAM)
Command: iqtree3 -s /root/final_thesis/data/dna/test/5/data.phy -t /root/final_thesis/data/dna/test/5/start.newick -m GTR{1.56762,3.18587,2.47955,0.00121,6.37210}+F{0.27220,0.25829,0.23779,0.23171}+I{0.441}+G4{0.504} --prefix precompute/5/5_infer --threads auto --redo
Seed:    523477 (Using SPRNG - Scalable Parallel Random Number Generator)
Time:    Tue May  5 00:16:17 2026
Kernel:  AVX+FMA - auto-detect threads (128 CPU cores detected)

Reading alignment file /root/final_thesis/data/dna/test/5/data.phy ... Phylip format detected
Alignment most likely contains DNA/RNA sequences
Constructing alignment: done in 0.00230037 secs using 1.066e+04% CPU
Alignment has 7 sequences with 600 columns, 82 distinct patterns
65 parsimony-informative, 38 singleton sites, 497 constant sites
       Gap/Ambiguity  Composition  p-value
Analyzing sequences: done in 0.096001 secs using 1316% CPU
   1  Sp000    3.17%    passed     79.19%
   2  Sp001    2.17%    passed     99.98%
   3  Sp002    2.50%    passed     99.24%
   4  Sp003    2.00%    passed     97.20%
   5  Sp004    2.00%    passed     97.47%
   6  Sp005    2.67%    passed     99.94%
   7  Sp006    2.50%    passed     98.89%
****  TOTAL    2.43%  0 sequences failed composition chi2 test (p-value<5%; df=3)
Checking for duplicate sequences: done in 0.100532 secs using 1481% CPU
Reading input tree file /root/final_thesis/data/dna/test/5/start.newick ...
WARNING: Normalizing State frequencies so that sum of them equals to 1

NOTE: 0 MB RAM (0 GB) is required!
Measuring multi-threading efficiency up to 128 CPU cores
Increase to 10 rounds for branch lengths
203463 trees examined
Threads: 1 / Time: 128.000 sec / Speedup: 1.000 / Efficiency: 100% / LogL: -1637
Threads: 2 / Time: 255.939 sec / Speedup: 0.500 / Efficiency: 25% / LogL: -1637
Determining AUTO threadcount: done in 383.94 secs using 154.9% CPU
BEST NUMBER OF THREADS: 1

Estimate model parameters (epsilon = 0.100)
1. Initial log-likelihood: -1787.492
2. Current log-likelihood: -1606.444
3. Current log-likelihood: -1603.621
Optimal log-likelihood: -1603.616
Rate parameters:  A-C: 1.56762  A-G: 3.18587  A-T: 2.47955  C-G: 0.00121  C-T: 6.37210  G-T: 1.00000
Base frequencies:  A: 0.272  C: 0.258  G: 0.238  T: 0.232
Proportion of invariable sites: 0.441
Gamma shape alpha: 0.504
Parameters optimization took 3 rounds (0.001 sec)
Wrote distance file to... 

Do NNI search on 1 best initial trees
Estimate model parameters (epsilon = 0.100)
BETTER TREE FOUND at iteration 1: -1485.521
Finish initializing candidate tree set (2)
Current best tree score: -1485.521 / CPU time: 0.003
Number of iterations: 1
--------------------------------------------------------------------
|               OPTIMIZING CANDIDATE TREE SET                      |
--------------------------------------------------------------------
Estimate model parameters (epsilon = 0.100)
BETTER TREE FOUND at iteration 2: -1476.279
Iteration 10 / LogL: -1476.306 / Time: 0h:6m:24s
Iteration 20 / LogL: -1476.875 / Time: 0h:6m:24s
Iteration 30 / LogL: -1476.289 / Time: 0h:6m:24s (0h:15m:53s left)
Iteration 40 / LogL: -1476.282 / Time: 0h:6m:24s (0h:10m:10s left)
Iteration 50 / LogL: -1476.282 / Time: 0h:6m:24s (0h:6m:47s left)
UPDATE BEST LOG-LIKELIHOOD: -1476.279
Iteration 60 / LogL: -1476.809 / Time: 0h:6m:24s (0h:4m:33s left)
Iteration 70 / LogL: -1476.723 / Time: 0h:6m:24s (0h:2m:58s left)
Iteration 80 / LogL: -1476.279 / Time: 0h:6m:24s (0h:1m:46s left)
UPDATE BEST LOG-LIKELIHOOD: -1476.279
Iteration 90 / LogL: -1477.031 / Time: 0h:6m:24s (0h:0m:51s left)
Iteration 100 / LogL: -1478.288 / Time: 0h:6m:24s (0h:0m:7s left)
TREE SEARCH COMPLETED AFTER 103 ITERATIONS / Time: 0h:6m:24s

--------------------------------------------------------------------
|                    FINALIZING TREE SEARCH                        |
--------------------------------------------------------------------
Performs final model parameters optimization
Estimate model parameters (epsilon = 0.010)
1. Initial log-likelihood: -1476.279
Optimal log-likelihood: -1476.279
Rate parameters:  A-C: 1.56762  A-G: 3.18587  A-T: 2.47955  C-G: 0.00121  C-T: 6.37210  G-T: 1.00000
Base frequencies:  A: 0.272  C: 0.258  G: 0.238  T: 0.232
Proportion of invariable sites: 0.441
Gamma shape alpha: 0.504
Parameters optimization took 1 rounds (0.000 sec)
BEST SCORE FOUND : -1476.279
Total tree length: 0.319

Total number of iterations: 103
CPU time used for tree search: 0.133 sec (0h:0m:0s)
Wall-clock time used for tree search: 0.152 sec (0h:0m:0s)
Total CPU time used: 596.284 sec (0h:9m:56s)
Total wall-clock time used: 384.203 sec (0h:6m:24s)

Analysis results written to: 
  IQ-TREE report:                precompute/5/5_infer.iqtree
  Maximum-likelihood tree:       precompute/5/5_infer.treefile
  Screen log file:               precompute/5/5_infer.log

Date and Time: Tue May  5 00:22:42 2026
