
RAxML-NG v. 1.2.2 released on 11.04.2024 by The Exelixis Lab.
Developed by: Alexey M. Kozlov and Alexandros Stamatakis.
Contributors: Diego Darriba, Tomas Flouri, Benoit Morel, Sarah Lutteropp, Ben Bettisworth, Julia Haag, Anastasis Togkousidis.
Latest version: https://github.com/amkozlov/raxml-ng
Questions/problems/suggestions? Please visit: https://groups.google.com/forum/#!forum/raxml

System: 13th Gen Intel(R) Core(TM) i5-13500H, 12 cores, 31 GB RAM (allocated: 8 physical cores)

RAxML-NG was called at 16-May-2026 11:52:08 as follows:

raxml-ng --search --msa /home/ha/Code/final_thesis/data_phylov2/dna/test/5/data.phy --tree /home/ha/Code/final_thesis/data_phylov2/dna/test/5/start.newick --model GTR{1.56762/3.18587/2.47955/0.00121/6.37210/1.00000}+I{0.441}+G{0.504}+F{0.27220/0.25829/0.23779/0.23171} --prefix /home/ha/Code/final_thesis/data_phylov2/precompute/5/5_infer --threads 1 --seed 42 --force perf_threads --redo

Analysis options:
  run mode: ML tree search
  start tree(s): user
  random seed: 42
  tip-inner: OFF
  pattern compression: ON
  per-rate scalers: OFF
  site repeats: ON
  logLH epsilon: general: 10.000000, brlen-triplet: 1000.000000
  fast spr radius: AUTO
  spr subtree cutoff: 1.000000
  fast CLV updates: ON
  branch lengths: proportional (ML estimate, algorithm: NR-FAST)
  SIMD kernels: AVX2
  parallelization: coarse-grained (auto), NONE/sequential

WARNING: Running in REDO mode: existing checkpoints are ignored, and all result files will be overwritten!

WARNING: Running in FORCE mode: some safety checks are disabled!

[00:00:00] Reading alignment from file: /home/ha/Code/final_thesis/data_phylov2/dna/test/5/data.phy
[00:00:00] Loaded alignment with 7 taxa and 600 sites

Alignment comprises 1 partitions and 82 patterns

Partition 0: noname
Model: GTR{1.56762/3.18587/2.47955/0.00121/6.3721/1}+FU{0.2722/0.25829/0.23779/0.23171}+IU{0.441}+G4m{0.504}
Alignment sites / patterns: 600 / 82
Gaps: 2.43 %
Invariant sites: 82.83 %


NOTE: Binary MSA file created: /home/ha/Code/final_thesis/data_phylov2/precompute/5/5_infer.raxml.rba

Parallelization scheme autoconfig: 1 worker(s) x 1 thread(s)

[00:00:00] Loading user starting tree(s) from: /home/ha/Code/final_thesis/data_phylov2/dna/test/5/start.newick
Parallel reduction/worker buffer size: 1 KB  / 0 KB

[00:00:00] Data distribution: max. partitions/sites/weight per thread: 1 / 82 / 1312
[00:00:00] Data distribution: max. searches per worker: 1

Starting ML tree search with 1 distinct starting trees

[00:00:00 -1476.278302] Initial branch length optimization
[00:00:00 -1476.278302] Model parameter optimization (eps = 10.000000)
[00:00:00 -1476.278302] AUTODETECT spr round 1 (radius: 5)
[00:00:00 -1476.278302] SPR radius for FAST iterations: 5 (autodetect)
[00:00:00 -1476.278302] Model parameter optimization (eps = 3.000000)
[00:00:00 -1476.278302] FAST spr round 1 (radius: 5)
[00:00:00 -1476.278302] Model parameter optimization (eps = 1.000000)
[00:00:00 -1476.278302] SLOW spr round 1 (radius: 5)
[00:00:00 -1476.278302] Model parameter optimization (eps = 0.100000)

[00:00:00] ML tree search #1, logLikelihood: -1476.278302


Optimized model parameters:

   Partition 0: noname
   Rate heterogeneity: GAMMA (4 cats, mean),  alpha: 0.504000 (user),  weights&rates: (0.250000,0.034132) (0.250000,0.254519) (0.250000,0.823157) (0.250000,2.888192) 
   P-inv (user): 0.441000
   Base frequencies (user): 0.272203 0.258293 0.237792 0.231712 
   Substitution rates (user): 1.567620 3.185870 2.479550 0.001210 6.372100 1.000000 


Final LogLikelihood: -1476.278302

AIC score: 2974.556603 / AICc score: 2975.005583 / BIC score: 3022.922829
Free parameters (model + branch lengths): 11

Best ML tree saved to: /home/ha/Code/final_thesis/data_phylov2/precompute/5/5_infer.raxml.bestTree
Optimized model saved to: /home/ha/Code/final_thesis/data_phylov2/precompute/5/5_infer.raxml.bestModel

Execution log saved to: /home/ha/Code/final_thesis/data_phylov2/precompute/5/5_infer.raxml.log

Analysis started: 16-May-2026 11:52:08 / finished: 16-May-2026 11:52:08

Elapsed time: 0.009 seconds

