IQ-TREE version 3.1.1 for Linux x86 64-bit built Apr  8 2026
Developed by Bui Quang Minh, Thomas Wong, Nhan Ly-Trong, Huaiyan Ren
Contributed by Lam-Tung Nguyen, Dominik Schrempf, Chris Bielow,
Olga Chernomor, Michael Woodhams, Diep Thi Hoang, Heiko Schmidt

Host:    ha-ThinkPad-E14-Gen-5 (AVX2, FMA3, 31 GB RAM)
Command: iqtree3 -s /home/ha/Code/final_thesis/data_phylov2/dna/test/23/data.phy -t /home/ha/Code/final_thesis/data_phylov2/dna/test/23/start.newick -m GTR{0.81586,1.96693,0.85487,0.83506,7.32246}+F{0.26175,0.19608,0.29551,0.24667}+I{0.511}+G4{1.147} --prefix /home/ha/Code/final_thesis/data_phylov2/precompute/23/23_infer -T 1 --redo
Seed:    117771 (Using SPRNG - Scalable Parallel Random Number Generator)
Time:    Sat May 16 11:52:20 2026
Kernel:  AVX+FMA - 1 threads (16 CPU cores detected)

HINT: Use -nt option to specify number of threads because your CPU has 16 cores!
HINT: -nt AUTO will automatically determine the best number of threads to use.

Reading alignment file /home/ha/Code/final_thesis/data_phylov2/dna/test/23/data.phy ... Phylip format detected
Alignment most likely contains DNA/RNA sequences
Constructing alignment: done in 0.000911789 secs using 62.62% CPU
Alignment has 15 sequences with 537 columns, 192 distinct patterns
111 parsimony-informative, 68 singleton sites, 358 constant sites
       Gap/Ambiguity  Composition  p-value
Analyzing sequences: done in 2.6626e-05 secs
   1  Sp000    2.05%    passed     99.52%
   2  Sp001    1.49%    passed     67.67%
   3  Sp002   10.06%    passed     38.47%
   4  Sp003    1.68%    passed     14.44%
   5  Sp004   10.24%    passed     79.88%
   6  Sp005    0.93%    passed     85.02%
   7  Sp006    2.61%    passed     99.47%
   8  Sp007    2.98%    passed     92.46%
   9  Sp008    3.54%    passed     95.38%
  10  Sp009    2.79%    passed     77.99%
  11  Sp010    2.61%    passed     58.39%
  12  Sp011    1.68%    passed     96.90%
  13  Sp012    2.05%    passed     43.40%
  14  Sp013    1.86%    passed     99.75%
  15  Sp014    1.68%    passed     97.75%
****  TOTAL    3.22%  0 sequences failed composition chi2 test (p-value<5%; df=3)
Checking for duplicate sequences: done in 6.6141e-05 secs
Reading input tree file /home/ha/Code/final_thesis/data_phylov2/dna/test/23/start.newick ...
WARNING: Normalizing State frequencies so that sum of them equals to 1

NOTE: 0 MB RAM (0 GB) is required!
Estimate model parameters (epsilon = 0.100)
1. Initial log-likelihood: -2616.366
Optimal log-likelihood: -2616.366
Rate parameters:  A-C: 0.81586  A-G: 1.96693  A-T: 0.85487  C-G: 0.83506  C-T: 7.32246  G-T: 1.00000
Base frequencies:  A: 0.262  C: 0.196  G: 0.296  T: 0.247
Proportion of invariable sites: 0.511
Gamma shape alpha: 1.147
Parameters optimization took 1 rounds (0.005 sec)
Wrote distance file to... 

Do NNI search on 1 best initial trees
Estimate model parameters (epsilon = 0.100)
BETTER TREE FOUND at iteration 1: -2609.536
Finish initializing candidate tree set (2)
Current best tree score: -2609.536 / CPU time: 0.036
Number of iterations: 1
--------------------------------------------------------------------
|               OPTIMIZING CANDIDATE TREE SET                      |
--------------------------------------------------------------------
Estimate model parameters (epsilon = 0.100)
BETTER TREE FOUND at iteration 8: -2608.699
Iteration 10 / LogL: -2608.769 / Time: 0h:0m:0s
Iteration 20 / LogL: -2609.550 / Time: 0h:0m:0s
Iteration 30 / LogL: -2609.547 / Time: 0h:0m:0s (0h:0m:0s left)
Iteration 40 / LogL: -2609.543 / Time: 0h:0m:0s (0h:0m:0s left)
Iteration 50 / LogL: -2610.306 / Time: 0h:0m:0s (0h:0m:0s left)
Iteration 60 / LogL: -2610.034 / Time: 0h:0m:0s (0h:0m:0s left)
Iteration 70 / LogL: -2609.549 / Time: 0h:0m:0s (0h:0m:0s left)
Iteration 80 / LogL: -2609.541 / Time: 0h:0m:0s (0h:0m:0s left)
Iteration 90 / LogL: -2610.158 / Time: 0h:0m:0s (0h:0m:0s left)
Iteration 100 / LogL: -2610.031 / Time: 0h:0m:0s (0h:0m:0s left)
TREE SEARCH COMPLETED AFTER 109 ITERATIONS / Time: 0h:0m:0s

--------------------------------------------------------------------
|                    FINALIZING TREE SEARCH                        |
--------------------------------------------------------------------
Performs final model parameters optimization
Estimate model parameters (epsilon = 0.010)
1. Initial log-likelihood: -2608.699
Optimal log-likelihood: -2608.699
Rate parameters:  A-C: 0.81586  A-G: 1.96693  A-T: 0.85487  C-G: 0.83506  C-T: 7.32246  G-T: 1.00000
Base frequencies:  A: 0.262  C: 0.196  G: 0.296  T: 0.247
Proportion of invariable sites: 0.511
Gamma shape alpha: 1.147
Parameters optimization took 1 rounds (0.000 sec)
BEST SCORE FOUND : -2608.699
Total tree length: 1.078

Total number of iterations: 109
CPU time used for tree search: 0.857 sec (0h:0m:0s)
Wall-clock time used for tree search: 0.886 sec (0h:0m:0s)
Total CPU time used: 0.881 sec (0h:0m:0s)
Total wall-clock time used: 0.911 sec (0h:0m:0s)

Analysis results written to: 
  IQ-TREE report:                /home/ha/Code/final_thesis/data_phylov2/precompute/23/23_infer.iqtree
  Maximum-likelihood tree:       /home/ha/Code/final_thesis/data_phylov2/precompute/23/23_infer.treefile
  Screen log file:               /home/ha/Code/final_thesis/data_phylov2/precompute/23/23_infer.log

Date and Time: Sat May 16 11:52:21 2026
