IQ-TREE version 3.1.1 for Linux x86 64-bit built Apr  8 2026
Developed by Bui Quang Minh, Thomas Wong, Nhan Ly-Trong, Huaiyan Ren
Contributed by Lam-Tung Nguyen, Dominik Schrempf, Chris Bielow,
Olga Chernomor, Michael Woodhams, Diep Thi Hoang, Heiko Schmidt

Host:    ha-ThinkPad-E14-Gen-5 (AVX2, FMA3, 31 GB RAM)
Command: iqtree3 -s /home/ha/Code/final_thesis/data_phylov2/dna/test/22/data.phy -t /home/ha/Code/final_thesis/data_phylov2/dna/test/22/start.newick -m GTR{1.44982,3.54864,2.21347,0.76563,4.82852}+F{0.28131,0.22012,0.20438,0.29419}+I{0.202}+G4{1.037} --prefix /home/ha/Code/final_thesis/data_phylov2/precompute/22/22_infer -T 1 --redo
Seed:    526006 (Using SPRNG - Scalable Parallel Random Number Generator)
Time:    Sat May 16 11:52:19 2026
Kernel:  AVX+FMA - 1 threads (16 CPU cores detected)

HINT: Use -nt option to specify number of threads because your CPU has 16 cores!
HINT: -nt AUTO will automatically determine the best number of threads to use.

Reading alignment file /home/ha/Code/final_thesis/data_phylov2/dna/test/22/data.phy ... Phylip format detected
Alignment most likely contains DNA/RNA sequences
Constructing alignment: done in 0.000634381 secs using 61.32% CPU
Alignment has 15 sequences with 555 columns, 49 distinct patterns
0 parsimony-informative, 91 singleton sites, 464 constant sites
       Gap/Ambiguity  Composition  p-value
Analyzing sequences: done in 1.5963e-05 secs using 87.7% CPU
   1  Sp000    3.78%    passed     99.67%
   2  Sp001    2.88%    passed     99.23%
   3  Sp002    4.68%    passed     99.36%
   4  Sp003    0.54%    passed     99.92%
   5  Sp004    1.62%    passed     99.97%
   6  Sp005    1.80%    passed     99.86%
   7  Sp006    0.18%    passed     99.99%
   8  Sp007    1.62%    passed     99.73%
   9  Sp008    0.36%    passed     99.94%
  10  Sp009    0.72%    passed     99.94%
  11  Sp010    0.18%    passed     99.99%
  12  Sp011    0.36%    passed     99.94%
  13  Sp012    2.34%    passed     99.61%
  14  Sp013    6.31%    passed     99.53%
  15  Sp014    8.11%    passed     38.78%
****  TOTAL    2.37%  0 sequences failed composition chi2 test (p-value<5%; df=3)
NOTE: Sp010 is identical to Sp006 but kept for subsequent analysis
NOTE: Sp011 is identical to Sp008 but kept for subsequent analysis
Checking for duplicate sequences: done in 6.5816e-05 secs using 98.76% CPU
Reading input tree file /home/ha/Code/final_thesis/data_phylov2/dna/test/22/start.newick ...

NOTE: 0 MB RAM (0 GB) is required!
Estimate model parameters (epsilon = 0.100)
1. Initial log-likelihood: -1090.233
Optimal log-likelihood: -1090.233
Rate parameters:  A-C: 1.44982  A-G: 3.54864  A-T: 2.21347  C-G: 0.76563  C-T: 4.82852  G-T: 1.00000
Base frequencies:  A: 0.281  C: 0.220  G: 0.204  T: 0.294
Proportion of invariable sites: 0.202
Gamma shape alpha: 1.037
Parameters optimization took 1 rounds (0.002 sec)
Wrote distance file to... 

Do NNI search on 1 best initial trees
Finish initializing candidate tree set (1)
Current best tree score: -1090.233 / CPU time: 0.005
Number of iterations: 1
--------------------------------------------------------------------
|               OPTIMIZING CANDIDATE TREE SET                      |
--------------------------------------------------------------------
BETTER TREE FOUND at iteration 5: -1090.233
Iteration 10 / LogL: -1090.233 / Time: 0h:0m:0s
BETTER TREE FOUND at iteration 12: -1090.233
Iteration 20 / LogL: -1090.233 / Time: 0h:0m:0s
BETTER TREE FOUND at iteration 26: -1090.233
Iteration 30 / LogL: -1090.233 / Time: 0h:0m:0s (0h:0m:0s left)
Iteration 40 / LogL: -1090.233 / Time: 0h:0m:0s (0h:0m:0s left)
Iteration 50 / LogL: -1090.233 / Time: 0h:0m:0s (0h:0m:0s left)
BETTER TREE FOUND at iteration 60: -1090.233
Iteration 60 / LogL: -1090.233 / Time: 0h:0m:0s (0h:0m:0s left)
Iteration 70 / LogL: -1090.233 / Time: 0h:0m:0s (0h:0m:0s left)
BETTER TREE FOUND at iteration 73: -1090.233
BETTER TREE FOUND at iteration 79: -1090.233
Iteration 80 / LogL: -1090.233 / Time: 0h:0m:0s (0h:0m:0s left)
Iteration 90 / LogL: -1090.233 / Time: 0h:0m:0s (0h:0m:0s left)
Iteration 100 / LogL: -1090.233 / Time: 0h:0m:0s (0h:0m:0s left)
Iteration 110 / LogL: -1090.233 / Time: 0h:0m:0s (0h:0m:0s left)
Iteration 120 / LogL: -1090.233 / Time: 0h:0m:0s (0h:0m:0s left)
Iteration 130 / LogL: -1090.233 / Time: 0h:0m:0s (0h:0m:0s left)
Iteration 140 / LogL: -1090.233 / Time: 0h:0m:0s (0h:0m:0s left)
Iteration 150 / LogL: -1090.233 / Time: 0h:0m:0s (0h:0m:0s left)
Iteration 160 / LogL: -1090.233 / Time: 0h:0m:0s (0h:0m:0s left)
Iteration 170 / LogL: -1090.233 / Time: 0h:0m:0s (0h:0m:0s left)
BETTER TREE FOUND at iteration 177: -1090.233
Iteration 180 / LogL: -1090.233 / Time: 0h:0m:0s (0h:0m:0s left)
Iteration 190 / LogL: -1090.233 / Time: 0h:0m:0s (0h:0m:0s left)
Iteration 200 / LogL: -1090.233 / Time: 0h:0m:0s (0h:0m:0s left)
Iteration 210 / LogL: -1090.233 / Time: 0h:0m:0s (0h:0m:0s left)
Iteration 220 / LogL: -1090.233 / Time: 0h:0m:0s (0h:0m:0s left)
Iteration 230 / LogL: -1090.233 / Time: 0h:0m:0s (0h:0m:0s left)
Iteration 240 / LogL: -1090.233 / Time: 0h:0m:0s (0h:0m:0s left)
Iteration 250 / LogL: -1090.233 / Time: 0h:0m:0s (0h:0m:0s left)
BETTER TREE FOUND at iteration 251: -1090.233
Iteration 260 / LogL: -1090.233 / Time: 0h:0m:0s (0h:0m:0s left)
Iteration 270 / LogL: -1090.233 / Time: 0h:0m:0s (0h:0m:0s left)
Iteration 280 / LogL: -1090.233 / Time: 0h:0m:0s (0h:0m:0s left)
Iteration 290 / LogL: -1090.233 / Time: 0h:0m:0s (0h:0m:0s left)
Iteration 300 / LogL: -1090.233 / Time: 0h:0m:0s (0h:0m:0s left)
BETTER TREE FOUND at iteration 308: -1090.233
Iteration 310 / LogL: -1090.233 / Time: 0h:0m:0s (0h:0m:0s left)
Iteration 320 / LogL: -1090.233 / Time: 0h:0m:0s (0h:0m:0s left)
Iteration 330 / LogL: -1090.233 / Time: 0h:0m:0s (0h:0m:0s left)
Iteration 340 / LogL: -1090.233 / Time: 0h:0m:0s (0h:0m:0s left)
Iteration 350 / LogL: -1090.233 / Time: 0h:0m:0s (0h:0m:0s left)
Iteration 360 / LogL: -1090.233 / Time: 0h:0m:0s (0h:0m:0s left)
Iteration 370 / LogL: -1090.233 / Time: 0h:0m:0s (0h:0m:0s left)
Iteration 380 / LogL: -1090.233 / Time: 0h:0m:0s (0h:0m:0s left)
Iteration 390 / LogL: -1090.233 / Time: 0h:0m:0s (0h:0m:0s left)
BETTER TREE FOUND at iteration 400: -1090.233
Iteration 400 / LogL: -1090.233 / Time: 0h:0m:0s (0h:0m:0s left)
Iteration 410 / LogL: -1090.233 / Time: 0h:0m:0s (0h:0m:0s left)
BETTER TREE FOUND at iteration 419: -1090.233
Iteration 420 / LogL: -1090.233 / Time: 0h:0m:0s (0h:0m:0s left)
Iteration 430 / LogL: -1090.233 / Time: 0h:0m:0s (0h:0m:0s left)
BETTER TREE FOUND at iteration 439: -1090.233
Iteration 440 / LogL: -1090.233 / Time: 0h:0m:0s (0h:0m:0s left)
Iteration 450 / LogL: -1090.233 / Time: 0h:0m:0s (0h:0m:0s left)
BETTER TREE FOUND at iteration 454: -1090.233
Iteration 460 / LogL: -1090.233 / Time: 0h:0m:0s (0h:0m:0s left)
Iteration 470 / LogL: -1090.233 / Time: 0h:0m:0s (0h:0m:0s left)
Iteration 480 / LogL: -1090.233 / Time: 0h:0m:0s (0h:0m:0s left)
Iteration 490 / LogL: -1090.233 / Time: 0h:0m:0s (0h:0m:0s left)
BETTER TREE FOUND at iteration 496: -1090.233
Iteration 500 / LogL: -1090.233 / Time: 0h:0m:0s (0h:0m:0s left)
Iteration 510 / LogL: -1090.233 / Time: 0h:0m:0s (0h:0m:0s left)
Iteration 520 / LogL: -1090.233 / Time: 0h:0m:0s (0h:0m:0s left)
BETTER TREE FOUND at iteration 525: -1090.233
Iteration 530 / LogL: -1090.233 / Time: 0h:0m:0s (0h:0m:0s left)
Iteration 540 / LogL: -1090.233 / Time: 0h:0m:0s (0h:0m:0s left)
Iteration 550 / LogL: -1090.233 / Time: 0h:0m:0s (0h:0m:0s left)
Iteration 560 / LogL: -1090.233 / Time: 0h:0m:0s (0h:0m:0s left)
Iteration 570 / LogL: -1090.233 / Time: 0h:0m:0s (0h:0m:0s left)
Iteration 580 / LogL: -1090.233 / Time: 0h:0m:0s (0h:0m:0s left)
Iteration 590 / LogL: -1090.233 / Time: 0h:0m:0s (0h:0m:0s left)
BETTER TREE FOUND at iteration 593: -1090.233
Iteration 600 / LogL: -1090.233 / Time: 0h:0m:0s (0h:0m:0s left)
Iteration 610 / LogL: -1090.233 / Time: 0h:0m:0s (0h:0m:0s left)
Iteration 620 / LogL: -1090.233 / Time: 0h:0m:0s (0h:0m:0s left)
BETTER TREE FOUND at iteration 629: -1090.233
Iteration 630 / LogL: -1090.233 / Time: 0h:0m:0s (0h:0m:0s left)
Iteration 640 / LogL: -1090.233 / Time: 0h:0m:0s (0h:0m:0s left)
BETTER TREE FOUND at iteration 644: -1090.233
Iteration 650 / LogL: -1090.233 / Time: 0h:0m:0s (0h:0m:0s left)
Iteration 660 / LogL: -1090.233 / Time: 0h:0m:0s (0h:0m:0s left)
Iteration 670 / LogL: -1090.233 / Time: 0h:0m:0s (0h:0m:0s left)
Iteration 680 / LogL: -1090.233 / Time: 0h:0m:0s (0h:0m:0s left)
Iteration 690 / LogL: -1090.233 / Time: 0h:0m:0s (0h:0m:0s left)
Iteration 700 / LogL: -1090.233 / Time: 0h:0m:0s (0h:0m:0s left)
Iteration 710 / LogL: -1090.233 / Time: 0h:0m:0s (0h:0m:0s left)
BETTER TREE FOUND at iteration 714: -1090.233
Iteration 720 / LogL: -1090.233 / Time: 0h:0m:0s (0h:0m:0s left)
Iteration 730 / LogL: -1090.233 / Time: 0h:0m:0s (0h:0m:0s left)
Iteration 740 / LogL: -1090.233 / Time: 0h:0m:0s (0h:0m:0s left)
Iteration 750 / LogL: -1090.233 / Time: 0h:0m:0s (0h:0m:0s left)
Iteration 760 / LogL: -1090.233 / Time: 0h:0m:0s (0h:0m:0s left)
Iteration 770 / LogL: -1090.233 / Time: 0h:0m:0s (0h:0m:0s left)
Iteration 780 / LogL: -1090.233 / Time: 0h:0m:0s (0h:0m:0s left)
Iteration 790 / LogL: -1090.233 / Time: 0h:0m:0s (0h:0m:0s left)
Iteration 800 / LogL: -1090.233 / Time: 0h:0m:0s (0h:0m:0s left)
Iteration 810 / LogL: -1090.233 / Time: 0h:0m:0s (0h:0m:0s left)
TREE SEARCH COMPLETED AFTER 815 ITERATIONS / Time: 0h:0m:0s

--------------------------------------------------------------------
|                    FINALIZING TREE SEARCH                        |
--------------------------------------------------------------------
Performs final model parameters optimization
Estimate model parameters (epsilon = 0.010)
1. Initial log-likelihood: -1090.233
Optimal log-likelihood: -1090.233
Rate parameters:  A-C: 1.44982  A-G: 3.54864  A-T: 2.21347  C-G: 0.76563  C-T: 4.82852  G-T: 1.00000
Base frequencies:  A: 0.281  C: 0.220  G: 0.204  T: 0.294
Proportion of invariable sites: 0.202
Gamma shape alpha: 1.037
Parameters optimization took 1 rounds (0.000 sec)
BEST SCORE FOUND : -1090.233
Total tree length: 0.254

Total number of iterations: 815
CPU time used for tree search: 0.481 sec (0h:0m:0s)
Wall-clock time used for tree search: 0.499 sec (0h:0m:0s)
Total CPU time used: 0.500 sec (0h:0m:0s)
Total wall-clock time used: 0.520 sec (0h:0m:0s)

Analysis results written to: 
  IQ-TREE report:                /home/ha/Code/final_thesis/data_phylov2/precompute/22/22_infer.iqtree
  Maximum-likelihood tree:       /home/ha/Code/final_thesis/data_phylov2/precompute/22/22_infer.treefile
  Screen log file:               /home/ha/Code/final_thesis/data_phylov2/precompute/22/22_infer.log

Date and Time: Sat May 16 11:52:20 2026
